******************************************************************************
             TMS320C2000 Linker PC v22.6.0                     
******************************************************************************
>> Linked Tue Jun 13 16:11:07 2023

OUTPUT FILE NAME:   <empty_driverlib_project.out>
ENTRY POINT SYMBOL: "code_start"  address: 00000000


MEMORY CONFIGURATION

         name            origin    length      used     unused   attr    fill
----------------------  --------  ---------  --------  --------  ----  --------
PAGE 0:
  BEGIN                 00000000   00000002  00000002  00000000  RWIX
  RAMM0                 00000123   000002dd  00000020  000002bd  RWIX
  RAMLS0                00008000   00000800  00000800  00000000  RWIX
  RAMLS1                00008800   00000800  000002a2  0000055e  RWIX
  RAMLS2                00009000   00000800  00000000  00000800  RWIX
  RAMLS3                00009800   00000800  00000000  00000800  RWIX
  RAMLS4                0000a000   00000800  00000000  00000800  RWIX
  RAMD0                 0000b000   00000800  00000800  00000000  RWIX
  FLASHA                00080002   00001ffe  00000000  00001ffe  RWIX
  FLASHB                00082000   00002000  00000000  00002000  RWIX
  FLASHC                00084000   00002000  00000000  00002000  RWIX
  FLASHD                00086000   00002000  00000000  00002000  RWIX
  FLASHE                00088000   00008000  00000000  00008000  RWIX
  FLASHF                00090000   00008000  00000000  00008000  RWIX
  FLASHG                00098000   00008000  00000000  00008000  RWIX
  FLASHH                000a0000   00008000  00000000  00008000  RWIX
  FLASHI                000a8000   00008000  00000000  00008000  RWIX
  FLASHJ                000b0000   00008000  00000000  00008000  RWIX
  FLASHK                000b8000   00002000  00000000  00002000  RWIX
  FLASHL                000ba000   00002000  00000000  00002000  RWIX
  FLASHM                000bc000   00002000  00000000  00002000  RWIX
  FLASHN                000be000   00001ff0  00000000  00001ff0  RWIX
  RESET                 003fffc0   00000002  00000000  00000002  RWIX

PAGE 1:
  BOOT_RSVD             00000002   00000121  00000000  00000121  RWIX
  RAMM1                 00000400   000003f8  00000100  000002f8  RWIX
  RAMLS5                0000a800   00000800  0000043e  000003c2  RWIX
  RAMD1                 0000b800   00000800  00000000  00000800  RWIX
  RAMGS0                0000c000   00001000  00000000  00001000  RWIX
  RAMGS1                0000d000   00001000  00000000  00001000  RWIX
  RAMGS2                0000e000   00001000  00000000  00001000  RWIX
  RAMGS3                0000f000   00001000  00000000  00001000  RWIX
  RAMGS4                00010000   00001000  00000000  00001000  RWIX
  RAMGS5                00011000   00001000  00000000  00001000  RWIX
  RAMGS6                00012000   00001000  00000000  00001000  RWIX
  RAMGS7                00013000   00001000  00000000  00001000  RWIX
  RAMGS8                00014000   00001000  00000000  00001000  RWIX
  RAMGS9                00015000   00001000  00000000  00001000  RWIX
  RAMGS10               00016000   00001000  00000000  00001000  RWIX
  RAMGS11               00017000   00001000  00000000  00001000  RWIX
  RAMGS12               00018000   00001000  00000000  00001000  RWIX
  RAMGS13               00019000   00001000  00000000  00001000  RWIX
  RAMGS14               0001a000   00001000  00000000  00001000  RWIX
  RAMGS15               0001b000   00000ff8  00000000  00000ff8  RWIX
  CPU2TOCPU1RAM         0003f800   00000400  00000000  00000400  RWIX
  CPU1TOCPU2RAM         0003fc00   00000400  00000000  00000400  RWIX
  CANA_MSG_RAM          00049000   00000800  00000000  00000800  RWIX
  CANB_MSG_RAM          0004b000   00000800  00000000  00000800  RWIX


SECTION ALLOCATION MAP

 output                                  attributes/
section   page    origin      length       input sections
--------  ----  ----------  ----------   ----------------
codestart 
*          0    00000000    00000002     
                  00000000    00000002     F2837xD_CodeStartBranch.obj (codestart)

.cinit     0    00000128    0000001c     
                  00000128    0000000a     (.cinit..data.load) [load image, compression = lzss]
                  00000132    00000006     (__TI_handler_table)
                  00000138    00000004     (.cinit..bss.load) [load image, compression = zero_init]
                  0000013c    00000008     (__TI_cinit_table)

.reset     0    003fffc0    00000000     DSECT

.stack     1    00000400    00000100     UNINITIALIZED
                  00000400    00000100     --HOLE--

.bss       1    0000ac2b    00000001     UNINITIALIZED
                  0000ac2b    00000001     empty_driverlib_main.obj (.bss)

.init_array 
*          0    00000123    00000000     UNINITIALIZED

.const     1    0000a800    0000042b     
                  0000a800    000000c2     driverlib_eabi.lib : sysctl.obj (.const:.string)
                  0000a8c2    000000bc                        : gpio.obj (.const:.string)
                  0000a97e    000000bb                        : sci.obj (.const:.string)
                  0000aa39    00000001     --HOLE-- [fill = 0]
                  0000aa3a    000000ab     empty_driverlib_main.obj (.const:.string)
                  0000aae5    00000001     --HOLE-- [fill = 0]
                  0000aae6    00000062     driverlib_eabi.lib : cputimer.obj (.const:.string)
                  0000ab48    00000048     cpu_timer.obj (.const:.string)
                  0000ab90    00000044     encoder.obj (.const:.string)
                  0000abd4    00000043     sci_init.obj (.const:.string)
                  0000ac17    00000001     --HOLE-- [fill = 0]
                  0000ac18    00000013     device.obj (.const:.string)

.data      1    0000ac2c    00000012     UNINITIALIZED
                  0000ac2c    00000006     device.obj (.data)
                  0000ac32    00000006     rts2800_fpu32_eabi.lib : exit.c.obj (.data)
                  0000ac38    00000002                            : _lock.c.obj (.data:_lock)
                  0000ac3a    00000002                            : _lock.c.obj (.data:_unlock)
                  0000ac3c    00000002     empty_driverlib_main.obj (.data)

.TI.ramfunc 
*          0    00000123    00000004     
                  00000123    00000004     driverlib_eabi.lib : sysctl.obj (.TI.ramfunc)

GETBUFFER 
*          0    0003f800    00000000     DSECT

GETWRITEIDX 
*          0    0003f800    00000000     DSECT

PUTREADIDX 
*          0    0003f800    00000000     DSECT

.text.1    0    00008000    00000800     
                  00008000    00000141     encoder.obj (.text)
                  00008141    000000f8     empty_driverlib_main.obj (.text)
                  00008239    000000c1     cpu_timer.obj (.text)
                  000082fa    0000008a     driverlib_eabi.lib : sysctl.obj (.text:SysCtl_selectXTAL)
                  00008384    00000088     rts2800_fpu32_eabi.lib : fs_div28.asm.obj (.text)
                  0000840c    00000082     empty_driverlib_main.obj (.text:retain)
                  0000848e    00000068     driverlib_eabi.lib : sysctl.obj (.text:SysCtl_getDeviceParametric)
                  000084f6    00000051                        : sysctl.obj (.text:SysCtl_getClock)
                  00008547    00000048                        : sysctl.obj (.text:SysCtl_selectOscSource)
                  0000858f    00000045                        : sci.obj (.text:SCI_clearInterruptStatus)
                  000085d4    00000041                        : sci.obj (.text:SCI_writeCharArray)
                  00008615    0000003e                        : sci.obj (.text:SCI_setConfig)
                  00008653    0000003d                        : interrupt.obj (.text:Interrupt_initModule)
                  00008690    00000037                        : gpio.obj (.text:GPIO_setControllerCore)
                  000086c7    00000037                        : gpio.obj (.text:GPIO_setPinConfig)
                  000086fe    00000037                        : gpio.obj (.text:GPIO_setQualificationMode)
                  00008735    00000037                        : interrupt.obj (.text:Interrupt_enable)
                  0000876c    00000031                        : gpio.obj (.text:GPIO_setDirectionMode)
                  0000879d    0000002e     rts2800_fpu32_eabi.lib : copy_decompress_lzss.c.obj (.text:decompress:lzss)
                  000087cb    0000002b                            : autoinit.c.obj (.text:__TI_auto_init_nobinit_nopinit)
                  000087f6    00000009     driverlib_eabi.lib : sysctl.obj (.text:SysCtl_serviceWatchdog)
                  000087ff    00000001     rts2800_fpu32_eabi.lib : startup.c.obj (.text)

.text.2    0    00008800    000002a2     
                  00008800    00000029     rts2800_fpu32_eabi.lib : exit.c.obj (.text)
                  00008829    00000021     driverlib_eabi.lib : sysctl.obj (.text:CPUTimer_selectClockSource)
                  0000884a    00000020                        : sci.obj (.text:SCI_isFIFOEnabled)
                  0000886a    0000001f                        : sysctl.obj (.text:CPUTimer_getTimerOverflowStatus)
                  00008889    0000001e                        : interrupt.obj (.text:Interrupt_initVectorTable)
                  000088a7    0000001d     rts2800_fpu32_eabi.lib : memcpy.c.obj (.text)
                  000088c4    0000001b     driverlib_eabi.lib : sci.obj (.text:SCI_isBaseValid)
                  000088df    0000001a                        : sysctl.obj (.text:CPUTimer_startTimer)
                  000088f9    0000001a                        : sci.obj (.text:SCI_isSpaceAvailableNonFIFO)
                  00008913    0000001a                        : sysctl.obj (.text:SysCtl_getLowSpeedClock)
                  0000892d    00000018                        : sci.obj (.text:SCI_disableModule)
                  00008945    00000018                        : sci.obj (.text:SCI_performSoftwareReset)
                  0000895d    00000017                        : cputimer.obj (.text:CPUTimer_isBaseValid)
                  00008974    00000017                        : sysctl.obj (.text:CPUTimer_isBaseValid)
                  0000898b    00000017     rts2800_fpu32_eabi.lib : boot28.asm.obj (.text)
                  000089a2    00000014     driverlib_eabi.lib : sysctl.obj (.text:CPUTimer_stopTimer)
                  000089b6    00000014                        : sci.obj (.text:SCI_getTxFIFOStatus)
                  000089ca    00000013                        : cputimer.obj (.text:CPUTimer_setEmulationMode)
                  000089dd    00000013                        : sci.obj (.text:SCI_enableModule)
                  000089f0    00000012                        : sysctl.obj (.text:CPUTimer_disableInterrupt)
                  00008a02    00000011                        : sysctl.obj (.text:CPUTimer_setPeriod)
                  00008a13    0000000f                        : sysctl.obj (.text:SysCtl_pollCpuTimer)
                  00008a22    0000000e                        : gpio.obj (.text:GPIO_isPinValid)
                  00008a30    0000000e                        : interrupt.obj (.text:Interrupt_defaultHandler)
                  00008a3e    0000000d                        : interrupt.obj (.text:Interrupt_disableGlobal)
                  00008a4b    0000000d                        : interrupt.obj (.text:Interrupt_enableGlobal)
                  00008a58    0000000d     rts2800_fpu32_eabi.lib : copy_zero_init.c.obj (.text:decompress:ZI:__TI_zero_init_nomemset)
                  00008a65    0000000c                            : args_main.c.obj (.text)
                  00008a71    0000000b     driverlib_eabi.lib : sysctl.obj (.text:SysCtl_isMCDClockFailureDetected)
                  00008a7c    00000009     rts2800_fpu32_eabi.lib : _lock.c.obj (.text)
                  00008a85    00000008     F2837xD_CodeStartBranch.obj (.text)
                  00008a8d    00000008     rts2800_fpu32_eabi.lib : copy_decompress_none.c.obj (.text:decompress:none)
                  00008a95    00000007     driverlib_eabi.lib : sysctl.obj (.text:SysCtl_resetMCD)
                  00008a9c    00000002                        : interrupt.obj (.text:Interrupt_illegalOperationHandler)
                  00008a9e    00000002                        : interrupt.obj (.text:Interrupt_nmiHandler)
                  00008aa0    00000002     rts2800_fpu32_eabi.lib : pre_init.c.obj (.text)

.text.3    0    0000b000    00000800     
                  0000b000    000003fc     device.obj (.text)
                  0000b3fc    00000206     driverlib_eabi.lib : sysctl.obj (.text:SysCtl_setClock)
                  0000b602    0000019a     sci_init.obj (.text)
                  0000b79c    00000052     driverlib_eabi.lib : gpio.obj (.text:GPIO_setPadConfig)
                  0000b7ee    00000012                        : sysctl.obj (.text:CPUTimer_clearOverflowFlag)

MODULE SUMMARY

       Module                        code   ro data   rw data
       ------                        ----   -------   -------
    .\
       empty_driverlib_main.obj      378    171       3      
       sci_init.obj                  410    67        0      
       encoder.obj                   321    68        0      
       cpu_timer.obj                 193    72        0      
    +--+-----------------------------+------+---------+---------+
       Total:                        1302   378       3      
                                                             
    .\device\
       device.obj                    1020   19        6      
       F2837xD_CodeStartBranch.obj   10     0         0      
    +--+-----------------------------+------+---------+---------+
       Total:                        1030   19        6      
                                                             
    C:\ti\c2000\C2000Ware_4_03_00_00\driverlib\f2837xd\driverlib\ccs\Debug\driverlib_eabi.lib
       sysctl.obj                    1171   194       0      
       sci.obj                       368    187       0      
       gpio.obj                      310    188       0      
       interrupt.obj                 190    0         0      
       cputimer.obj                  42     98        0      
    +--+-----------------------------+------+---------+---------+
       Total:                        2081   667       0      
                                                             
    C:\ti\ccs1230\ccs\tools\compiler\ti-cgt-c2000_22.6.0.LTS\lib\rts2800_fpu32_eabi.lib
       fs_div28.asm.obj              136    0         0      
       exit.c.obj                    41     0         6      
       copy_decompress_lzss.c.obj    46     0         0      
       autoinit.c.obj                43     0         0      
       memcpy.c.obj                  29     0         0      
       boot28.asm.obj                23     0         0      
       _lock.c.obj                   9      0         4      
       copy_zero_init.c.obj          13     0         0      
       args_main.c.obj               12     0         0      
       copy_decompress_none.c.obj    8      0         0      
       pre_init.c.obj                2      0         0      
       startup.c.obj                 1      0         0      
    +--+-----------------------------+------+---------+---------+
       Total:                        363    0         10     
                                                             
       Stack:                        0      0         256    
       Linker Generated:             0      28        0      
    +--+-----------------------------+------+---------+---------+
       Grand Total:                  4776   1092      275    


LINKER GENERATED COPY TABLES

__TI_cinit_table @ 0000013c records: 2, size/record: 4, table size: 8
	.data: load addr=00000128, load size=0000000a bytes, run addr=0000ac2c, run size=00000012 bytes, compression=lzss
	.bss: load addr=00000138, load size=00000004 bytes, run addr=0000ac2b, run size=00000001 bytes, compression=zero_init


LINKER GENERATED HANDLER TABLE

__TI_handler_table @ 00000132 records: 3, size/record: 2, table size: 6
	index: 0, handler: __TI_zero_init
	index: 1, handler: __TI_decompress_lzss
	index: 2, handler: __TI_decompress_none


GLOBAL DATA SYMBOLS: SORTED BY DATA PAGE

address     data page           name
--------    ----------------    ----
00000400      10 (00000400)     __stack

0000ac2b     2b0 (0000ac00)     cpuTimer0IntCount
0000ac2c     2b0 (0000ac00)     Example_Result
0000ac2e     2b0 (0000ac00)     Example_PassCount
0000ac30     2b0 (0000ac00)     Example_Fail
0000ac32     2b0 (0000ac00)     __TI_enable_exit_profile_output
0000ac34     2b0 (0000ac00)     __TI_cleanup_ptr
0000ac36     2b0 (0000ac00)     __TI_dtors_ptr
0000ac38     2b0 (0000ac00)     _lock
0000ac3a     2b0 (0000ac00)     _unlock
0000ac3c     2b0 (0000ac00)     prev_pos


GLOBAL SYMBOLS: SORTED ALPHABETICALLY BY Name 

page  address   name                                     
----  -------   ----                                     
0     00008800  C$$EXIT                                  
0     000089ca  CPUTimer_setEmulationMode                
0     0000b270  Device_bootCPU2                          
0     0000b23f  Device_configureTMXAnalogTrim            
0     0000b0ed  Device_enableAllPeripherals              
0     0000b229  Device_enableUnbondedGPIOPullups         
0     0000b20c  Device_enableUnbondedGPIOPullupsFor100Pin
0     0000b1f9  Device_enableUnbondedGPIOPullupsFor176Pin
0     0000b0ab  Device_init                              
0     0000b1d8  Device_initGPIO                          
1     0000ac30  Example_Fail                             
1     0000ac2e  Example_PassCount                        
1     0000ac2c  Example_Result                           
0     0000b3fb  Example_done                             
0     0000b3f6  Example_setResultFail                    
0     0000b3f1  Example_setResultPass                    
0     00008690  GPIO_setControllerCore                   
0     0000876c  GPIO_setDirectionMode                    
0     0000b79c  GPIO_setPadConfig                        
0     000086c7  GPIO_setPinConfig                        
0     000086fe  GPIO_setQualificationMode                
0     00008735  Interrupt_enable                         
0     00008653  Interrupt_initModule                     
0     00008889  Interrupt_initVectorTable                
0     0000b6f7  PinMux_init                              
0     0000810e  Pin_EQEP                                 
0     0000858f  SCI_clearInterruptStatus                 
0     0000b716  SCI_init                                 
0     00008615  SCI_setConfig                            
0     000085d4  SCI_writeCharArray                       
0     00000123  SysCtl_delay                             
0     000084f6  SysCtl_getClock                          
0     0000848e  SysCtl_getDeviceParametric               
0     00008913  SysCtl_getLowSpeedClock                  
0     00008547  SysCtl_selectOscSource                   
0     000082fa  SysCtl_selectXTAL                        
0     0000b3fc  SysCtl_setClock                          
0     0000013c  __TI_CINIT_Base                          
0     00000144  __TI_CINIT_Limit                         
0     00000144  __TI_CINIT_Warm                          
0     00000132  __TI_Handler_Table_Base                  
0     00000138  __TI_Handler_Table_Limit                 
1     00000500  __TI_STACK_END                           
abs   00000100  __TI_STACK_SIZE                          
0     000087cb  __TI_auto_init_nobinit_nopinit           
1     0000ac34  __TI_cleanup_ptr                         
0     0000879d  __TI_decompress_lzss                     
0     00008a8d  __TI_decompress_none                     
1     0000ac36  __TI_dtors_ptr                           
1     0000ac32  __TI_enable_exit_profile_output          
abs   ffffffff  __TI_pprof_out_hndl                      
abs   ffffffff  __TI_prof_data_size                      
abs   ffffffff  __TI_prof_data_start                     
0     00008a58  __TI_zero_init_nomemset                  
0     00008384  __c28xabi_divf                           
n/a   UNDEFED   __c_args__                               
0     0000b3ea  __error__                                
1     00000400  __stack                                  
0     00008a65  _args_main                               
0     0000898b  _c_int00                                 
1     0000ac38  _lock                                    
0     00008a84  _nop                                     
0     00008a80  _register_lock                           
0     00008a7c  _register_unlock                         
0     000087ff  _system_post_cinit                       
0     00008aa0  _system_pre_init                         
1     0000ac3a  _unlock                                  
0     00008800  abort                                    
0     000081dc  calculateSpeed                           
0     00000000  code_start                               
0     000082cc  configCPUTimer                           
0     0000840c  cpuTimer0ISR                             
1     0000ac2b  cpuTimer0IntCount                        
0     00008802  exit                                     
0     000082b5  initCPUTimers                            
0     0000b756  intToStrPositive                         
0     00008206  main                                     
0     000088a7  memcpy                                   
0     0000b719  mySCI0_init                              
1     0000ac3c  prev_pos                                 
0     000080de  setupEQEPModule                          


GLOBAL SYMBOLS: SORTED BY Symbol Address 

page  address   name                                     
----  -------   ----                                     
0     00000000  code_start                               
0     00000123  SysCtl_delay                             
0     00000132  __TI_Handler_Table_Base                  
0     00000138  __TI_Handler_Table_Limit                 
0     0000013c  __TI_CINIT_Base                          
0     00000144  __TI_CINIT_Limit                         
0     00000144  __TI_CINIT_Warm                          
0     000080de  setupEQEPModule                          
0     0000810e  Pin_EQEP                                 
0     000081dc  calculateSpeed                           
0     00008206  main                                     
0     000082b5  initCPUTimers                            
0     000082cc  configCPUTimer                           
0     000082fa  SysCtl_selectXTAL                        
0     00008384  __c28xabi_divf                           
0     0000840c  cpuTimer0ISR                             
0     0000848e  SysCtl_getDeviceParametric               
0     000084f6  SysCtl_getClock                          
0     00008547  SysCtl_selectOscSource                   
0     0000858f  SCI_clearInterruptStatus                 
0     000085d4  SCI_writeCharArray                       
0     00008615  SCI_setConfig                            
0     00008653  Interrupt_initModule                     
0     00008690  GPIO_setControllerCore                   
0     000086c7  GPIO_setPinConfig                        
0     000086fe  GPIO_setQualificationMode                
0     00008735  Interrupt_enable                         
0     0000876c  GPIO_setDirectionMode                    
0     0000879d  __TI_decompress_lzss                     
0     000087cb  __TI_auto_init_nobinit_nopinit           
0     000087ff  _system_post_cinit                       
0     00008800  C$$EXIT                                  
0     00008800  abort                                    
0     00008802  exit                                     
0     00008889  Interrupt_initVectorTable                
0     000088a7  memcpy                                   
0     00008913  SysCtl_getLowSpeedClock                  
0     0000898b  _c_int00                                 
0     000089ca  CPUTimer_setEmulationMode                
0     00008a58  __TI_zero_init_nomemset                  
0     00008a65  _args_main                               
0     00008a7c  _register_unlock                         
0     00008a80  _register_lock                           
0     00008a84  _nop                                     
0     00008a8d  __TI_decompress_none                     
0     00008aa0  _system_pre_init                         
0     0000b0ab  Device_init                              
0     0000b0ed  Device_enableAllPeripherals              
0     0000b1d8  Device_initGPIO                          
0     0000b1f9  Device_enableUnbondedGPIOPullupsFor176Pin
0     0000b20c  Device_enableUnbondedGPIOPullupsFor100Pin
0     0000b229  Device_enableUnbondedGPIOPullups         
0     0000b23f  Device_configureTMXAnalogTrim            
0     0000b270  Device_bootCPU2                          
0     0000b3ea  __error__                                
0     0000b3f1  Example_setResultPass                    
0     0000b3f6  Example_setResultFail                    
0     0000b3fb  Example_done                             
0     0000b3fc  SysCtl_setClock                          
0     0000b6f7  PinMux_init                              
0     0000b716  SCI_init                                 
0     0000b719  mySCI0_init                              
0     0000b756  intToStrPositive                         
0     0000b79c  GPIO_setPadConfig                        
1     00000400  __stack                                  
1     00000500  __TI_STACK_END                           
1     0000ac2b  cpuTimer0IntCount                        
1     0000ac2c  Example_Result                           
1     0000ac2e  Example_PassCount                        
1     0000ac30  Example_Fail                             
1     0000ac32  __TI_enable_exit_profile_output          
1     0000ac34  __TI_cleanup_ptr                         
1     0000ac36  __TI_dtors_ptr                           
1     0000ac38  _lock                                    
1     0000ac3a  _unlock                                  
1     0000ac3c  prev_pos                                 
abs   00000100  __TI_STACK_SIZE                          
abs   ffffffff  __TI_pprof_out_hndl                      
abs   ffffffff  __TI_prof_data_size                      
abs   ffffffff  __TI_prof_data_start                     
n/a   UNDEFED   __c_args__                               

[81 symbols]
