<?xml version="1.0" encoding="ISO-8859-1" ?>
<link_info>
   <banner>TMS320C2000 Linker PC v22.6.0.LTS</banner>
   <copyright>Copyright (c) 1996-2018 Texas Instruments Incorporated</copyright>
   <link_time>0x64930a10</link_time>
   <link_errors>0x0</link_errors>
   <output_file>final_project.out</output_file>
   <entry_point>
      <name>code_start</name>
      <address>0x0</address>
   </entry_point>
   <input_file_list>
      <input_file id="fl-2">
         <path>.\</path>
         <kind>object</kind>
         <file>clark.obj</file>
         <name>clark.obj</name>
      </input_file>
      <input_file id="fl-3">
         <path>.\</path>
         <kind>object</kind>
         <file>cpu_timer.obj</file>
         <name>cpu_timer.obj</name>
      </input_file>
      <input_file id="fl-4">
         <path>.\</path>
         <kind>object</kind>
         <file>current_sensing.obj</file>
         <name>current_sensing.obj</name>
      </input_file>
      <input_file id="fl-5">
         <path>.\</path>
         <kind>object</kind>
         <file>empty_driverlib_main.obj</file>
         <name>empty_driverlib_main.obj</name>
      </input_file>
      <input_file id="fl-6">
         <path>.\</path>
         <kind>object</kind>
         <file>encoder.obj</file>
         <name>encoder.obj</name>
      </input_file>
      <input_file id="fl-7">
         <path>.\</path>
         <kind>object</kind>
         <file>park.obj</file>
         <name>park.obj</name>
      </input_file>
      <input_file id="fl-8">
         <path>.\</path>
         <kind>object</kind>
         <file>pid.obj</file>
         <name>pid.obj</name>
      </input_file>
      <input_file id="fl-9">
         <path>.\</path>
         <kind>object</kind>
         <file>pwm.obj</file>
         <name>pwm.obj</name>
      </input_file>
      <input_file id="fl-a">
         <path>.\</path>
         <kind>object</kind>
         <file>sci_init.obj</file>
         <name>sci_init.obj</name>
      </input_file>
      <input_file id="fl-b">
         <path>.\device\</path>
         <kind>object</kind>
         <file>F2837xD_CodeStartBranch.obj</file>
         <name>F2837xD_CodeStartBranch.obj</name>
      </input_file>
      <input_file id="fl-c">
         <path>.\device\</path>
         <kind>object</kind>
         <file>device.obj</file>
         <name>device.obj</name>
      </input_file>
      <input_file id="fl-11">
         <kind>object</kind>
         <file>&lt;internal&gt;</file>
         <name>&lt;internal&gt;</name>
      </input_file>
      <input_file id="fl-15">
         <path>C:\ti\c2000\C2000Ware_4_03_00_00\driverlib\f2837xd\driverlib\ccs\Debug\</path>
         <kind>archive</kind>
         <file>driverlib_eabi.lib</file>
         <name>cputimer.obj</name>
      </input_file>
      <input_file id="fl-16">
         <path>C:\ti\c2000\C2000Ware_4_03_00_00\driverlib\f2837xd\driverlib\ccs\Debug\</path>
         <kind>archive</kind>
         <file>driverlib_eabi.lib</file>
         <name>gpio.obj</name>
      </input_file>
      <input_file id="fl-17">
         <path>C:\ti\c2000\C2000Ware_4_03_00_00\driverlib\f2837xd\driverlib\ccs\Debug\</path>
         <kind>archive</kind>
         <file>driverlib_eabi.lib</file>
         <name>interrupt.obj</name>
      </input_file>
      <input_file id="fl-18">
         <path>C:\ti\c2000\C2000Ware_4_03_00_00\driverlib\f2837xd\driverlib\ccs\Debug\</path>
         <kind>archive</kind>
         <file>driverlib_eabi.lib</file>
         <name>sci.obj</name>
      </input_file>
      <input_file id="fl-19">
         <path>C:\ti\c2000\C2000Ware_4_03_00_00\driverlib\f2837xd\driverlib\ccs\Debug\</path>
         <kind>archive</kind>
         <file>driverlib_eabi.lib</file>
         <name>sysctl.obj</name>
      </input_file>
      <input_file id="fl-25">
         <path>C:\ti\ccs1230\ccs\tools\compiler\ti-cgt-c2000_22.6.0.LTS\lib\</path>
         <kind>archive</kind>
         <file>rts2800_fpu32_eabi.lib</file>
         <name>s_cos.c.obj</name>
      </input_file>
      <input_file id="fl-26">
         <path>C:\ti\ccs1230\ccs\tools\compiler\ti-cgt-c2000_22.6.0.LTS\lib\</path>
         <kind>archive</kind>
         <file>rts2800_fpu32_eabi.lib</file>
         <name>s_sin.c.obj</name>
      </input_file>
      <input_file id="fl-27">
         <path>C:\ti\ccs1230\ccs\tools\compiler\ti-cgt-c2000_22.6.0.LTS\lib\</path>
         <kind>archive</kind>
         <file>rts2800_fpu32_eabi.lib</file>
         <name>boot28.asm.obj</name>
      </input_file>
      <input_file id="fl-28">
         <path>C:\ti\ccs1230\ccs\tools\compiler\ti-cgt-c2000_22.6.0.LTS\lib\</path>
         <kind>archive</kind>
         <file>rts2800_fpu32_eabi.lib</file>
         <name>fd_neg28.asm.obj</name>
      </input_file>
      <input_file id="fl-29">
         <path>C:\ti\ccs1230\ccs\tools\compiler\ti-cgt-c2000_22.6.0.LTS\lib\</path>
         <kind>archive</kind>
         <file>rts2800_fpu32_eabi.lib</file>
         <name>fd_sub28.asm.obj</name>
      </input_file>
      <input_file id="fl-2a">
         <path>C:\ti\ccs1230\ccs\tools\compiler\ti-cgt-c2000_22.6.0.LTS\lib\</path>
         <kind>archive</kind>
         <file>rts2800_fpu32_eabi.lib</file>
         <name>fd_toi28.asm.obj</name>
      </input_file>
      <input_file id="fl-2b">
         <path>C:\ti\ccs1230\ccs\tools\compiler\ti-cgt-c2000_22.6.0.LTS\lib\</path>
         <kind>archive</kind>
         <file>rts2800_fpu32_eabi.lib</file>
         <name>fs_div28.asm.obj</name>
      </input_file>
      <input_file id="fl-2c">
         <path>C:\ti\ccs1230\ccs\tools\compiler\ti-cgt-c2000_22.6.0.LTS\lib\</path>
         <kind>archive</kind>
         <file>rts2800_fpu32_eabi.lib</file>
         <name>ll_cmp28.asm.obj</name>
      </input_file>
      <input_file id="fl-2d">
         <path>C:\ti\ccs1230\ccs\tools\compiler\ti-cgt-c2000_22.6.0.LTS\lib\</path>
         <kind>archive</kind>
         <file>rts2800_fpu32_eabi.lib</file>
         <name>fs_tofdfpu32.asm.obj</name>
      </input_file>
      <input_file id="fl-2e">
         <path>C:\ti\ccs1230\ccs\tools\compiler\ti-cgt-c2000_22.6.0.LTS\lib\</path>
         <kind>archive</kind>
         <file>rts2800_fpu32_eabi.lib</file>
         <name>fd_tofsfpu32.asm.obj</name>
      </input_file>
      <input_file id="fl-2f">
         <path>C:\ti\ccs1230\ccs\tools\compiler\ti-cgt-c2000_22.6.0.LTS\lib\</path>
         <kind>archive</kind>
         <file>rts2800_fpu32_eabi.lib</file>
         <name>pre_init.c.obj</name>
      </input_file>
      <input_file id="fl-30">
         <path>C:\ti\ccs1230\ccs\tools\compiler\ti-cgt-c2000_22.6.0.LTS\lib\</path>
         <kind>archive</kind>
         <file>rts2800_fpu32_eabi.lib</file>
         <name>autoinit.c.obj</name>
      </input_file>
      <input_file id="fl-31">
         <path>C:\ti\ccs1230\ccs\tools\compiler\ti-cgt-c2000_22.6.0.LTS\lib\</path>
         <kind>archive</kind>
         <file>rts2800_fpu32_eabi.lib</file>
         <name>copy_zero_init.c.obj</name>
      </input_file>
      <input_file id="fl-32">
         <path>C:\ti\ccs1230\ccs\tools\compiler\ti-cgt-c2000_22.6.0.LTS\lib\</path>
         <kind>archive</kind>
         <file>rts2800_fpu32_eabi.lib</file>
         <name>copy_decompress_none.c.obj</name>
      </input_file>
      <input_file id="fl-33">
         <path>C:\ti\ccs1230\ccs\tools\compiler\ti-cgt-c2000_22.6.0.LTS\lib\</path>
         <kind>archive</kind>
         <file>rts2800_fpu32_eabi.lib</file>
         <name>copy_decompress_lzss.c.obj</name>
      </input_file>
      <input_file id="fl-34">
         <path>C:\ti\ccs1230\ccs\tools\compiler\ti-cgt-c2000_22.6.0.LTS\lib\</path>
         <kind>archive</kind>
         <file>rts2800_fpu32_eabi.lib</file>
         <name>e_rem_pio2.c.obj</name>
      </input_file>
      <input_file id="fl-35">
         <path>C:\ti\ccs1230\ccs\tools\compiler\ti-cgt-c2000_22.6.0.LTS\lib\</path>
         <kind>archive</kind>
         <file>rts2800_fpu32_eabi.lib</file>
         <name>k_rem_pio2.c.obj</name>
      </input_file>
      <input_file id="fl-36">
         <path>C:\ti\ccs1230\ccs\tools\compiler\ti-cgt-c2000_22.6.0.LTS\lib\</path>
         <kind>archive</kind>
         <file>rts2800_fpu32_eabi.lib</file>
         <name>exit.c.obj</name>
      </input_file>
      <input_file id="fl-37">
         <path>C:\ti\ccs1230\ccs\tools\compiler\ti-cgt-c2000_22.6.0.LTS\lib\</path>
         <kind>archive</kind>
         <file>rts2800_fpu32_eabi.lib</file>
         <name>_lock.c.obj</name>
      </input_file>
      <input_file id="fl-38">
         <path>C:\ti\ccs1230\ccs\tools\compiler\ti-cgt-c2000_22.6.0.LTS\lib\</path>
         <kind>archive</kind>
         <file>rts2800_fpu32_eabi.lib</file>
         <name>args_main.c.obj</name>
      </input_file>
      <input_file id="fl-39">
         <path>C:\ti\ccs1230\ccs\tools\compiler\ti-cgt-c2000_22.6.0.LTS\lib\</path>
         <kind>archive</kind>
         <file>rts2800_fpu32_eabi.lib</file>
         <name>memset.c.obj</name>
      </input_file>
      <input_file id="fl-3a">
         <path>C:\ti\ccs1230\ccs\tools\compiler\ti-cgt-c2000_22.6.0.LTS\lib\</path>
         <kind>archive</kind>
         <file>rts2800_fpu32_eabi.lib</file>
         <name>k_cos.c.obj</name>
      </input_file>
      <input_file id="fl-3b">
         <path>C:\ti\ccs1230\ccs\tools\compiler\ti-cgt-c2000_22.6.0.LTS\lib\</path>
         <kind>archive</kind>
         <file>rts2800_fpu32_eabi.lib</file>
         <name>k_sin.c.obj</name>
      </input_file>
      <input_file id="fl-3c">
         <path>C:\ti\ccs1230\ccs\tools\compiler\ti-cgt-c2000_22.6.0.LTS\lib\</path>
         <kind>archive</kind>
         <file>rts2800_fpu32_eabi.lib</file>
         <name>s_floor.c.obj</name>
      </input_file>
      <input_file id="fl-3d">
         <path>C:\ti\ccs1230\ccs\tools\compiler\ti-cgt-c2000_22.6.0.LTS\lib\</path>
         <kind>archive</kind>
         <file>rts2800_fpu32_eabi.lib</file>
         <name>s_scalbn.c.obj</name>
      </input_file>
      <input_file id="fl-3e">
         <path>C:\ti\ccs1230\ccs\tools\compiler\ti-cgt-c2000_22.6.0.LTS\lib\</path>
         <kind>archive</kind>
         <file>rts2800_fpu32_eabi.lib</file>
         <name>s_copysign.c.obj</name>
      </input_file>
      <input_file id="fl-3f">
         <path>C:\ti\ccs1230\ccs\tools\compiler\ti-cgt-c2000_22.6.0.LTS\lib\</path>
         <kind>archive</kind>
         <file>rts2800_fpu32_eabi.lib</file>
         <name>fd_add28.asm.obj</name>
      </input_file>
      <input_file id="fl-40">
         <path>C:\ti\ccs1230\ccs\tools\compiler\ti-cgt-c2000_22.6.0.LTS\lib\</path>
         <kind>archive</kind>
         <file>rts2800_fpu32_eabi.lib</file>
         <name>fd_cmp28.asm.obj</name>
      </input_file>
      <input_file id="fl-41">
         <path>C:\ti\ccs1230\ccs\tools\compiler\ti-cgt-c2000_22.6.0.LTS\lib\</path>
         <kind>archive</kind>
         <file>rts2800_fpu32_eabi.lib</file>
         <name>fd_mpy28.asm.obj</name>
      </input_file>
      <input_file id="fl-42">
         <path>C:\ti\ccs1230\ccs\tools\compiler\ti-cgt-c2000_22.6.0.LTS\lib\</path>
         <kind>archive</kind>
         <file>rts2800_fpu32_eabi.lib</file>
         <name>fd_tol28.asm.obj</name>
      </input_file>
      <input_file id="fl-43">
         <path>C:\ti\ccs1230\ccs\tools\compiler\ti-cgt-c2000_22.6.0.LTS\lib\</path>
         <kind>archive</kind>
         <file>rts2800_fpu32_eabi.lib</file>
         <name>ll_aox28.asm.obj</name>
      </input_file>
      <input_file id="fl-44">
         <path>C:\ti\ccs1230\ccs\tools\compiler\ti-cgt-c2000_22.6.0.LTS\lib\</path>
         <kind>archive</kind>
         <file>rts2800_fpu32_eabi.lib</file>
         <name>i_div28.asm.obj</name>
      </input_file>
      <input_file id="fl-45">
         <path>C:\ti\ccs1230\ccs\tools\compiler\ti-cgt-c2000_22.6.0.LTS\lib\</path>
         <kind>archive</kind>
         <file>rts2800_fpu32_eabi.lib</file>
         <name>l_tofd28.asm.obj</name>
      </input_file>
      <input_file id="fl-46">
         <path>C:\ti\ccs1230\ccs\tools\compiler\ti-cgt-c2000_22.6.0.LTS\lib\</path>
         <kind>archive</kind>
         <file>rts2800_fpu32_eabi.lib</file>
         <name>cpy_tbl.c.obj</name>
      </input_file>
      <input_file id="fl-47">
         <path>C:\ti\ccs1230\ccs\tools\compiler\ti-cgt-c2000_22.6.0.LTS\lib\</path>
         <kind>archive</kind>
         <file>rts2800_fpu32_eabi.lib</file>
         <name>memcpy.c.obj</name>
      </input_file>
      <input_file id="fl-48">
         <path>C:\ti\ccs1230\ccs\tools\compiler\ti-cgt-c2000_22.6.0.LTS\lib\</path>
         <kind>archive</kind>
         <file>rts2800_fpu32_eabi.lib</file>
         <name>startup.c.obj</name>
      </input_file>
      <input_file id="fl-49">
         <path>C:\ti\ccs1230\ccs\tools\compiler\ti-cgt-c2000_22.6.0.LTS\lib\</path>
         <kind>archive</kind>
         <file>rts2800_fpu32_eabi.lib</file>
         <name>errno.c.obj</name>
      </input_file>
   </input_file_list>
   <object_component_list>
      <object_component id="oc-2d">
         <name>codestart</name>
         <load_address>0x0</load_address>
         <run_address>0x0</run_address>
         <size>0x2</size>
         <input_file_ref idref="fl-b"/>
      </object_component>
      <object_component id="oc-214">
         <name>.text</name>
         <load_address>0x8000</load_address>
         <run_address>0x8000</run_address>
         <size>0x431</size>
         <input_file_ref idref="fl-34"/>
      </object_component>
      <object_component id="oc-10b">
         <name>.text:SysCtl_setClock</name>
         <load_address>0x8431</load_address>
         <run_address>0x8431</run_address>
         <size>0x206</size>
         <input_file_ref idref="fl-19"/>
      </object_component>
      <object_component id="oc-6e">
         <name>.text</name>
         <load_address>0x8637</load_address>
         <run_address>0x8637</run_address>
         <size>0x19a</size>
         <input_file_ref idref="fl-a"/>
      </object_component>
      <object_component id="oc-20">
         <name>.text:decompress:lzss</name>
         <load_address>0x87d1</load_address>
         <run_address>0x87d1</run_address>
         <size>0x2e</size>
         <input_file_ref idref="fl-33"/>
      </object_component>
      <object_component id="oc-74">
         <name>.text</name>
         <load_address>0x8800</load_address>
         <run_address>0x8800</run_address>
         <size>0x3fc</size>
         <input_file_ref idref="fl-c"/>
      </object_component>
      <object_component id="oc-33">
         <name>.text</name>
         <load_address>0x8bfc</load_address>
         <run_address>0x8bfc</run_address>
         <size>0x197</size>
         <input_file_ref idref="fl-5"/>
      </object_component>
      <object_component id="oc-21a">
         <name>.text</name>
         <load_address>0x8d93</load_address>
         <run_address>0x8d93</run_address>
         <size>0x125</size>
         <input_file_ref idref="fl-3b"/>
      </object_component>
      <object_component id="oc-209">
         <name>.text</name>
         <load_address>0x8eb8</load_address>
         <run_address>0x8eb8</run_address>
         <size>0x113</size>
         <input_file_ref idref="fl-3a"/>
      </object_component>
      <object_component id="oc-11e">
         <name>.text:GPIO_setDirectionMode</name>
         <load_address>0x8fcb</load_address>
         <run_address>0x8fcb</run_address>
         <size>0x31</size>
         <input_file_ref idref="fl-16"/>
      </object_component>
      <object_component id="oc-147">
         <name>.text:Interrupt_illegalOperationHandler</name>
         <load_address>0x8ffc</load_address>
         <run_address>0x8ffc</run_address>
         <size>0x2</size>
         <input_file_ref idref="fl-17"/>
      </object_component>
      <object_component id="oc-141">
         <name>.text:Interrupt_nmiHandler</name>
         <load_address>0x8ffe</load_address>
         <run_address>0x8ffe</run_address>
         <size>0x2</size>
         <input_file_ref idref="fl-17"/>
      </object_component>
      <object_component id="oc-33b">
         <name>.text</name>
         <load_address>0x9000</load_address>
         <run_address>0x9000</run_address>
         <size>0xe8</size>
         <input_file_ref idref="fl-3c"/>
      </object_component>
      <object_component id="oc-91">
         <name>.text</name>
         <load_address>0x90e8</load_address>
         <run_address>0x90e8</run_address>
         <size>0xd5</size>
         <input_file_ref idref="fl-3"/>
      </object_component>
      <object_component id="oc-61">
         <name>.text</name>
         <load_address>0x91bd</load_address>
         <run_address>0x91bd</run_address>
         <size>0xcf</size>
         <input_file_ref idref="fl-8"/>
      </object_component>
      <object_component id="oc-32">
         <name>.text:retain</name>
         <load_address>0x928c</load_address>
         <run_address>0x928c</run_address>
         <size>0xcf</size>
         <input_file_ref idref="fl-5"/>
      </object_component>
      <object_component id="oc-168">
         <name>.text</name>
         <load_address>0x935b</load_address>
         <run_address>0x935b</run_address>
         <size>0xce</size>
         <input_file_ref idref="fl-25"/>
      </object_component>
      <object_component id="oc-173">
         <name>.text</name>
         <load_address>0x9429</load_address>
         <run_address>0x9429</run_address>
         <size>0xcb</size>
         <input_file_ref idref="fl-26"/>
      </object_component>
      <object_component id="oc-335">
         <name>.text</name>
         <load_address>0x94f4</load_address>
         <run_address>0x94f4</run_address>
         <size>0xa9</size>
         <input_file_ref idref="fl-3d"/>
      </object_component>
      <object_component id="oc-28d">
         <name>.text</name>
         <load_address>0x959d</load_address>
         <run_address>0x959d</run_address>
         <size>0x9c</size>
         <input_file_ref idref="fl-3f"/>
      </object_component>
      <object_component id="oc-a3">
         <name>.text</name>
         <load_address>0x9639</load_address>
         <run_address>0x9639</run_address>
         <size>0x9a</size>
         <input_file_ref idref="fl-7"/>
      </object_component>
      <object_component id="oc-278">
         <name>.text:SysCtl_selectXTAL</name>
         <load_address>0x96d3</load_address>
         <run_address>0x96d3</run_address>
         <size>0x8a</size>
         <input_file_ref idref="fl-19"/>
      </object_component>
      <object_component id="oc-7a">
         <name>.text</name>
         <load_address>0x975d</load_address>
         <run_address>0x975d</run_address>
         <size>0x88</size>
         <input_file_ref idref="fl-2b"/>
      </object_component>
      <object_component id="oc-c9">
         <name>.text:SCI_isBaseValid</name>
         <load_address>0x97e5</load_address>
         <run_address>0x97e5</run_address>
         <size>0x1b</size>
         <input_file_ref idref="fl-18"/>
      </object_component>
      <object_component id="oc-285">
         <name>.text</name>
         <load_address>0x9800</load_address>
         <run_address>0x9800</run_address>
         <size>0x83</size>
         <input_file_ref idref="fl-41"/>
      </object_component>
      <object_component id="oc-105">
         <name>.text:SysCtl_getDeviceParametric</name>
         <load_address>0x9883</load_address>
         <run_address>0x9883</run_address>
         <size>0x68</size>
         <input_file_ref idref="fl-19"/>
      </object_component>
      <object_component id="oc-eb">
         <name>.text:GPIO_setPadConfig</name>
         <load_address>0x98eb</load_address>
         <run_address>0x98eb</run_address>
         <size>0x52</size>
         <input_file_ref idref="fl-16"/>
      </object_component>
      <object_component id="oc-111">
         <name>.text:SysCtl_getClock</name>
         <load_address>0x993d</load_address>
         <run_address>0x993d</run_address>
         <size>0x51</size>
         <input_file_ref idref="fl-19"/>
      </object_component>
      <object_component id="oc-1cf">
         <name>.text:SysCtl_selectOscSource</name>
         <load_address>0x998e</load_address>
         <run_address>0x998e</run_address>
         <size>0x48</size>
         <input_file_ref idref="fl-19"/>
      </object_component>
      <object_component id="oc-f7">
         <name>.text:SCI_clearInterruptStatus</name>
         <load_address>0x99d6</load_address>
         <run_address>0x99d6</run_address>
         <size>0x45</size>
         <input_file_ref idref="fl-18"/>
      </object_component>
      <object_component id="oc-fd">
         <name>.text:SCI_setConfig</name>
         <load_address>0x9a1b</load_address>
         <run_address>0x9a1b</run_address>
         <size>0x3e</size>
         <input_file_ref idref="fl-18"/>
      </object_component>
      <object_component id="oc-85">
         <name>.text:Interrupt_initModule</name>
         <load_address>0x9a59</load_address>
         <run_address>0x9a59</run_address>
         <size>0x3d</size>
         <input_file_ref idref="fl-17"/>
      </object_component>
      <object_component id="oc-124">
         <name>.text:GPIO_setControllerCore</name>
         <load_address>0x9a96</load_address>
         <run_address>0x9a96</run_address>
         <size>0x37</size>
         <input_file_ref idref="fl-16"/>
      </object_component>
      <object_component id="oc-e5">
         <name>.text:GPIO_setPinConfig</name>
         <load_address>0x9acd</load_address>
         <run_address>0x9acd</run_address>
         <size>0x37</size>
         <input_file_ref idref="fl-16"/>
      </object_component>
      <object_component id="oc-f1">
         <name>.text:GPIO_setQualificationMode</name>
         <load_address>0x9b04</load_address>
         <run_address>0x9b04</run_address>
         <size>0x37</size>
         <input_file_ref idref="fl-16"/>
      </object_component>
      <object_component id="oc-97">
         <name>.text:Interrupt_enable</name>
         <load_address>0x9b3b</load_address>
         <run_address>0x9b3b</run_address>
         <size>0x37</size>
         <input_file_ref idref="fl-17"/>
      </object_component>
      <object_component id="oc-233">
         <name>.text:__TI_auto_init_nobinit_nopinit</name>
         <load_address>0x9b72</load_address>
         <run_address>0x9b72</run_address>
         <size>0x2b</size>
         <input_file_ref idref="fl-30"/>
      </object_component>
      <object_component id="oc-2a7">
         <name>.text</name>
         <load_address>0x9b9d</load_address>
         <run_address>0x9b9d</run_address>
         <size>0x2a</size>
         <input_file_ref idref="fl-40"/>
      </object_component>
      <object_component id="oc-193">
         <name>.text</name>
         <load_address>0x9bc7</load_address>
         <run_address>0x9bc7</run_address>
         <size>0x29</size>
         <input_file_ref idref="fl-36"/>
      </object_component>
      <object_component id="oc-37a">
         <name>.text</name>
         <load_address>0x9bf0</load_address>
         <run_address>0x9bf0</run_address>
         <size>0x24</size>
         <input_file_ref idref="fl-3e"/>
      </object_component>
      <object_component id="oc-16e">
         <name>.text</name>
         <load_address>0x9c14</load_address>
         <run_address>0x9c14</run_address>
         <size>0x23</size>
         <input_file_ref idref="fl-2e"/>
      </object_component>
      <object_component id="oc-32a">
         <name>.text</name>
         <load_address>0x9c37</load_address>
         <run_address>0x9c37</run_address>
         <size>0x22</size>
         <input_file_ref idref="fl-44"/>
      </object_component>
      <object_component id="oc-2fb">
         <name>.text:CPUTimer_selectClockSource</name>
         <load_address>0x9c59</load_address>
         <run_address>0x9c59</run_address>
         <size>0x21</size>
         <input_file_ref idref="fl-19"/>
      </object_component>
      <object_component id="oc-203">
         <name>.text</name>
         <load_address>0x9c7a</load_address>
         <run_address>0x9c7a</run_address>
         <size>0x21</size>
         <input_file_ref idref="fl-2a"/>
      </object_component>
      <object_component id="oc-d0">
         <name>.text:SCI_isFIFOEnabled</name>
         <load_address>0x9c9b</load_address>
         <run_address>0x9c9b</run_address>
         <size>0x20</size>
         <input_file_ref idref="fl-18"/>
      </object_component>
      <object_component id="oc-368">
         <name>.text:CPUTimer_getTimerOverflowStatus</name>
         <load_address>0x9cbb</load_address>
         <run_address>0x9cbb</run_address>
         <size>0x1f</size>
         <input_file_ref idref="fl-19"/>
      </object_component>
      <object_component id="oc-29a">
         <name>.text</name>
         <load_address>0x9cda</load_address>
         <run_address>0x9cda</run_address>
         <size>0x1f</size>
         <input_file_ref idref="fl-42"/>
      </object_component>
      <object_component id="oc-8b">
         <name>.text:Interrupt_initVectorTable</name>
         <load_address>0x9cf9</load_address>
         <run_address>0x9cf9</run_address>
         <size>0x1e</size>
         <input_file_ref idref="fl-17"/>
      </object_component>
      <object_component id="oc-41">
         <name>.text</name>
         <load_address>0x9d17</load_address>
         <run_address>0x9d17</run_address>
         <size>0x1d</size>
         <input_file_ref idref="fl-47"/>
      </object_component>
      <object_component id="oc-9d">
         <name>.text</name>
         <load_address>0x9d34</load_address>
         <run_address>0x9d34</run_address>
         <size>0x1c</size>
         <input_file_ref idref="fl-2"/>
      </object_component>
      <object_component id="oc-163">
         <name>.text</name>
         <load_address>0x9d50</load_address>
         <run_address>0x9d50</run_address>
         <size>0x1c</size>
         <input_file_ref idref="fl-2d"/>
      </object_component>
      <object_component id="oc-29f">
         <name>.text</name>
         <load_address>0x9d6c</load_address>
         <run_address>0x9d6c</run_address>
         <size>0x1c</size>
         <input_file_ref idref="fl-45"/>
      </object_component>
      <object_component id="oc-307">
         <name>.text:CPUTimer_startTimer</name>
         <load_address>0x9d88</load_address>
         <run_address>0x9d88</run_address>
         <size>0x1a</size>
         <input_file_ref idref="fl-19"/>
      </object_component>
      <object_component id="oc-dc">
         <name>.text:SCI_isSpaceAvailableNonFIFO</name>
         <load_address>0x9da2</load_address>
         <run_address>0x9da2</run_address>
         <size>0x1a</size>
         <input_file_ref idref="fl-18"/>
      </object_component>
      <object_component id="oc-118">
         <name>.text:SysCtl_getLowSpeedClock</name>
         <load_address>0x9dbc</load_address>
         <run_address>0x9dbc</run_address>
         <size>0x1a</size>
         <input_file_ref idref="fl-19"/>
      </object_component>
      <object_component id="oc-1b6">
         <name>.text:SCI_disableModule</name>
         <load_address>0x9dd6</load_address>
         <run_address>0x9dd6</run_address>
         <size>0x18</size>
         <input_file_ref idref="fl-18"/>
      </object_component>
      <object_component id="oc-1af">
         <name>.text:SCI_performSoftwareReset</name>
         <load_address>0x9dee</load_address>
         <run_address>0x9dee</run_address>
         <size>0x18</size>
         <input_file_ref idref="fl-18"/>
      </object_component>
      <object_component id="oc-295">
         <name>.text</name>
         <load_address>0x9e06</load_address>
         <run_address>0x9e06</run_address>
         <size>0x18</size>
         <input_file_ref idref="fl-43"/>
      </object_component>
      <object_component id="oc-1f0">
         <name>.text:CPUTimer_isBaseValid</name>
         <load_address>0x9e1e</load_address>
         <run_address>0x9e1e</run_address>
         <size>0x17</size>
         <input_file_ref idref="fl-15"/>
      </object_component>
      <object_component id="oc-35c">
         <name>.text:CPUTimer_isBaseValid</name>
         <load_address>0x9e35</load_address>
         <run_address>0x9e35</run_address>
         <size>0x17</size>
         <input_file_ref idref="fl-19"/>
      </object_component>
      <object_component id="oc-bd">
         <name>.text</name>
         <load_address>0x9e4c</load_address>
         <run_address>0x9e4c</run_address>
         <size>0x17</size>
         <input_file_ref idref="fl-27"/>
      </object_component>
      <object_component id="oc-2ef">
         <name>.text:CPUTimer_stopTimer</name>
         <load_address>0x9e63</load_address>
         <run_address>0x9e63</run_address>
         <size>0x14</size>
         <input_file_ref idref="fl-19"/>
      </object_component>
      <object_component id="oc-d6">
         <name>.text:SCI_getTxFIFOStatus</name>
         <load_address>0x9e77</load_address>
         <run_address>0x9e77</run_address>
         <size>0x14</size>
         <input_file_ref idref="fl-18"/>
      </object_component>
      <object_component id="oc-14f">
         <name>.text:CPUTimer_setEmulationMode</name>
         <load_address>0x9e8b</load_address>
         <run_address>0x9e8b</run_address>
         <size>0x13</size>
         <input_file_ref idref="fl-15"/>
      </object_component>
      <object_component id="oc-1bc">
         <name>.text:SCI_enableModule</name>
         <load_address>0x9e9e</load_address>
         <run_address>0x9e9e</run_address>
         <size>0x13</size>
         <input_file_ref idref="fl-18"/>
      </object_component>
      <object_component id="oc-301">
         <name>.text:CPUTimer_clearOverflowFlag</name>
         <load_address>0x9eb1</load_address>
         <run_address>0x9eb1</run_address>
         <size>0x12</size>
         <input_file_ref idref="fl-19"/>
      </object_component>
      <object_component id="oc-2e9">
         <name>.text:CPUTimer_disableInterrupt</name>
         <load_address>0x9ec3</load_address>
         <run_address>0x9ec3</run_address>
         <size>0x12</size>
         <input_file_ref idref="fl-19"/>
      </object_component>
      <object_component id="oc-2f5">
         <name>.text:CPUTimer_setPeriod</name>
         <load_address>0x9ed5</load_address>
         <run_address>0x9ed5</run_address>
         <size>0x11</size>
         <input_file_ref idref="fl-19"/>
      </object_component>
      <object_component id="oc-30d">
         <name>.text:SysCtl_pollCpuTimer</name>
         <load_address>0x9ee6</load_address>
         <run_address>0x9ee6</run_address>
         <size>0xf</size>
         <input_file_ref idref="fl-19"/>
      </object_component>
      <object_component id="oc-1a6">
         <name>.text:GPIO_isPinValid</name>
         <load_address>0x9ef5</load_address>
         <run_address>0x9ef5</run_address>
         <size>0xe</size>
         <input_file_ref idref="fl-16"/>
      </object_component>
      <object_component id="oc-13b">
         <name>.text:Interrupt_defaultHandler</name>
         <load_address>0x9f03</load_address>
         <run_address>0x9f03</run_address>
         <size>0xe</size>
         <input_file_ref idref="fl-17"/>
      </object_component>
      <object_component id="oc-20f">
         <name>.text</name>
         <load_address>0x9f11</load_address>
         <run_address>0x9f11</run_address>
         <size>0xe</size>
         <input_file_ref idref="fl-29"/>
      </object_component>
      <object_component id="oc-133">
         <name>.text:Interrupt_disableGlobal</name>
         <load_address>0x9f1f</load_address>
         <run_address>0x9f1f</run_address>
         <size>0xd</size>
         <input_file_ref idref="fl-17"/>
      </object_component>
      <object_component id="oc-157">
         <name>.text:Interrupt_enableGlobal</name>
         <load_address>0x9f2c</load_address>
         <run_address>0x9f2c</run_address>
         <size>0xd</size>
         <input_file_ref idref="fl-17"/>
      </object_component>
      <object_component id="oc-49">
         <name>.text:decompress:ZI:__TI_zero_init_nomemset</name>
         <load_address>0x9f39</load_address>
         <run_address>0x9f39</run_address>
         <size>0xd</size>
         <input_file_ref idref="fl-31"/>
      </object_component>
      <object_component id="oc-18d">
         <name>.text</name>
         <load_address>0x9f46</load_address>
         <run_address>0x9f46</run_address>
         <size>0xc</size>
         <input_file_ref idref="fl-38"/>
      </object_component>
      <object_component id="oc-1c9">
         <name>.text:SysCtl_isMCDClockFailureDetected</name>
         <load_address>0x9f52</load_address>
         <run_address>0x9f52</run_address>
         <size>0xb</size>
         <input_file_ref idref="fl-19"/>
      </object_component>
      <object_component id="oc-1d6">
         <name>.text:SysCtl_serviceWatchdog</name>
         <load_address>0x9f5d</load_address>
         <run_address>0x9f5d</run_address>
         <size>0x9</size>
         <input_file_ref idref="fl-19"/>
      </object_component>
      <object_component id="oc-2dd">
         <name>.text</name>
         <load_address>0x9f66</load_address>
         <run_address>0x9f66</run_address>
         <size>0x9</size>
         <input_file_ref idref="fl-37"/>
      </object_component>
      <object_component id="oc-220">
         <name>.text</name>
         <load_address>0x9f6f</load_address>
         <run_address>0x9f6f</run_address>
         <size>0x9</size>
         <input_file_ref idref="fl-28"/>
      </object_component>
      <object_component id="oc-55">
         <name>.text</name>
         <load_address>0x9f78</load_address>
         <run_address>0x9f78</run_address>
         <size>0x8</size>
         <input_file_ref idref="fl-b"/>
      </object_component>
      <object_component id="oc-26">
         <name>.text:decompress:none</name>
         <load_address>0x9f80</load_address>
         <run_address>0x9f80</run_address>
         <size>0x8</size>
         <input_file_ref idref="fl-32"/>
      </object_component>
      <object_component id="oc-313">
         <name>.text:SysCtl_resetMCD</name>
         <load_address>0x9f88</load_address>
         <run_address>0x9f88</run_address>
         <size>0x7</size>
         <input_file_ref idref="fl-19"/>
      </object_component>
      <object_component id="oc-186">
         <name>.text</name>
         <load_address>0x9f8f</load_address>
         <run_address>0x9f8f</run_address>
         <size>0x2</size>
         <input_file_ref idref="fl-2f"/>
      </object_component>
      <object_component id="oc-2ac">
         <name>.text</name>
         <load_address>0xb000</load_address>
         <run_address>0xb000</run_address>
         <size>0x67d</size>
         <input_file_ref idref="fl-35"/>
      </object_component>
      <object_component id="oc-7f">
         <name>.text</name>
         <load_address>0xb67d</load_address>
         <run_address>0xb67d</run_address>
         <size>0x141</size>
         <input_file_ref idref="fl-6"/>
      </object_component>
      <object_component id="oc-68">
         <name>.text:SCI_writeCharArray</name>
         <load_address>0xb7be</load_address>
         <run_address>0xb7be</run_address>
         <size>0x41</size>
         <input_file_ref idref="fl-18"/>
      </object_component>
      <object_component id="oc-2c3">
         <name>.text</name>
         <load_address>0xb7ff</load_address>
         <run_address>0xb7ff</run_address>
         <size>0x1</size>
         <input_file_ref idref="fl-48"/>
      </object_component>
      <object_component id="oc-3e2">
         <name>.cinit..data.load</name>
         <load_address>0x128</load_address>
         <run_address>0x128</run_address>
         <size>0x11</size>
      </object_component>
      <object_component id="oc-3df">
         <name>__TI_handler_table</name>
         <load_address>0x13a</load_address>
         <run_address>0x13a</run_address>
         <size>0x6</size>
      </object_component>
      <object_component id="oc-3e1">
         <name>.cinit..bss.load</name>
         <load_address>0x140</load_address>
         <run_address>0x140</run_address>
         <size>0x4</size>
      </object_component>
      <object_component id="oc-3e0">
         <name>__TI_cinit_table</name>
         <load_address>0x144</load_address>
         <run_address>0x144</run_address>
         <size>0x8</size>
      </object_component>
      <object_component id="oc-3e">
         <name>.stack</name>
         <uninitialized>true</uninitialized>
         <run_address>0x400</run_address>
         <size>0x0</size>
         <input_file_ref idref="fl-27"/>
      </object_component>
      <object_component id="oc-3e3">
         <name>.stack</name>
         <uninitialized>true</uninitialized>
         <run_address>0x400</run_address>
         <size>0x0</size>
      </object_component>
      <object_component id="oc-5b">
         <name>.bss</name>
         <uninitialized>true</uninitialized>
         <run_address>0xae40</run_address>
         <size>0x5c</size>
         <input_file_ref idref="fl-5"/>
      </object_component>
      <object_component id="oc-1c8">
         <name>.const:.string</name>
         <load_address>0xa800</load_address>
         <run_address>0xa800</run_address>
         <size>0xc2</size>
         <input_file_ref idref="fl-19"/>
      </object_component>
      <object_component id="oc-1ac">
         <name>.const:.string</name>
         <load_address>0xa8c2</load_address>
         <run_address>0xa8c2</run_address>
         <size>0xbc</size>
         <input_file_ref idref="fl-16"/>
      </object_component>
      <object_component id="oc-cf">
         <name>.const:.string</name>
         <load_address>0xa97e</load_address>
         <run_address>0xa97e</run_address>
         <size>0xbb</size>
         <input_file_ref idref="fl-18"/>
      </object_component>
      <object_component id="oc-67">
         <name>.const:.string</name>
         <load_address>0xaa3a</load_address>
         <run_address>0xaa3a</run_address>
         <size>0xab</size>
         <input_file_ref idref="fl-5"/>
      </object_component>
      <object_component id="oc-32f">
         <name>.const:ipio2</name>
         <load_address>0xaae6</load_address>
         <run_address>0xaae6</run_address>
         <size>0x84</size>
         <input_file_ref idref="fl-35"/>
      </object_component>
      <object_component id="oc-117">
         <name>.const:.string</name>
         <load_address>0xab6a</load_address>
         <run_address>0xab6a</run_address>
         <size>0x13</size>
         <input_file_ref idref="fl-c"/>
      </object_component>
      <object_component id="oc-2a4">
         <name>.const</name>
         <load_address>0xab80</load_address>
         <run_address>0xab80</run_address>
         <size>0x64</size>
         <input_file_ref idref="fl-34"/>
      </object_component>
      <object_component id="oc-1f6">
         <name>.const:.string</name>
         <load_address>0xabe4</load_address>
         <run_address>0xabe4</run_address>
         <size>0x62</size>
         <input_file_ref idref="fl-15"/>
      </object_component>
      <object_component id="oc-14e">
         <name>.const:.string</name>
         <load_address>0xac46</load_address>
         <run_address>0xac46</run_address>
         <size>0x48</size>
         <input_file_ref idref="fl-3"/>
      </object_component>
      <object_component id="oc-130">
         <name>.const:.string</name>
         <load_address>0xac8e</load_address>
         <run_address>0xac8e</run_address>
         <size>0x44</size>
         <input_file_ref idref="fl-6"/>
      </object_component>
      <object_component id="oc-e4">
         <name>.const:.string</name>
         <load_address>0xacd2</load_address>
         <run_address>0xacd2</run_address>
         <size>0x43</size>
         <input_file_ref idref="fl-a"/>
      </object_component>
      <object_component id="oc-341">
         <name>.const:PIo2</name>
         <load_address>0xad16</load_address>
         <run_address>0xad16</run_address>
         <size>0x20</size>
         <input_file_ref idref="fl-35"/>
      </object_component>
      <object_component id="oc-327">
         <name>.const:init_jk</name>
         <load_address>0xad36</load_address>
         <run_address>0xad36</run_address>
         <size>0x4</size>
         <input_file_ref idref="fl-35"/>
      </object_component>
      <object_component id="oc-208">
         <name>.const</name>
         <load_address>0xad3a</load_address>
         <run_address>0xad3a</run_address>
         <size>0x4</size>
         <input_file_ref idref="fl-25"/>
      </object_component>
      <object_component id="oc-28a">
         <name>.const</name>
         <load_address>0xad40</load_address>
         <run_address>0xad40</run_address>
         <size>0x3c</size>
         <input_file_ref idref="fl-3a"/>
      </object_component>
      <object_component id="oc-228">
         <name>.const</name>
         <load_address>0xad7c</load_address>
         <run_address>0xad7c</run_address>
         <size>0x4</size>
         <input_file_ref idref="fl-26"/>
      </object_component>
      <object_component id="oc-2b4">
         <name>.const</name>
         <load_address>0xad80</load_address>
         <run_address>0xad80</run_address>
         <size>0x38</size>
         <input_file_ref idref="fl-3b"/>
      </object_component>
      <object_component id="oc-332">
         <name>.const</name>
         <load_address>0xadc0</load_address>
         <run_address>0xadc0</run_address>
         <size>0x2c</size>
         <input_file_ref idref="fl-35"/>
      </object_component>
      <object_component id="oc-385">
         <name>.const</name>
         <load_address>0xadec</load_address>
         <run_address>0xadec</run_address>
         <size>0xc</size>
         <input_file_ref idref="fl-3c"/>
      </object_component>
      <object_component id="oc-377">
         <name>.const</name>
         <load_address>0xae00</load_address>
         <run_address>0xae00</run_address>
         <size>0x1c</size>
         <input_file_ref idref="fl-3d"/>
      </object_component>
      <object_component id="oc-15e">
         <name>.data</name>
         <load_address>0xae38</load_address>
         <run_address>0xae38</run_address>
         <size>0x2</size>
         <input_file_ref idref="fl-2"/>
      </object_component>
      <object_component id="oc-5e">
         <name>.data</name>
         <load_address>0xae1c</load_address>
         <run_address>0xae1c</run_address>
         <size>0xc</size>
         <input_file_ref idref="fl-5"/>
      </object_component>
      <object_component id="oc-12a">
         <name>.data</name>
         <load_address>0xae28</load_address>
         <run_address>0xae28</run_address>
         <size>0x6</size>
         <input_file_ref idref="fl-c"/>
      </object_component>
      <object_component id="oc-265">
         <name>.data</name>
         <load_address>0xae2e</load_address>
         <run_address>0xae2e</run_address>
         <size>0x6</size>
         <input_file_ref idref="fl-36"/>
      </object_component>
      <object_component id="oc-268">
         <name>.data:_lock</name>
         <load_address>0xae34</load_address>
         <run_address>0xae34</run_address>
         <size>0x2</size>
         <input_file_ref idref="fl-37"/>
      </object_component>
      <object_component id="oc-355">
         <name>.data:_unlock</name>
         <load_address>0xae36</load_address>
         <run_address>0xae36</run_address>
         <size>0x2</size>
         <input_file_ref idref="fl-37"/>
      </object_component>
      <object_component id="oc-380">
         <name>.data</name>
         <load_address>0xae3a</load_address>
         <run_address>0xae3a</run_address>
         <size>0x1</size>
         <input_file_ref idref="fl-49"/>
      </object_component>
      <object_component id="oc-1d5">
         <name>.TI.ramfunc</name>
         <load_address>0x123</load_address>
         <run_address>0x123</run_address>
         <size>0x4</size>
         <input_file_ref idref="fl-19"/>
      </object_component>
      <object_component id="oc-162">
         <name>.debug_types</name>
         <load_address>0x0</load_address>
         <run_address>0x0</run_address>
         <size>0x310</size>
         <input_file_ref idref="fl-2"/>
      </object_component>
      <object_component id="oc-156">
         <name>.debug_types</name>
         <load_address>0x310</load_address>
         <run_address>0x310</run_address>
         <size>0x225</size>
         <input_file_ref idref="fl-3"/>
      </object_component>
      <object_component id="oc-aa">
         <name>.debug_types</name>
         <load_address>0x535</load_address>
         <run_address>0x535</run_address>
         <size>0x466</size>
         <input_file_ref idref="fl-5"/>
      </object_component>
      <object_component id="oc-132">
         <name>.debug_types</name>
         <load_address>0x99b</load_address>
         <run_address>0x99b</run_address>
         <size>0x66f</size>
         <input_file_ref idref="fl-6"/>
      </object_component>
      <object_component id="oc-17a">
         <name>.debug_types</name>
         <load_address>0x0</load_address>
         <run_address>0x0</run_address>
         <size>0x0</size>
         <input_file_ref idref="fl-7"/>
      </object_component>
      <object_component id="oc-c8">
         <name>.debug_types</name>
         <load_address>0x0</load_address>
         <run_address>0x0</run_address>
         <size>0x0</size>
         <input_file_ref idref="fl-8"/>
      </object_component>
      <object_component id="oc-104">
         <name>.debug_types</name>
         <load_address>0x100a</load_address>
         <run_address>0x100a</run_address>
         <size>0x408</size>
         <input_file_ref idref="fl-a"/>
      </object_component>
      <object_component id="oc-12e">
         <name>.debug_types</name>
         <load_address>0x1412</load_address>
         <run_address>0x1412</run_address>
         <size>0xe21</size>
         <input_file_ref idref="fl-c"/>
      </object_component>
      <object_component id="oc-1f8">
         <name>.debug_types</name>
         <load_address>0x0</load_address>
         <run_address>0x0</run_address>
         <size>0x0</size>
         <input_file_ref idref="fl-15"/>
      </object_component>
      <object_component id="oc-1a5">
         <name>.debug_types</name>
         <load_address>0x2233</load_address>
         <run_address>0x2233</run_address>
         <size>0x2c4</size>
         <input_file_ref idref="fl-16"/>
      </object_component>
      <object_component id="oc-13a">
         <name>.debug_types</name>
         <load_address>0x0</load_address>
         <run_address>0x0</run_address>
         <size>0x0</size>
         <input_file_ref idref="fl-17"/>
      </object_component>
      <object_component id="oc-e3">
         <name>.debug_types</name>
         <load_address>0x24f7</load_address>
         <run_address>0x24f7</run_address>
         <size>0x5a</size>
         <input_file_ref idref="fl-18"/>
      </object_component>
      <object_component id="oc-1c7">
         <name>.debug_types</name>
         <load_address>0x2551</load_address>
         <run_address>0x2551</run_address>
         <size>0x21d</size>
         <input_file_ref idref="fl-19"/>
      </object_component>
      <object_component id="oc-226">
         <name>.debug_types</name>
         <load_address>0x276e</load_address>
         <run_address>0x276e</run_address>
         <size>0xbf</size>
         <input_file_ref idref="fl-25"/>
      </object_component>
      <object_component id="oc-22a">
         <name>.debug_types</name>
         <load_address>0x0</load_address>
         <run_address>0x0</run_address>
         <size>0x0</size>
         <input_file_ref idref="fl-26"/>
      </object_component>
      <object_component id="oc-232">
         <name>.debug_types</name>
         <load_address>0x0</load_address>
         <run_address>0x0</run_address>
         <size>0x0</size>
         <input_file_ref idref="fl-2f"/>
      </object_component>
      <object_component id="oc-2ca">
         <name>.debug_types</name>
         <load_address>0x282d</load_address>
         <run_address>0x282d</run_address>
         <size>0x470</size>
         <input_file_ref idref="fl-30"/>
      </object_component>
      <object_component id="oc-b5">
         <name>.debug_types</name>
         <load_address>0x2c9d</load_address>
         <run_address>0x2c9d</run_address>
         <size>0x1c8</size>
         <input_file_ref idref="fl-31"/>
      </object_component>
      <object_component id="oc-48">
         <name>.debug_types</name>
         <load_address>0x0</load_address>
         <run_address>0x0</run_address>
         <size>0x0</size>
         <input_file_ref idref="fl-32"/>
      </object_component>
      <object_component id="oc-40">
         <name>.debug_types</name>
         <load_address>0x2e65</load_address>
         <run_address>0x2e65</run_address>
         <size>0x191</size>
         <input_file_ref idref="fl-33"/>
      </object_component>
      <object_component id="oc-2b3">
         <name>.debug_types</name>
         <load_address>0x2ff6</load_address>
         <run_address>0x2ff6</run_address>
         <size>0xcb</size>
         <input_file_ref idref="fl-34"/>
      </object_component>
      <object_component id="oc-345">
         <name>.debug_types</name>
         <load_address>0x30c1</load_address>
         <run_address>0x30c1</run_address>
         <size>0x187</size>
         <input_file_ref idref="fl-35"/>
      </object_component>
      <object_component id="oc-26c">
         <name>.debug_types</name>
         <load_address>0x3248</load_address>
         <run_address>0x3248</run_address>
         <size>0x90</size>
         <input_file_ref idref="fl-36"/>
      </object_component>
      <object_component id="oc-2e5">
         <name>.debug_types</name>
         <load_address>0x32d8</load_address>
         <run_address>0x32d8</run_address>
         <size>0x2f</size>
         <input_file_ref idref="fl-37"/>
      </object_component>
      <object_component id="oc-264">
         <name>.debug_types</name>
         <load_address>0x3307</load_address>
         <run_address>0x3307</run_address>
         <size>0xe1</size>
         <input_file_ref idref="fl-38"/>
      </object_component>
      <object_component id="oc-293">
         <name>.debug_types</name>
         <load_address>0x0</load_address>
         <run_address>0x0</run_address>
         <size>0x0</size>
         <input_file_ref idref="fl-3a"/>
      </object_component>
      <object_component id="oc-2b8">
         <name>.debug_types</name>
         <load_address>0x0</load_address>
         <run_address>0x0</run_address>
         <size>0x0</size>
         <input_file_ref idref="fl-3b"/>
      </object_component>
      <object_component id="oc-389">
         <name>.debug_types</name>
         <load_address>0x0</load_address>
         <run_address>0x0</run_address>
         <size>0x0</size>
         <input_file_ref idref="fl-3c"/>
      </object_component>
      <object_component id="oc-384">
         <name>.debug_types</name>
         <load_address>0x0</load_address>
         <run_address>0x0</run_address>
         <size>0x0</size>
         <input_file_ref idref="fl-3d"/>
      </object_component>
      <object_component id="oc-39c">
         <name>.debug_types</name>
         <load_address>0x0</load_address>
         <run_address>0x0</run_address>
         <size>0x0</size>
         <input_file_ref idref="fl-3e"/>
      </object_component>
      <object_component id="oc-b0">
         <name>.debug_types</name>
         <load_address>0x33e8</load_address>
         <run_address>0x33e8</run_address>
         <size>0xb8</size>
         <input_file_ref idref="fl-47"/>
      </object_component>
      <object_component id="oc-34f">
         <name>.debug_types</name>
         <load_address>0x0</load_address>
         <run_address>0x0</run_address>
         <size>0x0</size>
         <input_file_ref idref="fl-48"/>
      </object_component>
      <object_component id="oc-39f">
         <name>.debug_types</name>
         <load_address>0x0</load_address>
         <run_address>0x0</run_address>
         <size>0x0</size>
         <input_file_ref idref="fl-49"/>
      </object_component>
      <object_component id="oc-15f">
         <name>.debug_info</name>
         <load_address>0x0</load_address>
         <run_address>0x0</run_address>
         <size>0xe8</size>
         <input_file_ref idref="fl-2"/>
      </object_component>
      <object_component id="oc-9e">
         <name>.debug_info</name>
         <load_address>0xe8</load_address>
         <run_address>0xe8</run_address>
         <size>0x1c6</size>
         <input_file_ref idref="fl-2"/>
      </object_component>
      <object_component id="oc-92">
         <name>.debug_info</name>
         <load_address>0x2ae</load_address>
         <run_address>0x2ae</run_address>
         <size>0x8e1</size>
         <input_file_ref idref="fl-3"/>
      </object_component>
      <object_component id="oc-5c">
         <name>.debug_info</name>
         <load_address>0xb8f</load_address>
         <run_address>0xb8f</run_address>
         <size>0x1f1</size>
         <input_file_ref idref="fl-5"/>
      </object_component>
      <object_component id="oc-5f">
         <name>.debug_info</name>
         <load_address>0xd80</load_address>
         <run_address>0xd80</run_address>
         <size>0x179</size>
         <input_file_ref idref="fl-5"/>
      </object_component>
      <object_component id="oc-34">
         <name>.debug_info</name>
         <load_address>0xef9</load_address>
         <run_address>0xef9</run_address>
         <size>0xac9</size>
         <input_file_ref idref="fl-5"/>
      </object_component>
      <object_component id="oc-3a">
         <name>.debug_info</name>
         <load_address>0x19c2</load_address>
         <run_address>0x19c2</run_address>
         <size>0x2ea</size>
         <input_file_ref idref="fl-5"/>
      </object_component>
      <object_component id="oc-82">
         <name>.debug_info</name>
         <load_address>0x1cac</load_address>
         <run_address>0x1cac</run_address>
         <size>0xb43</size>
         <input_file_ref idref="fl-6"/>
      </object_component>
      <object_component id="oc-a4">
         <name>.debug_info</name>
         <load_address>0x27ef</load_address>
         <run_address>0x27ef</run_address>
         <size>0x35b</size>
         <input_file_ref idref="fl-7"/>
      </object_component>
      <object_component id="oc-62">
         <name>.debug_info</name>
         <load_address>0x2b4a</load_address>
         <run_address>0x2b4a</run_address>
         <size>0x225</size>
         <input_file_ref idref="fl-8"/>
      </object_component>
      <object_component id="oc-6f">
         <name>.debug_info</name>
         <load_address>0x2d6f</load_address>
         <run_address>0x2d6f</run_address>
         <size>0xc0f</size>
         <input_file_ref idref="fl-a"/>
      </object_component>
      <object_component id="oc-30">
         <name>.debug_info</name>
         <load_address>0x397e</load_address>
         <run_address>0x397e</run_address>
         <size>0x10f</size>
         <input_file_ref idref="fl-b"/>
      </object_component>
      <object_component id="oc-56">
         <name>.debug_info</name>
         <load_address>0x3a8d</load_address>
         <run_address>0x3a8d</run_address>
         <size>0x110</size>
         <input_file_ref idref="fl-b"/>
      </object_component>
      <object_component id="oc-12b">
         <name>.debug_info</name>
         <load_address>0x3b9d</load_address>
         <run_address>0x3b9d</run_address>
         <size>0x15a</size>
         <input_file_ref idref="fl-c"/>
      </object_component>
      <object_component id="oc-76">
         <name>.debug_info</name>
         <load_address>0x3cf7</load_address>
         <run_address>0x3cf7</run_address>
         <size>0x1ce1</size>
         <input_file_ref idref="fl-c"/>
      </object_component>
      <object_component id="oc-1f3">
         <name>.debug_info</name>
         <load_address>0x59d8</load_address>
         <run_address>0x59d8</run_address>
         <size>0x219</size>
         <input_file_ref idref="fl-15"/>
      </object_component>
      <object_component id="oc-153">
         <name>.debug_info</name>
         <load_address>0x5bf1</load_address>
         <run_address>0x5bf1</run_address>
         <size>0x265</size>
         <input_file_ref idref="fl-15"/>
      </object_component>
      <object_component id="oc-1aa">
         <name>.debug_info</name>
         <load_address>0x5e56</load_address>
         <run_address>0x5e56</run_address>
         <size>0x205</size>
         <input_file_ref idref="fl-16"/>
      </object_component>
      <object_component id="oc-122">
         <name>.debug_info</name>
         <load_address>0x605b</load_address>
         <run_address>0x605b</run_address>
         <size>0x27d</size>
         <input_file_ref idref="fl-16"/>
      </object_component>
      <object_component id="oc-ef">
         <name>.debug_info</name>
         <load_address>0x62d8</load_address>
         <run_address>0x62d8</run_address>
         <size>0x266</size>
         <input_file_ref idref="fl-16"/>
      </object_component>
      <object_component id="oc-f5">
         <name>.debug_info</name>
         <load_address>0x653e</load_address>
         <run_address>0x653e</run_address>
         <size>0x2ae</size>
         <input_file_ref idref="fl-16"/>
      </object_component>
      <object_component id="oc-128">
         <name>.debug_info</name>
         <load_address>0x67ec</load_address>
         <run_address>0x67ec</run_address>
         <size>0x296</size>
         <input_file_ref idref="fl-16"/>
      </object_component>
      <object_component id="oc-e9">
         <name>.debug_info</name>
         <load_address>0x6a82</load_address>
         <run_address>0x6a82</run_address>
         <size>0x24f</size>
         <input_file_ref idref="fl-16"/>
      </object_component>
      <object_component id="oc-15b">
         <name>.debug_info</name>
         <load_address>0x6cd1</load_address>
         <run_address>0x6cd1</run_address>
         <size>0x1fe</size>
         <input_file_ref idref="fl-17"/>
      </object_component>
      <object_component id="oc-134">
         <name>.debug_info</name>
         <load_address>0x6ecf</load_address>
         <run_address>0x6ecf</run_address>
         <size>0x202</size>
         <input_file_ref idref="fl-17"/>
      </object_component>
      <object_component id="oc-13f">
         <name>.debug_info</name>
         <load_address>0x70d1</load_address>
         <run_address>0x70d1</run_address>
         <size>0x21c</size>
         <input_file_ref idref="fl-17"/>
      </object_component>
      <object_component id="oc-148">
         <name>.debug_info</name>
         <load_address>0x72ed</load_address>
         <run_address>0x72ed</run_address>
         <size>0x202</size>
         <input_file_ref idref="fl-17"/>
      </object_component>
      <object_component id="oc-144">
         <name>.debug_info</name>
         <load_address>0x74ef</load_address>
         <run_address>0x74ef</run_address>
         <size>0x1e8</size>
         <input_file_ref idref="fl-17"/>
      </object_component>
      <object_component id="oc-87">
         <name>.debug_info</name>
         <load_address>0x76d7</load_address>
         <run_address>0x76d7</run_address>
         <size>0x20f</size>
         <input_file_ref idref="fl-17"/>
      </object_component>
      <object_component id="oc-8e">
         <name>.debug_info</name>
         <load_address>0x78e6</load_address>
         <run_address>0x78e6</run_address>
         <size>0x20a</size>
         <input_file_ref idref="fl-17"/>
      </object_component>
      <object_component id="oc-9b">
         <name>.debug_info</name>
         <load_address>0x7af0</load_address>
         <run_address>0x7af0</run_address>
         <size>0x2b2</size>
         <input_file_ref idref="fl-17"/>
      </object_component>
      <object_component id="oc-ca">
         <name>.debug_info</name>
         <load_address>0x7da2</load_address>
         <run_address>0x7da2</run_address>
         <size>0x205</size>
         <input_file_ref idref="fl-18"/>
      </object_component>
      <object_component id="oc-1be">
         <name>.debug_info</name>
         <load_address>0x7fa7</load_address>
         <run_address>0x7fa7</run_address>
         <size>0x225</size>
         <input_file_ref idref="fl-18"/>
      </object_component>
      <object_component id="oc-1b7">
         <name>.debug_info</name>
         <load_address>0x81cc</load_address>
         <run_address>0x81cc</run_address>
         <size>0x227</size>
         <input_file_ref idref="fl-18"/>
      </object_component>
      <object_component id="oc-d3">
         <name>.debug_info</name>
         <load_address>0x83f3</load_address>
         <run_address>0x83f3</run_address>
         <size>0x22f</size>
         <input_file_ref idref="fl-18"/>
      </object_component>
      <object_component id="oc-de">
         <name>.debug_info</name>
         <load_address>0x8622</load_address>
         <run_address>0x8622</run_address>
         <size>0x243</size>
         <input_file_ref idref="fl-18"/>
      </object_component>
      <object_component id="oc-d9">
         <name>.debug_info</name>
         <load_address>0x8865</load_address>
         <run_address>0x8865</run_address>
         <size>0x233</size>
         <input_file_ref idref="fl-18"/>
      </object_component>
      <object_component id="oc-1b1">
         <name>.debug_info</name>
         <load_address>0x8a98</load_address>
         <run_address>0x8a98</run_address>
         <size>0x235</size>
         <input_file_ref idref="fl-18"/>
      </object_component>
      <object_component id="oc-fe">
         <name>.debug_info</name>
         <load_address>0x8ccd</load_address>
         <run_address>0x8ccd</run_address>
         <size>0x2b5</size>
         <input_file_ref idref="fl-18"/>
      </object_component>
      <object_component id="oc-69">
         <name>.debug_info</name>
         <load_address>0x8f82</load_address>
         <run_address>0x8f82</run_address>
         <size>0x2ce</size>
         <input_file_ref idref="fl-18"/>
      </object_component>
      <object_component id="oc-f8">
         <name>.debug_info</name>
         <load_address>0x9250</load_address>
         <run_address>0x9250</run_address>
         <size>0x268</size>
         <input_file_ref idref="fl-18"/>
      </object_component>
      <object_component id="oc-1d7">
         <name>.debug_info</name>
         <load_address>0x94b8</load_address>
         <run_address>0x94b8</run_address>
         <size>0x1f2</size>
         <input_file_ref idref="fl-19"/>
      </object_component>
      <object_component id="oc-1ca">
         <name>.debug_info</name>
         <load_address>0x96aa</load_address>
         <run_address>0x96aa</run_address>
         <size>0x20e</size>
         <input_file_ref idref="fl-19"/>
      </object_component>
      <object_component id="oc-315">
         <name>.debug_info</name>
         <load_address>0x98b8</load_address>
         <run_address>0x98b8</run_address>
         <size>0x1e4</size>
         <input_file_ref idref="fl-19"/>
      </object_component>
      <object_component id="oc-35e">
         <name>.debug_info</name>
         <load_address>0x9a9c</load_address>
         <run_address>0x9a9c</run_address>
         <size>0x217</size>
         <input_file_ref idref="fl-19"/>
      </object_component>
      <object_component id="oc-302">
         <name>.debug_info</name>
         <load_address>0x9cb3</load_address>
         <run_address>0x9cb3</run_address>
         <size>0x244</size>
         <input_file_ref idref="fl-19"/>
      </object_component>
      <object_component id="oc-2eb">
         <name>.debug_info</name>
         <load_address>0x9ef7</load_address>
         <run_address>0x9ef7</run_address>
         <size>0x242</size>
         <input_file_ref idref="fl-19"/>
      </object_component>
      <object_component id="oc-2f1">
         <name>.debug_info</name>
         <load_address>0xa139</load_address>
         <run_address>0xa139</run_address>
         <size>0x24a</size>
         <input_file_ref idref="fl-19"/>
      </object_component>
      <object_component id="oc-308">
         <name>.debug_info</name>
         <load_address>0xa383</load_address>
         <run_address>0xa383</run_address>
         <size>0x24d</size>
         <input_file_ref idref="fl-19"/>
      </object_component>
      <object_component id="oc-2f6">
         <name>.debug_info</name>
         <load_address>0xa5d0</load_address>
         <run_address>0xa5d0</run_address>
         <size>0x24e</size>
         <input_file_ref idref="fl-19"/>
      </object_component>
      <object_component id="oc-36a">
         <name>.debug_info</name>
         <load_address>0xa81e</load_address>
         <run_address>0xa81e</run_address>
         <size>0x258</size>
         <input_file_ref idref="fl-19"/>
      </object_component>
      <object_component id="oc-2fd">
         <name>.debug_info</name>
         <load_address>0xaa76</load_address>
         <run_address>0xaa76</run_address>
         <size>0x27c</size>
         <input_file_ref idref="fl-19"/>
      </object_component>
      <object_component id="oc-30e">
         <name>.debug_info</name>
         <load_address>0xacf2</load_address>
         <run_address>0xacf2</run_address>
         <size>0x241</size>
         <input_file_ref idref="fl-19"/>
      </object_component>
      <object_component id="oc-112">
         <name>.debug_info</name>
         <load_address>0xaf33</load_address>
         <run_address>0xaf33</run_address>
         <size>0x277</size>
         <input_file_ref idref="fl-19"/>
      </object_component>
      <object_component id="oc-10c">
         <name>.debug_info</name>
         <load_address>0xb1aa</load_address>
         <run_address>0xb1aa</run_address>
         <size>0x51a</size>
         <input_file_ref idref="fl-19"/>
      </object_component>
      <object_component id="oc-279">
         <name>.debug_info</name>
         <load_address>0xb6c4</load_address>
         <run_address>0xb6c4</run_address>
         <size>0x3ba</size>
         <input_file_ref idref="fl-19"/>
      </object_component>
      <object_component id="oc-1d1">
         <name>.debug_info</name>
         <load_address>0xba7e</load_address>
         <run_address>0xba7e</run_address>
         <size>0x243</size>
         <input_file_ref idref="fl-19"/>
      </object_component>
      <object_component id="oc-11a">
         <name>.debug_info</name>
         <load_address>0xbcc1</load_address>
         <run_address>0xbcc1</run_address>
         <size>0x251</size>
         <input_file_ref idref="fl-19"/>
      </object_component>
      <object_component id="oc-107">
         <name>.debug_info</name>
         <load_address>0xbf12</load_address>
         <run_address>0xbf12</run_address>
         <size>0x241</size>
         <input_file_ref idref="fl-19"/>
      </object_component>
      <object_component id="oc-16a">
         <name>.debug_info</name>
         <load_address>0xc153</load_address>
         <run_address>0xc153</run_address>
         <size>0x238</size>
         <input_file_ref idref="fl-25"/>
      </object_component>
      <object_component id="oc-174">
         <name>.debug_info</name>
         <load_address>0xc38b</load_address>
         <run_address>0xc38b</run_address>
         <size>0x238</size>
         <input_file_ref idref="fl-26"/>
      </object_component>
      <object_component id="oc-c0">
         <name>.debug_info</name>
         <load_address>0xc5c3</load_address>
         <run_address>0xc5c3</run_address>
         <size>0x158</size>
         <input_file_ref idref="fl-27"/>
      </object_component>
      <object_component id="oc-223">
         <name>.debug_info</name>
         <load_address>0xc71b</load_address>
         <run_address>0xc71b</run_address>
         <size>0x127</size>
         <input_file_ref idref="fl-28"/>
      </object_component>
      <object_component id="oc-210">
         <name>.debug_info</name>
         <load_address>0xc842</load_address>
         <run_address>0xc842</run_address>
         <size>0x13b</size>
         <input_file_ref idref="fl-29"/>
      </object_component>
      <object_component id="oc-206">
         <name>.debug_info</name>
         <load_address>0xc97d</load_address>
         <run_address>0xc97d</run_address>
         <size>0x127</size>
         <input_file_ref idref="fl-2a"/>
      </object_component>
      <object_component id="oc-7b">
         <name>.debug_info</name>
         <load_address>0xcaa4</load_address>
         <run_address>0xcaa4</run_address>
         <size>0x127</size>
         <input_file_ref idref="fl-2b"/>
      </object_component>
      <object_component id="oc-165">
         <name>.debug_info</name>
         <load_address>0xcbcb</load_address>
         <run_address>0xcbcb</run_address>
         <size>0x12b</size>
         <input_file_ref idref="fl-2d"/>
      </object_component>
      <object_component id="oc-16f">
         <name>.debug_info</name>
         <load_address>0xccf6</load_address>
         <run_address>0xccf6</run_address>
         <size>0x12b</size>
         <input_file_ref idref="fl-2e"/>
      </object_component>
      <object_component id="oc-187">
         <name>.debug_info</name>
         <load_address>0xce21</load_address>
         <run_address>0xce21</run_address>
         <size>0x14d</size>
         <input_file_ref idref="fl-2f"/>
      </object_component>
      <object_component id="oc-237">
         <name>.debug_info</name>
         <load_address>0xcf6e</load_address>
         <run_address>0xcf6e</run_address>
         <size>0x1bf</size>
         <input_file_ref idref="fl-30"/>
      </object_component>
      <object_component id="oc-4a">
         <name>.debug_info</name>
         <load_address>0xd12d</load_address>
         <run_address>0xd12d</run_address>
         <size>0x1b6</size>
         <input_file_ref idref="fl-31"/>
      </object_component>
      <object_component id="oc-28">
         <name>.debug_info</name>
         <load_address>0xd2e3</load_address>
         <run_address>0xd2e3</run_address>
         <size>0x1b7</size>
         <input_file_ref idref="fl-32"/>
      </object_component>
      <object_component id="oc-21">
         <name>.debug_info</name>
         <load_address>0xd49a</load_address>
         <run_address>0xd49a</run_address>
         <size>0x20c</size>
         <input_file_ref idref="fl-33"/>
      </object_component>
      <object_component id="oc-2a5">
         <name>.debug_info</name>
         <load_address>0xd6a6</load_address>
         <run_address>0xd6a6</run_address>
         <size>0x210</size>
         <input_file_ref idref="fl-34"/>
      </object_component>
      <object_component id="oc-216">
         <name>.debug_info</name>
         <load_address>0xd8b6</load_address>
         <run_address>0xd8b6</run_address>
         <size>0x76d</size>
         <input_file_ref idref="fl-34"/>
      </object_component>
      <object_component id="oc-328">
         <name>.debug_info</name>
         <load_address>0xe023</load_address>
         <run_address>0xe023</run_address>
         <size>0x110</size>
         <input_file_ref idref="fl-35"/>
      </object_component>
      <object_component id="oc-333">
         <name>.debug_info</name>
         <load_address>0xe133</load_address>
         <run_address>0xe133</run_address>
         <size>0x166</size>
         <input_file_ref idref="fl-35"/>
      </object_component>
      <object_component id="oc-342">
         <name>.debug_info</name>
         <load_address>0xe299</load_address>
         <run_address>0xe299</run_address>
         <size>0x10b</size>
         <input_file_ref idref="fl-35"/>
      </object_component>
      <object_component id="oc-330">
         <name>.debug_info</name>
         <load_address>0xe3a4</load_address>
         <run_address>0xe3a4</run_address>
         <size>0x10c</size>
         <input_file_ref idref="fl-35"/>
      </object_component>
      <object_component id="oc-2ad">
         <name>.debug_info</name>
         <load_address>0xe4b0</load_address>
         <run_address>0xe4b0</run_address>
         <size>0x823</size>
         <input_file_ref idref="fl-35"/>
      </object_component>
      <object_component id="oc-266">
         <name>.debug_info</name>
         <load_address>0xecd3</load_address>
         <run_address>0xecd3</run_address>
         <size>0x19e</size>
         <input_file_ref idref="fl-36"/>
      </object_component>
      <object_component id="oc-194">
         <name>.debug_info</name>
         <load_address>0xee71</load_address>
         <run_address>0xee71</run_address>
         <size>0x1a9</size>
         <input_file_ref idref="fl-36"/>
      </object_component>
      <object_component id="oc-269">
         <name>.debug_info</name>
         <load_address>0xf01a</load_address>
         <run_address>0xf01a</run_address>
         <size>0x107</size>
         <input_file_ref idref="fl-37"/>
      </object_component>
      <object_component id="oc-356">
         <name>.debug_info</name>
         <load_address>0xf121</load_address>
         <run_address>0xf121</run_address>
         <size>0x10b</size>
         <input_file_ref idref="fl-37"/>
      </object_component>
      <object_component id="oc-2df">
         <name>.debug_info</name>
         <load_address>0xf22c</load_address>
         <run_address>0xf22c</run_address>
         <size>0x203</size>
         <input_file_ref idref="fl-37"/>
      </object_component>
      <object_component id="oc-191">
         <name>.debug_info</name>
         <load_address>0xf42f</load_address>
         <run_address>0xf42f</run_address>
         <size>0x15d</size>
         <input_file_ref idref="fl-38"/>
      </object_component>
      <object_component id="oc-28b">
         <name>.debug_info</name>
         <load_address>0xf58c</load_address>
         <run_address>0xf58c</run_address>
         <size>0x193</size>
         <input_file_ref idref="fl-3a"/>
      </object_component>
      <object_component id="oc-20a">
         <name>.debug_info</name>
         <load_address>0xf71f</load_address>
         <run_address>0xf71f</run_address>
         <size>0x350</size>
         <input_file_ref idref="fl-3a"/>
      </object_component>
      <object_component id="oc-2b5">
         <name>.debug_info</name>
         <load_address>0xfa6f</load_address>
         <run_address>0xfa6f</run_address>
         <size>0x195</size>
         <input_file_ref idref="fl-3b"/>
      </object_component>
      <object_component id="oc-21b">
         <name>.debug_info</name>
         <load_address>0xfc04</load_address>
         <run_address>0xfc04</run_address>
         <size>0x3a9</size>
         <input_file_ref idref="fl-3b"/>
      </object_component>
      <object_component id="oc-386">
         <name>.debug_info</name>
         <load_address>0xffad</load_address>
         <run_address>0xffad</run_address>
         <size>0x107</size>
         <input_file_ref idref="fl-3c"/>
      </object_component>
      <object_component id="oc-33c">
         <name>.debug_info</name>
         <load_address>0x100b4</load_address>
         <run_address>0x100b4</run_address>
         <size>0x235</size>
         <input_file_ref idref="fl-3c"/>
      </object_component>
      <object_component id="oc-378">
         <name>.debug_info</name>
         <load_address>0x102e9</load_address>
         <run_address>0x102e9</run_address>
         <size>0x146</size>
         <input_file_ref idref="fl-3d"/>
      </object_component>
      <object_component id="oc-336">
         <name>.debug_info</name>
         <load_address>0x1042f</load_address>
         <run_address>0x1042f</run_address>
         <size>0x208</size>
         <input_file_ref idref="fl-3d"/>
      </object_component>
      <object_component id="oc-37b">
         <name>.debug_info</name>
         <load_address>0x10637</load_address>
         <run_address>0x10637</run_address>
         <size>0x189</size>
         <input_file_ref idref="fl-3e"/>
      </object_component>
      <object_component id="oc-28e">
         <name>.debug_info</name>
         <load_address>0x107c0</load_address>
         <run_address>0x107c0</run_address>
         <size>0x127</size>
         <input_file_ref idref="fl-3f"/>
      </object_component>
      <object_component id="oc-2a9">
         <name>.debug_info</name>
         <load_address>0x108e7</load_address>
         <run_address>0x108e7</run_address>
         <size>0x131</size>
         <input_file_ref idref="fl-40"/>
      </object_component>
      <object_component id="oc-286">
         <name>.debug_info</name>
         <load_address>0x10a18</load_address>
         <run_address>0x10a18</run_address>
         <size>0x127</size>
         <input_file_ref idref="fl-41"/>
      </object_component>
      <object_component id="oc-29b">
         <name>.debug_info</name>
         <load_address>0x10b3f</load_address>
         <run_address>0x10b3f</run_address>
         <size>0x127</size>
         <input_file_ref idref="fl-42"/>
      </object_component>
      <object_component id="oc-298">
         <name>.debug_info</name>
         <load_address>0x10c66</load_address>
         <run_address>0x10c66</run_address>
         <size>0x1a5</size>
         <input_file_ref idref="fl-43"/>
      </object_component>
      <object_component id="oc-32c">
         <name>.debug_info</name>
         <load_address>0x10e0b</load_address>
         <run_address>0x10e0b</run_address>
         <size>0x163</size>
         <input_file_ref idref="fl-44"/>
      </object_component>
      <object_component id="oc-2a1">
         <name>.debug_info</name>
         <load_address>0x10f6e</load_address>
         <run_address>0x10f6e</run_address>
         <size>0x12b</size>
         <input_file_ref idref="fl-45"/>
      </object_component>
      <object_component id="oc-43">
         <name>.debug_info</name>
         <load_address>0x11099</load_address>
         <run_address>0x11099</run_address>
         <size>0x19b</size>
         <input_file_ref idref="fl-47"/>
      </object_component>
      <object_component id="oc-2c7">
         <name>.debug_info</name>
         <load_address>0x11234</load_address>
         <run_address>0x11234</run_address>
         <size>0x147</size>
         <input_file_ref idref="fl-48"/>
      </object_component>
      <object_component id="oc-381">
         <name>.debug_info</name>
         <load_address>0x1137b</load_address>
         <run_address>0x1137b</run_address>
         <size>0x106</size>
         <input_file_ref idref="fl-49"/>
      </object_component>
      <object_component id="oc-3e9">
         <name>.debug_info</name>
         <load_address>0x11481</load_address>
         <run_address>0x11481</run_address>
         <size>0xaf</size>
      </object_component>
      <object_component id="oc-1fe">
         <name>.debug_line</name>
         <load_address>0x0</load_address>
         <run_address>0x0</run_address>
         <size>0x2f</size>
         <input_file_ref idref="fl-2"/>
      </object_component>
      <object_component id="oc-a1">
         <name>.debug_line</name>
         <load_address>0x2f</load_address>
         <run_address>0x2f</run_address>
         <size>0x5c</size>
         <input_file_ref idref="fl-2"/>
      </object_component>
      <object_component id="oc-200">
         <name>.debug_line</name>
[...]
      </symbol>
      <symbol id="sm-6">
         <name>__TI_STACK_SIZE</name>
         <value>0x100</value>
      </symbol>
      <symbol id="sm-7">
         <name>__TI_STACK_END</name>
         <value>0x500</value>
      </symbol>
      <symbol id="sm-8">
         <name>__TI_pprof_out_hndl</name>
         <value>0xffffffff</value>
      </symbol>
      <symbol id="sm-9">
         <name>__TI_prof_data_start</name>
         <value>0xffffffff</value>
      </symbol>
      <symbol id="sm-a">
         <name>__TI_prof_data_size</name>
         <value>0xffffffff</value>
      </symbol>
      <symbol id="sm-44">
         <name>clark_beta</name>
         <value>0x9d3b</value>
         <object_component_ref idref="oc-9d"/>
      </symbol>
      <symbol id="sm-45">
         <name>clark_alpha</name>
         <value>0x9d34</value>
         <object_component_ref idref="oc-9d"/>
      </symbol>
      <symbol id="sm-46">
         <name>onebysqrt3</name>
         <value>0xae38</value>
         <object_component_ref idref="oc-15e"/>
      </symbol>
      <symbol id="sm-62">
         <name>configCPUTimer</name>
         <value>0x918f</value>
         <object_component_ref idref="oc-91"/>
      </symbol>
      <symbol id="sm-63">
         <name>initCPUTimers</name>
         <value>0x9164</value>
         <object_component_ref idref="oc-91"/>
      </symbol>
      <symbol id="sm-9f">
         <name>ibeta</name>
         <value>0xae44</value>
         <object_component_ref idref="oc-5b"/>
      </symbol>
      <symbol id="sm-a0">
         <name>iqref</name>
         <value>0xae24</value>
         <object_component_ref idref="oc-5e"/>
      </symbol>
      <symbol id="sm-a1">
         <name>speed_motor</name>
         <value>0xae4a</value>
         <object_component_ref idref="oc-5b"/>
      </symbol>
      <symbol id="sm-a2">
         <name>cpuTimer1ISR</name>
         <value>0x92d8</value>
         <object_component_ref idref="oc-32"/>
      </symbol>
      <symbol id="sm-a3">
         <name>pid_speed</name>
         <value>0xae80</value>
         <object_component_ref idref="oc-5b"/>
      </symbol>
      <symbol id="sm-a4">
         <name>vq</name>
         <value>0xae26</value>
         <object_component_ref idref="oc-5e"/>
      </symbol>
      <symbol id="sm-a5">
         <name>cpuTimer0ISR</name>
         <value>0x928c</value>
         <object_component_ref idref="oc-32"/>
      </symbol>
      <symbol id="sm-a6">
         <name>prev_pos</name>
         <value>0xae1e</value>
         <object_component_ref idref="oc-5e"/>
      </symbol>
      <symbol id="sm-a7">
         <name>pid_current_q</name>
         <value>0xae4c</value>
         <object_component_ref idref="oc-5b"/>
      </symbol>
      <symbol id="sm-a8">
         <name>main</name>
         <value>0x8cc1</value>
         <object_component_ref idref="oc-33"/>
      </symbol>
      <symbol id="sm-a9">
         <name>ialpha</name>
         <value>0xae42</value>
         <object_component_ref idref="oc-5b"/>
      </symbol>
      <symbol id="sm-aa">
         <name>iq</name>
         <value>0xae48</value>
         <object_component_ref idref="oc-5b"/>
      </symbol>
      <symbol id="sm-ab">
         <name>id</name>
         <value>0xae46</value>
         <object_component_ref idref="oc-5b"/>
      </symbol>
      <symbol id="sm-ac">
         <name>ib</name>
         <value>0xae22</value>
         <object_component_ref idref="oc-5e"/>
      </symbol>
      <symbol id="sm-ad">
         <name>ia</name>
         <value>0xae20</value>
         <object_component_ref idref="oc-5e"/>
      </symbol>
      <symbol id="sm-ae">
         <name>calculateSpeed</name>
         <value>0x8c97</value>
         <object_component_ref idref="oc-33"/>
      </symbol>
      <symbol id="sm-af">
         <name>cpuTimer0IntCount</name>
         <value>0xae40</value>
         <object_component_ref idref="oc-5b"/>
      </symbol>
      <symbol id="sm-b0">
         <name>tester</name>
         <value>0xae1c</value>
         <object_component_ref idref="oc-5e"/>
      </symbol>
      <symbol id="sm-d2">
         <name>Pin_EQEP</name>
         <value>0xb78b</value>
         <object_component_ref idref="oc-7f"/>
      </symbol>
      <symbol id="sm-d3">
         <name>setupEQEPModule</name>
         <value>0xb75b</value>
         <object_component_ref idref="oc-7f"/>
      </symbol>
      <symbol id="sm-e0">
         <name>park_iq</name>
         <value>0x9686</value>
         <object_component_ref idref="oc-a3"/>
      </symbol>
      <symbol id="sm-e1">
         <name>park_id</name>
         <value>0x9639</value>
         <object_component_ref idref="oc-a3"/>
      </symbol>
      <symbol id="sm-f2">
         <name>PIDController_Update</name>
         <value>0x91db</value>
         <object_component_ref idref="oc-61"/>
      </symbol>
      <symbol id="sm-f3">
         <name>PIDController_Init</name>
         <value>0x91bd</value>
         <object_component_ref idref="oc-61"/>
      </symbol>
      <symbol id="sm-11b">
         <name>PinMux_init</name>
         <value>0x872c</value>
         <object_component_ref idref="oc-6e"/>
      </symbol>
      <symbol id="sm-11c">
         <name>SCI_init</name>
         <value>0x874b</value>
         <object_component_ref idref="oc-6e"/>
      </symbol>
      <symbol id="sm-11d">
         <name>intToStrPositive</name>
         <value>0x878b</value>
         <object_component_ref idref="oc-6e"/>
      </symbol>
      <symbol id="sm-11e">
         <name>mySCI0_init</name>
         <value>0x874e</value>
         <object_component_ref idref="oc-6e"/>
      </symbol>
      <symbol id="sm-12d">
         <name>code_start</name>
         <value>0x0</value>
         <object_component_ref idref="oc-2d"/>
      </symbol>
      <symbol id="sm-15f">
         <name>Device_enableAllPeripherals</name>
         <value>0x88ed</value>
         <object_component_ref idref="oc-74"/>
      </symbol>
      <symbol id="sm-160">
         <name>Device_initGPIO</name>
         <value>0x89d8</value>
         <object_component_ref idref="oc-74"/>
      </symbol>
      <symbol id="sm-161">
         <name>Example_Fail</name>
         <value>0xae2c</value>
         <object_component_ref idref="oc-12a"/>
      </symbol>
      <symbol id="sm-162">
         <name>Example_setResultFail</name>
         <value>0x8bf6</value>
         <object_component_ref idref="oc-74"/>
      </symbol>
      <symbol id="sm-163">
         <name>Device_bootCPU2</name>
         <value>0x8a70</value>
         <object_component_ref idref="oc-74"/>
      </symbol>
      <symbol id="sm-164">
         <name>Device_init</name>
         <value>0x88ab</value>
         <object_component_ref idref="oc-74"/>
      </symbol>
      <symbol id="sm-165">
         <name>Example_Result</name>
         <value>0xae28</value>
         <object_component_ref idref="oc-12a"/>
      </symbol>
      <symbol id="sm-166">
         <name>Device_enableUnbondedGPIOPullups</name>
         <value>0x8a29</value>
         <object_component_ref idref="oc-74"/>
      </symbol>
      <symbol id="sm-167">
         <name>__error__</name>
         <value>0x8bea</value>
         <object_component_ref idref="oc-74"/>
      </symbol>
      <symbol id="sm-168">
         <name>Example_setResultPass</name>
         <value>0x8bf1</value>
         <object_component_ref idref="oc-74"/>
      </symbol>
      <symbol id="sm-169">
         <name>Device_configureTMXAnalogTrim</name>
         <value>0x8a3f</value>
         <object_component_ref idref="oc-74"/>
      </symbol>
      <symbol id="sm-16a">
         <name>Device_enableUnbondedGPIOPullupsFor176Pin</name>
         <value>0x89f9</value>
         <object_component_ref idref="oc-74"/>
      </symbol>
      <symbol id="sm-16b">
         <name>Example_done</name>
         <value>0x8bfb</value>
         <object_component_ref idref="oc-74"/>
      </symbol>
      <symbol id="sm-16c">
         <name>Example_PassCount</name>
         <value>0xae2a</value>
         <object_component_ref idref="oc-12a"/>
      </symbol>
      <symbol id="sm-16d">
         <name>Device_enableUnbondedGPIOPullupsFor100Pin</name>
         <value>0x8a0c</value>
         <object_component_ref idref="oc-74"/>
      </symbol>
      <symbol id="sm-187">
         <name>CPUTimer_setEmulationMode</name>
         <value>0x9e8b</value>
         <object_component_ref idref="oc-14f"/>
      </symbol>
      <symbol id="sm-1c9">
         <name>GPIO_setQualificationMode</name>
         <value>0x9b04</value>
         <object_component_ref idref="oc-f1"/>
      </symbol>
      <symbol id="sm-1ca">
         <name>GPIO_setPadConfig</name>
         <value>0x98eb</value>
         <object_component_ref idref="oc-eb"/>
      </symbol>
      <symbol id="sm-1cb">
         <name>GPIO_setDirectionMode</name>
         <value>0x8fcb</value>
         <object_component_ref idref="oc-11e"/>
      </symbol>
      <symbol id="sm-1cc">
         <name>GPIO_setPinConfig</name>
         <value>0x9acd</value>
         <object_component_ref idref="oc-e5"/>
      </symbol>
      <symbol id="sm-1cd">
         <name>GPIO_setControllerCore</name>
         <value>0x9a96</value>
         <object_component_ref idref="oc-124"/>
      </symbol>
      <symbol id="sm-21f">
         <name>Interrupt_initModule</name>
         <value>0x9a59</value>
         <object_component_ref idref="oc-85"/>
      </symbol>
      <symbol id="sm-220">
         <name>Interrupt_enable</name>
         <value>0x9b3b</value>
         <object_component_ref idref="oc-97"/>
      </symbol>
      <symbol id="sm-221">
         <name>Interrupt_initVectorTable</name>
         <value>0x9cf9</value>
         <object_component_ref idref="oc-8b"/>
      </symbol>
      <symbol id="sm-292">
         <name>SCI_clearInterruptStatus</name>
         <value>0x99d6</value>
         <object_component_ref idref="oc-f7"/>
      </symbol>
      <symbol id="sm-293">
         <name>SCI_writeCharArray</name>
         <value>0xb7be</value>
         <object_component_ref idref="oc-68"/>
      </symbol>
      <symbol id="sm-294">
         <name>SCI_setConfig</name>
         <value>0x9a1b</value>
         <object_component_ref idref="oc-fd"/>
      </symbol>
      <symbol id="sm-36d">
         <name>SysCtl_delay</name>
         <value>0x123</value>
         <object_component_ref idref="oc-1d5"/>
      </symbol>
      <symbol id="sm-36e">
         <name>SysCtl_getDeviceParametric</name>
         <value>0x9883</value>
         <object_component_ref idref="oc-105"/>
      </symbol>
      <symbol id="sm-36f">
         <name>SysCtl_selectXTAL</name>
         <value>0x96d3</value>
         <object_component_ref idref="oc-278"/>
      </symbol>
      <symbol id="sm-370">
         <name>SysCtl_selectOscSource</name>
         <value>0x998e</value>
         <object_component_ref idref="oc-1cf"/>
      </symbol>
      <symbol id="sm-371">
         <name>SysCtl_getLowSpeedClock</name>
         <value>0x9dbc</value>
         <object_component_ref idref="oc-118"/>
      </symbol>
      <symbol id="sm-372">
         <name>SysCtl_setClock</name>
         <value>0x8431</value>
         <object_component_ref idref="oc-10b"/>
      </symbol>
      <symbol id="sm-373">
         <name>SysCtl_getClock</name>
         <value>0x993d</value>
         <object_component_ref idref="oc-111"/>
      </symbol>
      <symbol id="sm-38d">
         <name>cosl</name>
         <value>0x935b</value>
         <object_component_ref idref="oc-168"/>
      </symbol>
      <symbol id="sm-38e">
         <name>cos</name>
         <value>0x935b</value>
         <object_component_ref idref="oc-168"/>
      </symbol>
      <symbol id="sm-3a8">
         <name>sin</name>
         <value>0x9429</value>
         <object_component_ref idref="oc-173"/>
      </symbol>
      <symbol id="sm-3a9">
         <name>sinl</name>
         <value>0x9429</value>
         <object_component_ref idref="oc-173"/>
      </symbol>
      <symbol id="sm-3b3">
         <name>_c_int00</name>
         <value>0x9e4c</value>
         <object_component_ref idref="oc-bd"/>
      </symbol>
      <symbol id="sm-3b4">
         <name>__stack</name>
         <value>0x400</value>
         <object_component_ref idref="oc-3e"/>
      </symbol>
      <symbol id="sm-3bd">
         <name>__c28xabi_negd</name>
         <value>0x9f6f</value>
         <object_component_ref idref="oc-220"/>
      </symbol>
      <symbol id="sm-3c5">
         <name>__c28xabi_subd</name>
         <value>0x9f11</value>
         <object_component_ref idref="oc-20f"/>
      </symbol>
      <symbol id="sm-3d0">
         <name>__c28xabi_dtoi</name>
         <value>0x9c7a</value>
         <object_component_ref idref="oc-203"/>
      </symbol>
      <symbol id="sm-3dd">
         <name>__c28xabi_divf</name>
         <value>0x975d</value>
         <object_component_ref idref="oc-7a"/>
      </symbol>
      <symbol id="sm-3ea">
         <name>__c28xabi_ftod</name>
         <value>0x9d50</value>
         <object_component_ref idref="oc-163"/>
      </symbol>
      <symbol id="sm-3f6">
         <name>__c28xabi_dtof</name>
         <value>0x9c14</value>
         <object_component_ref idref="oc-16e"/>
      </symbol>
      <symbol id="sm-403">
         <name>_system_pre_init</name>
         <value>0x9f8f</value>
         <object_component_ref idref="oc-186"/>
      </symbol>
      <symbol id="sm-412">
         <name>__TI_auto_init_nobinit_nopinit</name>
         <value>0x9b72</value>
         <object_component_ref idref="oc-233"/>
      </symbol>
      <symbol id="sm-421">
         <name>__TI_zero_init_nomemset</name>
         <value>0x9f39</value>
         <object_component_ref idref="oc-49"/>
      </symbol>
      <symbol id="sm-42e">
         <name>__TI_decompress_none</name>
         <value>0x9f80</value>
         <object_component_ref idref="oc-26"/>
      </symbol>
      <symbol id="sm-442">
         <name>__TI_decompress_lzss</name>
         <value>0x87d1</value>
         <object_component_ref idref="oc-20"/>
      </symbol>
      <symbol id="sm-47d">
         <name>__rem_pio2</name>
         <value>0x8000</value>
         <object_component_ref idref="oc-214"/>
      </symbol>
      <symbol id="sm-4ef">
         <name>__kernel_rem_pio2</name>
         <value>0xb000</value>
         <object_component_ref idref="oc-2ac"/>
      </symbol>
      <symbol id="sm-505">
         <name>C$$EXIT</name>
         <value>0x9bc7</value>
         <object_component_ref idref="oc-193"/>
      </symbol>
      <symbol id="sm-506">
         <name>abort</name>
         <value>0x9bc7</value>
         <object_component_ref idref="oc-193"/>
      </symbol>
      <symbol id="sm-507">
         <name>exit</name>
         <value>0x9bc9</value>
         <object_component_ref idref="oc-193"/>
      </symbol>
      <symbol id="sm-508">
         <name>__TI_dtors_ptr</name>
         <value>0xae32</value>
         <object_component_ref idref="oc-265"/>
      </symbol>
      <symbol id="sm-509">
         <name>__TI_cleanup_ptr</name>
         <value>0xae30</value>
         <object_component_ref idref="oc-265"/>
      </symbol>
      <symbol id="sm-50a">
         <name>__TI_enable_exit_profile_output</name>
         <value>0xae2e</value>
         <object_component_ref idref="oc-265"/>
      </symbol>
      <symbol id="sm-521">
         <name>_nop</name>
         <value>0x9f6e</value>
         <object_component_ref idref="oc-2dd"/>
      </symbol>
      <symbol id="sm-522">
         <name>_lock</name>
         <value>0xae34</value>
         <object_component_ref idref="oc-268"/>
      </symbol>
      <symbol id="sm-523">
         <name>_unlock</name>
         <value>0xae36</value>
         <object_component_ref idref="oc-355"/>
      </symbol>
      <symbol id="sm-524">
         <name>_register_lock</name>
         <value>0x9f6a</value>
         <object_component_ref idref="oc-2dd"/>
      </symbol>
      <symbol id="sm-525">
         <name>_register_unlock</name>
         <value>0x9f66</value>
         <object_component_ref idref="oc-2dd"/>
      </symbol>
      <symbol id="sm-534">
         <name>_args_main</name>
         <value>0x9f46</value>
         <object_component_ref idref="oc-18d"/>
      </symbol>
      <symbol id="sm-557">
         <name>__kernel_cos</name>
         <value>0x8eb8</value>
         <object_component_ref idref="oc-209"/>
      </symbol>
      <symbol id="sm-57a">
         <name>__kernel_sin</name>
         <value>0x8d93</value>
         <object_component_ref idref="oc-21a"/>
      </symbol>
      <symbol id="sm-59d">
         <name>floorl</name>
         <value>0x9000</value>
         <object_component_ref idref="oc-33b"/>
      </symbol>
      <symbol id="sm-59e">
         <name>floor</name>
         <value>0x9000</value>
         <object_component_ref idref="oc-33b"/>
      </symbol>
      <symbol id="sm-5c0">
         <name>scalbn</name>
         <value>0x94f4</value>
         <object_component_ref idref="oc-335"/>
      </symbol>
      <symbol id="sm-5c1">
         <name>scalbnl</name>
         <value>0x94f4</value>
         <object_component_ref idref="oc-335"/>
      </symbol>
      <symbol id="sm-5c2">
         <name>ldexpl</name>
         <value>0x94f4</value>
         <object_component_ref idref="oc-335"/>
      </symbol>
      <symbol id="sm-5c3">
         <name>ldexp</name>
         <value>0x94f4</value>
         <object_component_ref idref="oc-335"/>
      </symbol>
      <symbol id="sm-5d1">
         <name>copysign</name>
         <value>0x9bf0</value>
         <object_component_ref idref="oc-37a"/>
      </symbol>
      <symbol id="sm-5d2">
         <name>copysignl</name>
         <value>0x9bf0</value>
         <object_component_ref idref="oc-37a"/>
      </symbol>
      <symbol id="sm-5e9">
         <name>__c28xabi_addd</name>
         <value>0x959d</value>
         <object_component_ref idref="oc-28d"/>
      </symbol>
      <symbol id="sm-5f5">
         <name>__c28xabi_cmpd</name>
         <value>0x9b9d</value>
         <object_component_ref idref="oc-2a7"/>
      </symbol>
      <symbol id="sm-603">
         <name>__c28xabi_mpyd</name>
         <value>0x9800</value>
         <object_component_ref idref="oc-285"/>
      </symbol>
      <symbol id="sm-60e">
         <name>__c28xabi_dtol</name>
         <value>0x9cda</value>
         <object_component_ref idref="oc-29a"/>
      </symbol>
      <symbol id="sm-616">
         <name>__c28xabi_orll</name>
         <value>0x9e0e</value>
         <object_component_ref idref="oc-295"/>
      </symbol>
      <symbol id="sm-617">
         <name>__c28xabi_xorll</name>
         <value>0x9e16</value>
         <object_component_ref idref="oc-295"/>
      </symbol>
      <symbol id="sm-618">
         <name>__c28xabi_andll</name>
         <value>0x9e06</value>
         <object_component_ref idref="oc-295"/>
      </symbol>
      <symbol id="sm-622">
         <name>__c28xabi_modi</name>
         <value>0x9c48</value>
         <object_component_ref idref="oc-32a"/>
      </symbol>
      <symbol id="sm-623">
         <name>__c28xabi_divi</name>
         <value>0x9c37</value>
         <object_component_ref idref="oc-32a"/>
      </symbol>
      <symbol id="sm-62f">
         <name>__c28xabi_ltod</name>
         <value>0x9d6c</value>
         <object_component_ref idref="oc-29f"/>
      </symbol>
      <symbol id="sm-642">
         <name>memcpy</name>
         <value>0x9d17</value>
         <object_component_ref idref="oc-41"/>
      </symbol>
      <symbol id="sm-64f">
         <name>_system_post_cinit</name>
         <value>0xb7ff</value>
         <object_component_ref idref="oc-2c3"/>
      </symbol>
      <symbol id="sm-65a">
         <name>errno</name>
         <value>0xae3a</value>
         <object_component_ref idref="oc-380"/>
      </symbol>
      <symbol id="sm-65c">
         <name>__c_args__</name>
         <value>0x0</value>
      </symbol>
   </symbol_table>
   <title>Link successful</title>
</link_info>
