******************************************************************************
             TMS320C2000 Linker PC v22.6.0                     
******************************************************************************
>> Linked Wed Jun 21 19:43:12 2023

OUTPUT FILE NAME:   <final_project.out>
ENTRY POINT SYMBOL: "code_start"  address: 00000000


MEMORY CONFIGURATION

         name            origin    length      used     unused   attr    fill
----------------------  --------  ---------  --------  --------  ----  --------
PAGE 0:
  BEGIN                 00000000   00000002  00000002  00000000  RWIX
  RAMM0                 00000123   000002dd  00000028  000002b5  RWIX
  RAMLS0                00008000   00000800  00000800  00000000  RWIX
  RAMLS1                00008800   00000800  000007ff  00000001  RWIX
  RAMLS2                00009000   00000800  00000800  00000000  RWIX
  RAMLS3                00009800   00000800  0000078b  00000075  RWIX
  RAMLS4                0000a000   00000800  00000000  00000800  RWIX
  RAMD0                 0000b000   00000800  00000800  00000000  RWIX
  FLASHA                00080002   00001ffe  00000000  00001ffe  RWIX
  FLASHB                00082000   00002000  00000000  00002000  RWIX
  FLASHC                00084000   00002000  00000000  00002000  RWIX
  FLASHD                00086000   00002000  00000000  00002000  RWIX
  FLASHE                00088000   00008000  00000000  00008000  RWIX
  FLASHF                00090000   00008000  00000000  00008000  RWIX
  FLASHG                00098000   00008000  00000000  00008000  RWIX
  FLASHH                000a0000   00008000  00000000  00008000  RWIX
  FLASHI                000a8000   00008000  00000000  00008000  RWIX
  FLASHJ                000b0000   00008000  00000000  00008000  RWIX
  FLASHK                000b8000   00002000  00000000  00002000  RWIX
  FLASHL                000ba000   00002000  00000000  00002000  RWIX
  FLASHM                000bc000   00002000  00000000  00002000  RWIX
  FLASHN                000be000   00001ff0  00000000  00001ff0  RWIX
  RESET                 003fffc0   00000002  00000000  00000002  RWIX

PAGE 1:
  BOOT_RSVD             00000002   00000121  00000000  00000121  RWIX
  RAMM1                 00000400   000003f8  00000100  000002f8  RWIX
  RAMLS5                0000a800   00000800  00000695  0000016b  RWIX
  RAMD1                 0000b800   00000800  00000000  00000800  RWIX
  RAMGS0                0000c000   00001000  00000000  00001000  RWIX
  RAMGS1                0000d000   00001000  00000000  00001000  RWIX
  RAMGS2                0000e000   00001000  00000000  00001000  RWIX
  RAMGS3                0000f000   00001000  00000000  00001000  RWIX
  RAMGS4                00010000   00001000  00000000  00001000  RWIX
  RAMGS5                00011000   00001000  00000000  00001000  RWIX
  RAMGS6                00012000   00001000  00000000  00001000  RWIX
  RAMGS7                00013000   00001000  00000000  00001000  RWIX
  RAMGS8                00014000   00001000  00000000  00001000  RWIX
  RAMGS9                00015000   00001000  00000000  00001000  RWIX
  RAMGS10               00016000   00001000  00000000  00001000  RWIX
  RAMGS11               00017000   00001000  00000000  00001000  RWIX
  RAMGS12               00018000   00001000  00000000  00001000  RWIX
  RAMGS13               00019000   00001000  00000000  00001000  RWIX
  RAMGS14               0001a000   00001000  00000000  00001000  RWIX
  RAMGS15               0001b000   00000ff8  00000000  00000ff8  RWIX
  CPU2TOCPU1RAM         0003f800   00000400  00000000  00000400  RWIX
  CPU1TOCPU2RAM         0003fc00   00000400  00000000  00000400  RWIX
  CANA_MSG_RAM          00049000   00000800  00000000  00000800  RWIX
  CANB_MSG_RAM          0004b000   00000800  00000000  00000800  RWIX


SECTION ALLOCATION MAP

 output                                  attributes/
section   page    origin      length       input sections
--------  ----  ----------  ----------   ----------------
codestart 
*          0    00000000    00000002     
                  00000000    00000002     F2837xD_CodeStartBranch.obj (codestart)

.cinit     0    00000128    00000024     
                  00000128    00000011     (.cinit..data.load) [load image, compression = lzss]
                  00000139    00000001     --HOLE-- [fill = 0]
                  0000013a    00000006     (__TI_handler_table)
                  00000140    00000004     (.cinit..bss.load) [load image, compression = zero_init]
                  00000144    00000008     (__TI_cinit_table)

.reset     0    003fffc0    00000000     DSECT

.stack     1    00000400    00000100     UNINITIALIZED
                  00000400    00000100     --HOLE--

.bss       1    0000ae40    0000005c     UNINITIALIZED
                  0000ae40    0000005c     empty_driverlib_main.obj (.bss)

.init_array 
*          0    00000123    00000000     UNINITIALIZED

.const     1    0000a800    0000061c     
                  0000a800    000000c2     driverlib_eabi.lib : sysctl.obj (.const:.string)
                  0000a8c2    000000bc                        : gpio.obj (.const:.string)
                  0000a97e    000000bb                        : sci.obj (.const:.string)
                  0000aa39    00000001     --HOLE-- [fill = 0]
                  0000aa3a    000000ab     empty_driverlib_main.obj (.const:.string)
                  0000aae5    00000001     --HOLE-- [fill = 0]
                  0000aae6    00000084     rts2800_fpu32_eabi.lib : k_rem_pio2.c.obj (.const:ipio2)
                  0000ab6a    00000013     device.obj (.const:.string)
                  0000ab7d    00000003     --HOLE-- [fill = 0]
                  0000ab80    00000064     rts2800_fpu32_eabi.lib : e_rem_pio2.c.obj (.const)
                  0000abe4    00000062     driverlib_eabi.lib : cputimer.obj (.const:.string)
                  0000ac46    00000048     cpu_timer.obj (.const:.string)
                  0000ac8e    00000044     encoder.obj (.const:.string)
                  0000acd2    00000043     sci_init.obj (.const:.string)
                  0000ad15    00000001     --HOLE-- [fill = 0]
                  0000ad16    00000020     rts2800_fpu32_eabi.lib : k_rem_pio2.c.obj (.const:PIo2)
                  0000ad36    00000004                            : k_rem_pio2.c.obj (.const:init_jk)
                  0000ad3a    00000004                            : s_cos.c.obj (.const)
                  0000ad3e    00000002     --HOLE-- [fill = 0]
                  0000ad40    0000003c                            : k_cos.c.obj (.const)
                  0000ad7c    00000004                            : s_sin.c.obj (.const)
                  0000ad80    00000038                            : k_sin.c.obj (.const)
                  0000adb8    00000008     --HOLE-- [fill = 0]
                  0000adc0    0000002c                            : k_rem_pio2.c.obj (.const)
                  0000adec    0000000c                            : s_floor.c.obj (.const)
                  0000adf8    00000008     --HOLE-- [fill = 0]
                  0000ae00    0000001c                            : s_scalbn.c.obj (.const)

.data      1    0000ae1c    0000001d     UNINITIALIZED
                  0000ae1c    0000000a     empty_driverlib_main.obj (.data)
                  0000ae26    00000006     device.obj (.data)
                  0000ae2c    00000006     rts2800_fpu32_eabi.lib : exit.c.obj (.data)
                  0000ae32    00000002                            : _lock.c.obj (.data:_lock)
                  0000ae34    00000002                            : _lock.c.obj (.data:_unlock)
                  0000ae36    00000002     clark.obj (.data)
                  0000ae38    00000001     rts2800_fpu32_eabi.lib : errno.c.obj (.data)

.TI.ramfunc 
*          0    00000123    00000004     
                  00000123    00000004     driverlib_eabi.lib : sysctl.obj (.TI.ramfunc)

GETBUFFER 
*          0    0003f800    00000000     DSECT

GETWRITEIDX 
*          0    0003f800    00000000     DSECT

PUTREADIDX 
*          0    0003f800    00000000     DSECT

.text.1    0    00008000    00000800     
                  00008000    00000431     rts2800_fpu32_eabi.lib : e_rem_pio2.c.obj (.text)
                  00008431    00000206     driverlib_eabi.lib : sysctl.obj (.text:SysCtl_setClock)
                  00008637    0000019f     empty_driverlib_main.obj (.text)
                  000087d6    0000002a     rts2800_fpu32_eabi.lib : fd_cmp28.asm.obj (.text)

.text.2    0    00008800    000007ff     
                  00008800    000003fc     device.obj (.text)
                  00008bfc    0000019a     sci_init.obj (.text)
                  00008d96    00000125     rts2800_fpu32_eabi.lib : k_sin.c.obj (.text)
                  00008ebb    00000113                            : k_cos.c.obj (.text)
                  00008fce    00000031     driverlib_eabi.lib : gpio.obj (.text:GPIO_setDirectionMode)

.text.3    0    00009000    00000800     
                  00009000    000000e8     rts2800_fpu32_eabi.lib : s_floor.c.obj (.text)
                  000090e8    000000d5     cpu_timer.obj (.text)
                  000091bd    000000cf     pid.obj (.text)
                  0000928c    000000ce     rts2800_fpu32_eabi.lib : s_cos.c.obj (.text)
                  0000935a    000000cb                            : s_sin.c.obj (.text)
                  00009425    000000c1     empty_driverlib_main.obj (.text:retain)
                  000094e6    000000a9     rts2800_fpu32_eabi.lib : s_scalbn.c.obj (.text)
                  0000958f    0000009c                            : fd_add28.asm.obj (.text)
                  0000962b    0000009a     park.obj (.text)
                  000096c5    0000008a     driverlib_eabi.lib : sysctl.obj (.text:SysCtl_selectXTAL)
                  0000974f    00000088     rts2800_fpu32_eabi.lib : fs_div28.asm.obj (.text)
                  000097d7    00000029                            : exit.c.obj (.text)

.text.4    0    00009800    0000078b     
                  00009800    00000083     rts2800_fpu32_eabi.lib : fd_mpy28.asm.obj (.text)
                  00009883    00000068     driverlib_eabi.lib : sysctl.obj (.text:SysCtl_getDeviceParametric)
                  000098eb    00000052                        : gpio.obj (.text:GPIO_setPadConfig)
                  0000993d    00000051                        : sysctl.obj (.text:SysCtl_getClock)
                  0000998e    00000048                        : sysctl.obj (.text:SysCtl_selectOscSource)
                  000099d6    00000045                        : sci.obj (.text:SCI_clearInterruptStatus)
                  00009a1b    0000003e                        : sci.obj (.text:SCI_setConfig)
                  00009a59    0000003d                        : interrupt.obj (.text:Interrupt_initModule)
                  00009a96    00000037                        : gpio.obj (.text:GPIO_setControllerCore)
                  00009acd    00000037                        : gpio.obj (.text:GPIO_setPinConfig)
                  00009b04    00000037                        : gpio.obj (.text:GPIO_setQualificationMode)
                  00009b3b    00000037                        : interrupt.obj (.text:Interrupt_enable)
                  00009b72    0000002e     rts2800_fpu32_eabi.lib : copy_decompress_lzss.c.obj (.text:decompress:lzss)
                  00009ba0    0000002b                            : autoinit.c.obj (.text:__TI_auto_init_nobinit_nopinit)
                  00009bcb    00000024                            : s_copysign.c.obj (.text)
                  00009bef    00000023                            : fd_tofsfpu32.asm.obj (.text)
                  00009c12    00000022                            : i_div28.asm.obj (.text)
                  00009c34    00000021     driverlib_eabi.lib : sysctl.obj (.text:CPUTimer_selectClockSource)
                  00009c55    00000021     rts2800_fpu32_eabi.lib : fd_toi28.asm.obj (.text)
                  00009c76    00000020     driverlib_eabi.lib : sci.obj (.text:SCI_isFIFOEnabled)
                  00009c96    0000001f                        : sysctl.obj (.text:CPUTimer_getTimerOverflowStatus)
                  00009cb5    0000001f     rts2800_fpu32_eabi.lib : fd_tol28.asm.obj (.text)
                  00009cd4    0000001e     driverlib_eabi.lib : interrupt.obj (.text:Interrupt_initVectorTable)
                  00009cf2    0000001d     rts2800_fpu32_eabi.lib : memcpy.c.obj (.text)
                  00009d0f    0000001c     clark.obj (.text)
                  00009d2b    0000001c     rts2800_fpu32_eabi.lib : fs_tofdfpu32.asm.obj (.text)
                  00009d47    0000001c                            : l_tofd28.asm.obj (.text)
                  00009d63    0000001b     driverlib_eabi.lib : sci.obj (.text:SCI_isBaseValid)
                  00009d7e    0000001a                        : sysctl.obj (.text:CPUTimer_startTimer)
                  00009d98    0000001a                        : sci.obj (.text:SCI_isSpaceAvailableNonFIFO)
                  00009db2    0000001a                        : sysctl.obj (.text:SysCtl_getLowSpeedClock)
                  00009dcc    00000018                        : sci.obj (.text:SCI_disableModule)
                  00009de4    00000018                        : sci.obj (.text:SCI_performSoftwareReset)
                  00009dfc    00000018     rts2800_fpu32_eabi.lib : ll_aox28.asm.obj (.text)
                  00009e14    00000017     driverlib_eabi.lib : cputimer.obj (.text:CPUTimer_isBaseValid)
                  00009e2b    00000017                        : sysctl.obj (.text:CPUTimer_isBaseValid)
                  00009e42    00000017     rts2800_fpu32_eabi.lib : boot28.asm.obj (.text)
                  00009e59    00000014     driverlib_eabi.lib : sysctl.obj (.text:CPUTimer_stopTimer)
                  00009e6d    00000014                        : sci.obj (.text:SCI_getTxFIFOStatus)
                  00009e81    00000013                        : cputimer.obj (.text:CPUTimer_setEmulationMode)
                  00009e94    00000013                        : sci.obj (.text:SCI_enableModule)
                  00009ea7    00000012                        : sysctl.obj (.text:CPUTimer_clearOverflowFlag)
                  00009eb9    00000012                        : sysctl.obj (.text:CPUTimer_disableInterrupt)
                  00009ecb    00000011                        : sysctl.obj (.text:CPUTimer_setPeriod)
                  00009edc    0000000f                        : sysctl.obj (.text:SysCtl_pollCpuTimer)
                  00009eeb    0000000e                        : gpio.obj (.text:GPIO_isPinValid)
                  00009ef9    0000000e                        : interrupt.obj (.text:Interrupt_defaultHandler)
                  00009f07    0000000e     rts2800_fpu32_eabi.lib : fd_sub28.asm.obj (.text)
                  00009f15    0000000d     driverlib_eabi.lib : interrupt.obj (.text:Interrupt_disableGlobal)
                  00009f22    0000000d                        : interrupt.obj (.text:Interrupt_enableGlobal)
                  00009f2f    0000000d     rts2800_fpu32_eabi.lib : copy_zero_init.c.obj (.text:decompress:ZI:__TI_zero_init_nomemset)
                  00009f3c    0000000c                            : args_main.c.obj (.text)
                  00009f48    0000000b     driverlib_eabi.lib : sysctl.obj (.text:SysCtl_isMCDClockFailureDetected)
                  00009f53    00000009                        : sysctl.obj (.text:SysCtl_serviceWatchdog)
                  00009f5c    00000009     rts2800_fpu32_eabi.lib : _lock.c.obj (.text)
                  00009f65    00000009                            : fd_neg28.asm.obj (.text)
                  00009f6e    00000008     F2837xD_CodeStartBranch.obj (.text)
                  00009f76    00000008     rts2800_fpu32_eabi.lib : copy_decompress_none.c.obj (.text:decompress:none)
                  00009f7e    00000007     driverlib_eabi.lib : sysctl.obj (.text:SysCtl_resetMCD)
                  00009f85    00000002                        : interrupt.obj (.text:Interrupt_illegalOperationHandler)
                  00009f87    00000002                        : interrupt.obj (.text:Interrupt_nmiHandler)
                  00009f89    00000002     rts2800_fpu32_eabi.lib : pre_init.c.obj (.text)

.text.5    0    0000b000    00000800     
                  0000b000    0000067d     rts2800_fpu32_eabi.lib : k_rem_pio2.c.obj (.text)
                  0000b67d    00000141     encoder.obj (.text)
                  0000b7be    00000041     driverlib_eabi.lib : sci.obj (.text:SCI_writeCharArray)
                  0000b7ff    00000001     rts2800_fpu32_eabi.lib : startup.c.obj (.text)

MODULE SUMMARY

       Module                        code    ro data   rw data
       ------                        ----    -------   -------
    .\
       empty_driverlib_main.obj      608     171       102    
       sci_init.obj                  410     67        0      
       encoder.obj                   321     68        0      
       cpu_timer.obj                 213     72        0      
       pid.obj                       207     0         0      
       park.obj                      154     0         0      
       clark.obj                     28      0         2      
    +--+-----------------------------+-------+---------+---------+
       Total:                        1941    378       104    
                                                              
    .\device\
       device.obj                    1020    19        6      
       F2837xD_CodeStartBranch.obj   10      0         0      
    +--+-----------------------------+-------+---------+---------+
       Total:                        1030    19        6      
                                                              
    C:\ti\c2000\C2000Ware_4_03_00_00\driverlib\f2837xd\driverlib\ccs\Debug\driverlib_eabi.lib
       sysctl.obj                    1171    194       0      
       sci.obj                       368     187       0      
       gpio.obj                      310     188       0      
       interrupt.obj                 190     0         0      
       cputimer.obj                  42      98        0      
    +--+-----------------------------+-------+---------+---------+
       Total:                        2081    667       0      
                                                              
    C:\ti\ccs1230\ccs\tools\compiler\ti-cgt-c2000_22.6.0.LTS\lib\rts2800_fpu32_eabi.lib
       k_rem_pio2.c.obj              1661    212       0      
       e_rem_pio2.c.obj              1073    100       0      
       k_sin.c.obj                   293     56        0      
       k_cos.c.obj                   275     60        0      
       s_floor.c.obj                 232     12        0      
       s_cos.c.obj                   206     4         0      
       s_sin.c.obj                   203     4         0      
       s_scalbn.c.obj                169     28        0      
       fd_add28.asm.obj              156     0         0      
       fs_div28.asm.obj              136     0         0      
       fd_mpy28.asm.obj              131     0         0      
       exit.c.obj                    41      0         6      
       copy_decompress_lzss.c.obj    46      0         0      
       autoinit.c.obj                43      0         0      
       fd_cmp28.asm.obj              42      0         0      
       s_copysign.c.obj              36      0         0      
       fd_tofsfpu32.asm.obj          35      0         0      
       i_div28.asm.obj               34      0         0      
       fd_toi28.asm.obj              33      0         0      
       fd_tol28.asm.obj              31      0         0      
       memcpy.c.obj                  29      0         0      
       fs_tofdfpu32.asm.obj          28      0         0      
       l_tofd28.asm.obj              28      0         0      
       ll_aox28.asm.obj              24      0         0      
       boot28.asm.obj                23      0         0      
       fd_sub28.asm.obj              14      0         0      
       _lock.c.obj                   9       0         4      
       copy_zero_init.c.obj          13      0         0      
       args_main.c.obj               12      0         0      
       fd_neg28.asm.obj              9       0         0      
       copy_decompress_none.c.obj    8       0         0      
       pre_init.c.obj                2       0         0      
       errno.c.obj                   0       0         1      
       startup.c.obj                 1       0         0      
    +--+-----------------------------+-------+---------+---------+
       Total:                        5076    476       11     
                                                              
       Stack:                        0       0         256    
       Linker Generated:             0       35        0      
    +--+-----------------------------+-------+---------+---------+
       Grand Total:                  10128   1575      377    


LINKER GENERATED COPY TABLES

__TI_cinit_table @ 00000144 records: 2, size/record: 4, table size: 8
	.data: load addr=00000128, load size=00000011 bytes, run addr=0000ae1c, run size=0000001d bytes, compression=lzss
	.bss: load addr=00000140, load size=00000004 bytes, run addr=0000ae40, run size=0000005c bytes, compression=zero_init


LINKER GENERATED HANDLER TABLE

__TI_handler_table @ 0000013a records: 3, size/record: 2, table size: 6
	index: 0, handler: __TI_zero_init
	index: 1, handler: __TI_decompress_lzss
	index: 2, handler: __TI_decompress_none


GLOBAL DATA SYMBOLS: SORTED BY DATA PAGE

address     data page           name
--------    ----------------    ----
00000400      10 (00000400)     __stack

0000ae1c     2b8 (0000ae00)     tester
0000ae1e     2b8 (0000ae00)     prev_pos
0000ae20     2b8 (0000ae00)     ia
0000ae22     2b8 (0000ae00)     ib
0000ae24     2b8 (0000ae00)     iqref
0000ae26     2b8 (0000ae00)     Example_Result
0000ae28     2b8 (0000ae00)     Example_PassCount
0000ae2a     2b8 (0000ae00)     Example_Fail
0000ae2c     2b8 (0000ae00)     __TI_enable_exit_profile_output
0000ae2e     2b8 (0000ae00)     __TI_cleanup_ptr
0000ae30     2b8 (0000ae00)     __TI_dtors_ptr
0000ae32     2b8 (0000ae00)     _lock
0000ae34     2b8 (0000ae00)     _unlock
0000ae36     2b8 (0000ae00)     onebysqrt3
0000ae38     2b8 (0000ae00)     errno

0000ae40     2b9 (0000ae40)     cpuTimer0IntCount
0000ae42     2b9 (0000ae40)     ialpha
0000ae44     2b9 (0000ae40)     ibeta
0000ae46     2b9 (0000ae40)     id
0000ae48     2b9 (0000ae40)     iq
0000ae4a     2b9 (0000ae40)     speed_motor
0000ae4c     2b9 (0000ae40)     pid_current

0000ae80     2ba (0000ae80)     pid_speed


GLOBAL SYMBOLS: SORTED ALPHABETICALLY BY Name 

page  address   name                                     
----  -------   ----                                     
0     000097d7  C$$EXIT                                  
0     00009e81  CPUTimer_setEmulationMode                
0     00008a70  Device_bootCPU2                          
0     00008a3f  Device_configureTMXAnalogTrim            
0     000088ed  Device_enableAllPeripherals              
0     00008a29  Device_enableUnbondedGPIOPullups         
0     00008a0c  Device_enableUnbondedGPIOPullupsFor100Pin
0     000089f9  Device_enableUnbondedGPIOPullupsFor176Pin
0     000088ab  Device_init                              
0     000089d8  Device_initGPIO                          
1     0000ae2a  Example_Fail                             
1     0000ae28  Example_PassCount                        
1     0000ae26  Example_Result                           
0     00008bfb  Example_done                             
0     00008bf6  Example_setResultFail                    
0     00008bf1  Example_setResultPass                    
0     00009a96  GPIO_setControllerCore                   
0     00008fce  GPIO_setDirectionMode                    
0     000098eb  GPIO_setPadConfig                        
0     00009acd  GPIO_setPinConfig                        
0     00009b04  GPIO_setQualificationMode                
0     00009b3b  Interrupt_enable                         
0     00009a59  Interrupt_initModule                     
0     00009cd4  Interrupt_initVectorTable                
0     000091bd  PIDController_Init                       
0     000091db  PIDController_Update                     
0     00008cf1  PinMux_init                              
0     0000b78b  Pin_EQEP                                 
0     000099d6  SCI_clearInterruptStatus                 
0     00008d10  SCI_init                                 
0     00009a1b  SCI_setConfig                            
0     0000b7be  SCI_writeCharArray                       
0     00000123  SysCtl_delay                             
0     0000993d  SysCtl_getClock                          
0     00009883  SysCtl_getDeviceParametric               
0     00009db2  SysCtl_getLowSpeedClock                  
0     0000998e  SysCtl_selectOscSource                   
0     000096c5  SysCtl_selectXTAL                        
0     00008431  SysCtl_setClock                          
0     00000144  __TI_CINIT_Base                          
0     0000014c  __TI_CINIT_Limit                         
0     0000014c  __TI_CINIT_Warm                          
0     0000013a  __TI_Handler_Table_Base                  
0     00000140  __TI_Handler_Table_Limit                 
1     00000500  __TI_STACK_END                           
abs   00000100  __TI_STACK_SIZE                          
0     00009ba0  __TI_auto_init_nobinit_nopinit           
1     0000ae2e  __TI_cleanup_ptr                         
0     00009b72  __TI_decompress_lzss                     
0     00009f76  __TI_decompress_none                     
1     0000ae30  __TI_dtors_ptr                           
1     0000ae2c  __TI_enable_exit_profile_output          
abs   ffffffff  __TI_pprof_out_hndl                      
abs   ffffffff  __TI_prof_data_size                      
abs   ffffffff  __TI_prof_data_start                     
0     00009f2f  __TI_zero_init_nomemset                  
0     0000958f  __c28xabi_addd                           
0     00009dfc  __c28xabi_andll                          
0     000087d6  __c28xabi_cmpd                           
0     0000974f  __c28xabi_divf                           
0     00009c12  __c28xabi_divi                           
0     00009bef  __c28xabi_dtof                           
0     00009c55  __c28xabi_dtoi                           
0     00009cb5  __c28xabi_dtol                           
0     00009d2b  __c28xabi_ftod                           
0     00009d47  __c28xabi_ltod                           
0     00009c23  __c28xabi_modi                           
0     00009800  __c28xabi_mpyd                           
0     00009f65  __c28xabi_negd                           
0     00009e04  __c28xabi_orll                           
0     00009f07  __c28xabi_subd                           
0     00009e0c  __c28xabi_xorll                          
n/a   UNDEFED   __c_args__                               
0     00008bea  __error__                                
0     00008ebb  __kernel_cos                             
0     0000b000  __kernel_rem_pio2                        
0     00008d96  __kernel_sin                             
0     00008000  __rem_pio2                               
1     00000400  __stack                                  
0     00009f3c  _args_main                               
0     00009e42  _c_int00                                 
1     0000ae32  _lock                                    
0     00009f64  _nop                                     
0     00009f60  _register_lock                           
0     00009f5c  _register_unlock                         
0     0000b7ff  _system_post_cinit                       
0     00009f89  _system_pre_init                         
1     0000ae34  _unlock                                  
0     000097d7  abort                                    
0     000086d2  calculateSpeed                           
0     00009d0f  clark_alpha                              
0     00009d16  clark_beta                               
0     00000000  code_start                               
0     0000918f  configCPUTimer                           
0     00009bcb  copysign                                 
0     00009bcb  copysignl                                
0     0000928c  cos                                      
0     0000928c  cosl                                     
0     00009425  cpuTimer0ISR                             
1     0000ae40  cpuTimer0IntCount                        
0     00009463  cpuTimer1ISR                             
1     0000ae38  errno                                    
0     000097d9  exit                                     
0     00009000  floor                                    
0     00009000  floorl                                   
1     0000ae20  ia                                       
1     0000ae42  ialpha                                   
1     0000ae22  ib                                       
1     0000ae44  ibeta                                    
1     0000ae46  id                                       
0     00009164  initCPUTimers                            
0     00008d50  intToStrPositive                         
1     0000ae48  iq                                       
1     0000ae24  iqref                                    
0     000094e6  ldexp                                    
0     000094e6  ldexpl                                   
0     000086fc  main                                     
0     00009cf2  memcpy                                   
0     00008d13  mySCI0_init                              
1     0000ae36  onebysqrt3                               
0     0000962b  park_id                                  
0     00009678  park_iq                                  
1     0000ae4c  pid_current                              
1     0000ae80  pid_speed                                
1     0000ae1e  prev_pos                                 
0     000094e6  scalbn                                   
0     000094e6  scalbnl                                  
0     0000b75b  setupEQEPModule                          
0     0000935a  sin                                      
0     0000935a  sinl                                     
1     0000ae4a  speed_motor                              
1     0000ae1c  tester                                   


GLOBAL SYMBOLS: SORTED BY Symbol Address 

page  address   name                                     
----  -------   ----                                     
0     00000000  code_start                               
0     00000123  SysCtl_delay                             
0     0000013a  __TI_Handler_Table_Base                  
0     00000140  __TI_Handler_Table_Limit                 
0     00000144  __TI_CINIT_Base                          
0     0000014c  __TI_CINIT_Limit                         
0     0000014c  __TI_CINIT_Warm                          
0     00008000  __rem_pio2                               
0     00008431  SysCtl_setClock                          
0     000086d2  calculateSpeed                           
0     000086fc  main                                     
0     000087d6  __c28xabi_cmpd                           
0     000088ab  Device_init                              
0     000088ed  Device_enableAllPeripherals              
0     000089d8  Device_initGPIO                          
0     000089f9  Device_enableUnbondedGPIOPullupsFor176Pin
0     00008a0c  Device_enableUnbondedGPIOPullupsFor100Pin
0     00008a29  Device_enableUnbondedGPIOPullups         
0     00008a3f  Device_configureTMXAnalogTrim            
0     00008a70  Device_bootCPU2                          
0     00008bea  __error__                                
0     00008bf1  Example_setResultPass                    
0     00008bf6  Example_setResultFail                    
0     00008bfb  Example_done                             
0     00008cf1  PinMux_init                              
0     00008d10  SCI_init                                 
0     00008d13  mySCI0_init                              
0     00008d50  intToStrPositive                         
0     00008d96  __kernel_sin                             
0     00008ebb  __kernel_cos                             
0     00008fce  GPIO_setDirectionMode                    
0     00009000  floor                                    
0     00009000  floorl                                   
0     00009164  initCPUTimers                            
0     0000918f  configCPUTimer                           
0     000091bd  PIDController_Init                       
0     000091db  PIDController_Update                     
0     0000928c  cos                                      
0     0000928c  cosl                                     
0     0000935a  sin                                      
0     0000935a  sinl                                     
0     00009425  cpuTimer0ISR                             
0     00009463  cpuTimer1ISR                             
0     000094e6  ldexp                                    
0     000094e6  ldexpl                                   
0     000094e6  scalbn                                   
0     000094e6  scalbnl                                  
0     0000958f  __c28xabi_addd                           
0     0000962b  park_id                                  
0     00009678  park_iq                                  
0     000096c5  SysCtl_selectXTAL                        
0     0000974f  __c28xabi_divf                           
0     000097d7  C$$EXIT                                  
0     000097d7  abort                                    
0     000097d9  exit                                     
0     00009800  __c28xabi_mpyd                           
0     00009883  SysCtl_getDeviceParametric               
0     000098eb  GPIO_setPadConfig                        
0     0000993d  SysCtl_getClock                          
0     0000998e  SysCtl_selectOscSource                   
0     000099d6  SCI_clearInterruptStatus                 
0     00009a1b  SCI_setConfig                            
0     00009a59  Interrupt_initModule                     
0     00009a96  GPIO_setControllerCore                   
0     00009acd  GPIO_setPinConfig                        
0     00009b04  GPIO_setQualificationMode                
0     00009b3b  Interrupt_enable                         
0     00009b72  __TI_decompress_lzss                     
0     00009ba0  __TI_auto_init_nobinit_nopinit           
0     00009bcb  copysign                                 
0     00009bcb  copysignl                                
0     00009bef  __c28xabi_dtof                           
0     00009c12  __c28xabi_divi                           
0     00009c23  __c28xabi_modi                           
0     00009c55  __c28xabi_dtoi                           
0     00009cb5  __c28xabi_dtol                           
0     00009cd4  Interrupt_initVectorTable                
0     00009cf2  memcpy                                   
0     00009d0f  clark_alpha                              
0     00009d16  clark_beta                               
0     00009d2b  __c28xabi_ftod                           
0     00009d47  __c28xabi_ltod                           
0     00009db2  SysCtl_getLowSpeedClock                  
0     00009dfc  __c28xabi_andll                          
0     00009e04  __c28xabi_orll                           
0     00009e0c  __c28xabi_xorll                          
0     00009e42  _c_int00                                 
0     00009e81  CPUTimer_setEmulationMode                
0     00009f07  __c28xabi_subd                           
0     00009f2f  __TI_zero_init_nomemset                  
0     00009f3c  _args_main                               
0     00009f5c  _register_unlock                         
0     00009f60  _register_lock                           
0     00009f64  _nop                                     
0     00009f65  __c28xabi_negd                           
0     00009f76  __TI_decompress_none                     
0     00009f89  _system_pre_init                         
0     0000b000  __kernel_rem_pio2                        
0     0000b75b  setupEQEPModule                          
0     0000b78b  Pin_EQEP                                 
0     0000b7be  SCI_writeCharArray                       
0     0000b7ff  _system_post_cinit                       
1     00000400  __stack                                  
1     00000500  __TI_STACK_END                           
1     0000ae1c  tester                                   
1     0000ae1e  prev_pos                                 
1     0000ae20  ia                                       
1     0000ae22  ib                                       
1     0000ae24  iqref                                    
1     0000ae26  Example_Result                           
1     0000ae28  Example_PassCount                        
1     0000ae2a  Example_Fail                             
1     0000ae2c  __TI_enable_exit_profile_output          
1     0000ae2e  __TI_cleanup_ptr                         
1     0000ae30  __TI_dtors_ptr                           
1     0000ae32  _lock                                    
1     0000ae34  _unlock                                  
1     0000ae36  onebysqrt3                               
1     0000ae38  errno                                    
1     0000ae40  cpuTimer0IntCount                        
1     0000ae42  ialpha                                   
1     0000ae44  ibeta                                    
1     0000ae46  id                                       
1     0000ae48  iq                                       
1     0000ae4a  speed_motor                              
1     0000ae4c  pid_current                              
1     0000ae80  pid_speed                                
abs   00000100  __TI_STACK_SIZE                          
abs   ffffffff  __TI_pprof_out_hndl                      
abs   ffffffff  __TI_prof_data_size                      
abs   ffffffff  __TI_prof_data_start                     
n/a   UNDEFED   __c_args__                               

[132 symbols]
