******************************************************************************
             TMS320C2000 Linker PC v22.6.0                     
******************************************************************************
>> Linked Sun Jun 25 03:26:37 2023

OUTPUT FILE NAME:   <final_project.out>
ENTRY POINT SYMBOL: "code_start"  address: 00000000


MEMORY CONFIGURATION

         name            origin    length      used     unused   attr    fill
----------------------  --------  ---------  --------  --------  ----  --------
PAGE 0:
  BEGIN                 00000000   00000002  00000002  00000000  RWIX
  RAMM0                 00000123   000002dd  00000067  00000276  RWIX
  RAMLS0                00008000   00000800  00000800  00000000  RWIX
  RAMLS1                00008800   00000800  00000800  00000000  RWIX
  RAMLS2                00009000   00000800  000005d6  0000022a  RWIX
  RAMLS3                00009800   00000800  00000000  00000800  RWIX
  RAMLS4                0000a000   00000800  00000000  00000800  RWIX
  RAMD0                 0000b000   00000800  00000800  00000000  RWIX
  FLASHA                00080002   00001ffe  00000000  00001ffe  RWIX
  FLASHB                00082000   00002000  00000000  00002000  RWIX
  FLASHC                00084000   00002000  00000000  00002000  RWIX
  FLASHD                00086000   00002000  00000000  00002000  RWIX
  FLASHE                00088000   00008000  00000000  00008000  RWIX
  FLASHF                00090000   00008000  00000000  00008000  RWIX
  FLASHG                00098000   00008000  00000000  00008000  RWIX
  FLASHH                000a0000   00008000  00000000  00008000  RWIX
  FLASHI                000a8000   00008000  00000000  00008000  RWIX
  FLASHJ                000b0000   00008000  00000000  00008000  RWIX
  FLASHK                000b8000   00002000  00000000  00002000  RWIX
  FLASHL                000ba000   00002000  00000000  00002000  RWIX
  FLASHM                000bc000   00002000  00000000  00002000  RWIX
  FLASHN                000be000   00001ff0  00000000  00001ff0  RWIX
  RESET                 003fffc0   00000002  00000000  00000002  RWIX

PAGE 1:
  BOOT_RSVD             00000002   00000121  00000000  00000121  RWIX
  RAMM1                 00000400   000003f8  00000100  000002f8  RWIX
  RAMLS5                0000a800   00000800  000005db  00000225  RWIX
  RAMD1                 0000b800   00000800  00000000  00000800  RWIX
  RAMGS0                0000c000   00001000  00000000  00001000  RWIX
  RAMGS1                0000d000   00001000  00000000  00001000  RWIX
  RAMGS2                0000e000   00001000  00000000  00001000  RWIX
  RAMGS3                0000f000   00001000  00000000  00001000  RWIX
  RAMGS4                00010000   00001000  00000000  00001000  RWIX
  RAMGS5                00011000   00001000  00000000  00001000  RWIX
  RAMGS6                00012000   00001000  00000000  00001000  RWIX
  RAMGS7                00013000   00001000  00000000  00001000  RWIX
  RAMGS8                00014000   00001000  00000000  00001000  RWIX
  RAMGS9                00015000   00001000  00000000  00001000  RWIX
  RAMGS10               00016000   00001000  00000000  00001000  RWIX
  RAMGS11               00017000   00001000  00000000  00001000  RWIX
  RAMGS12               00018000   00001000  00000000  00001000  RWIX
  RAMGS13               00019000   00001000  00000000  00001000  RWIX
  RAMGS14               0001a000   00001000  00000000  00001000  RWIX
  RAMGS15               0001b000   00000ff8  00000000  00000ff8  RWIX
  CPU2TOCPU1RAM         0003f800   00000400  00000000  00000400  RWIX
  CPU1TOCPU2RAM         0003fc00   00000400  00000000  00000400  RWIX
  CANA_MSG_RAM          00049000   00000800  00000000  00000800  RWIX
  CANB_MSG_RAM          0004b000   00000800  00000000  00000800  RWIX


SECTION ALLOCATION MAP

 output                                  attributes/
section   page    origin      length       input sections
--------  ----  ----------  ----------   ----------------
codestart 
*          0    00000000    00000002     
                  00000000    00000002     F2837xD_CodeStartBranch.obj (codestart)

.cinit     0    00000123    00000063     
                  00000123    00000031     empty_driverlib_main.obj (.cinit)
                  00000154    0000000f     device.obj (.cinit)
                  00000163    0000000e     rts2800_fpu32.lib : exit.c.obj (.cinit)
                  00000171    00000005                       : _lock.c.obj (.cinit:__lock)
                  00000176    00000005                       : _lock.c.obj (.cinit:__unlock)
                  0000017b    00000005     clark.obj (.cinit)
                  00000180    00000004     pwm.obj (.cinit)
                  00000184    00000002     --HOLE-- [fill = 0]

.reset     0    003fffc0    00000002     DSECT
                  003fffc0    00000002     rts2800_fpu32.lib : boot28.asm.obj (.reset)

.stack     1    00000400    00000100     UNINITIALIZED
                  00000400    00000100     --HOLE--

.pinit     0    00000123    00000000     UNINITIALIZED

.econst    1    0000a800    00000517     
                  0000a800    000000c2     driverlib_coff.lib : sysctl.obj (.econst:.string)
                  0000a8c2    000000bc                        : gpio.obj (.econst:.string)
                  0000a97e    000000bb                        : sci.obj (.econst:.string)
                  0000aa39    00000001     --HOLE-- [fill = 0]
                  0000aa3a    000000ab     empty_driverlib_main.obj (.econst:.string)
                  0000aae5    00000001     --HOLE-- [fill = 0]
                  0000aae6    00000063     driverlib_coff.lib : interrupt.obj (.econst:.string)
                  0000ab49    00000001     --HOLE-- [fill = 0]
                  0000ab4a    00000062                        : cputimer.obj (.econst:.string)
                  0000abac    00000048     cpu_timer.obj (.econst:.string)
                  0000abf4    00000044     duty_update.obj (.econst:.string)
                  0000ac38    00000044     encoder.obj (.econst:.string)
                  0000ac7c    00000044     pwm.obj (.econst:.string)
                  0000acc0    00000043     sci_init.obj (.econst:.string)
                  0000ad03    00000001     --HOLE-- [fill = 0]
                  0000ad04    00000013     device.obj (.econst:.string)

.ebss      1    0000ad18    000000c4     UNINITIALIZED
                  0000ad18    00000016     pwm.obj (.ebss)
                  0000ad2e    00000006     device.obj (.ebss)
                  0000ad34    00000006     rts2800_fpu32.lib : exit.c.obj (.ebss)
                  0000ad3a    00000002                       : _lock.c.obj (.ebss:__lock)
                  0000ad3c    00000002                       : _lock.c.obj (.ebss:__unlock)
                  0000ad3e    00000002     clark.obj (.ebss)
                  0000ad40    0000009c     empty_driverlib_main.obj (.ebss)

.TI.ramfunc 
*          0    00000186    00000004     
                  00000186    00000004     driverlib_coff.lib : sysctl.obj (.TI.ramfunc)

GETBUFFER 
*          0    0003f800    00000000     DSECT

GETWRITEIDX 
*          0    0003f800    00000000     DSECT

PUTREADIDX 
*          0    0003f800    00000000     DSECT

.text.1    0    00008000    00000800     
                  00008000    000003fc     device.obj (.text)
                  000083fc    00000258     empty_driverlib_main.obj (.text)
                  00008654    0000019a     sci_init.obj (.text)
                  000087ee    00000012     driverlib_coff.lib : sysctl.obj (.text:_CPUTimer_clearOverflowFlag)

.text.2    0    00008800    00000800     
                  00008800    00000206     driverlib_coff.lib : sysctl.obj (.text:_SysCtl_setClock)
                  00008a06    000000d6     empty_driverlib_main.obj (.text:retain)
                  00008adc    000000d5     cpu_timer.obj (.text)
                  00008bb1    000000cf     pid.obj (.text)
                  00008c80    000000a3     duty_update.obj (.text)
                  00008d23    0000008a     driverlib_coff.lib : sysctl.obj (.text:_SysCtl_selectXTAL)
                  00008dad    00000088     rts2800_fpu32.lib : fs_div28.asm.obj (.text)
                  00008e35    00000068     driverlib_coff.lib : sysctl.obj (.text:_SysCtl_getDeviceParametric)
                  00008e9d    00000066     rts2800_fpu32.lib : s_sinf.c.obj (.text)
                  00008f03    00000063                       : s_cosf.c.obj (.text)
                  00008f66    00000056                       : boot28.asm.obj (.text)
                  00008fbc    00000041     driverlib_coff.lib : sci.obj (.text:_SCI_writeCharArray)
                  00008ffd    00000002                        : interrupt.obj (.text:_Interrupt_nmiHandler)
                  00008fff    00000001     rts2800_fpu32.lib : startup.c.obj (.text)

.text.3    0    00009000    000005d6     
                  00009000    00000052     driverlib_coff.lib : gpio.obj (.text:_GPIO_setPadConfig)
                  00009052    00000051                        : sysctl.obj (.text:_SysCtl_getClock)
                  000090a3    0000004a     park.obj (.text)
                  000090ed    00000048     driverlib_coff.lib : sysctl.obj (.text:_SysCtl_selectOscSource)
                  00009135    00000046     inverse_park.obj (.text)
                  0000917b    00000045     driverlib_coff.lib : sci.obj (.text:_SCI_clearInterruptStatus)
                  000091c0    0000003e                        : sci.obj (.text:_SCI_setConfig)
                  000091fe    0000003d                        : interrupt.obj (.text:_Interrupt_initModule)
                  0000923b    00000037                        : gpio.obj (.text:_GPIO_setControllerCore)
                  00009272    00000037                        : gpio.obj (.text:_GPIO_setPinConfig)
                  000092a9    00000037                        : gpio.obj (.text:_GPIO_setQualificationMode)
                  000092e0    00000037                        : interrupt.obj (.text:_Interrupt_enable)
                  00009317    00000029     rts2800_fpu32.lib : exit.c.obj (.text)
                  00009340    00000024                       : cpy_tbl.c.obj (.text)
                  00009364    00000021     driverlib_coff.lib : sysctl.obj (.text:_CPUTimer_selectClockSource)
                  00009385    00000020                        : sci.obj (.text:_SCI_isFIFOEnabled)
                  000093a5    0000001f                        : sysctl.obj (.text:_CPUTimer_getTimerOverflowStatus)
                  000093c4    0000001e                        : interrupt.obj (.text:_Interrupt_initVectorTable)
                  000093e2    0000001d     rts2800_fpu32.lib : memcpy.c.obj (.text)
                  000093ff    0000001b     driverlib_coff.lib : sci.obj (.text:_SCI_isBaseValid)
                  0000941a    0000001a                        : sysctl.obj (.text:_CPUTimer_startTimer)
                  00009434    0000001a                        : sci.obj (.text:_SCI_isSpaceAvailableNonFIFO)
                  0000944e    0000001a                        : sysctl.obj (.text:_SysCtl_getLowSpeedClock)
                  00009468    0000001a     clark.obj (.text)
                  00009482    00000018     driverlib_coff.lib : sci.obj (.text:_SCI_disableModule)
                  0000949a    00000018                        : sci.obj (.text:_SCI_performSoftwareReset)
                  000094b2    00000017                        : cputimer.obj (.text:_CPUTimer_isBaseValid)
                  000094c9    00000017                        : sysctl.obj (.text:_CPUTimer_isBaseValid)
                  000094e0    00000014                        : sysctl.obj (.text:_CPUTimer_stopTimer)
                  000094f4    00000014                        : sci.obj (.text:_SCI_getTxFIFOStatus)
                  00009508    00000013                        : cputimer.obj (.text:_CPUTimer_setEmulationMode)
                  0000951b    00000013                        : sci.obj (.text:_SCI_enableModule)
                  0000952e    00000012                        : sysctl.obj (.text:_CPUTimer_disableInterrupt)
                  00009540    00000012     rts2800_fpu32.lib : args_main.c.obj (.text)
                  00009552    00000011     driverlib_coff.lib : sysctl.obj (.text:_CPUTimer_setPeriod)
                  00009563    0000000f                        : sysctl.obj (.text:_SysCtl_pollCpuTimer)
                  00009572    0000000e                        : gpio.obj (.text:_GPIO_isPinValid)
                  00009580    0000000e                        : interrupt.obj (.text:_Interrupt_defaultHandler)
                  0000958e    0000000d                        : interrupt.obj (.text:_Interrupt_disableGlobal)
                  0000959b    0000000d                        : interrupt.obj (.text:_Interrupt_enableGlobal)
                  000095a8    0000000b                        : sysctl.obj (.text:_SysCtl_isMCDClockFailureDetected)
                  000095b3    00000009                        : sysctl.obj (.text:_SysCtl_serviceWatchdog)
                  000095bc    00000009     rts2800_fpu32.lib : _lock.c.obj (.text)
                  000095c5    00000008     F2837xD_CodeStartBranch.obj (.text)
                  000095cd    00000007     driverlib_coff.lib : sysctl.obj (.text:_SysCtl_resetMCD)
                  000095d4    00000002     rts2800_fpu32.lib : pre_init.c.obj (.text)

.text.4    0    0000b000    00000800     
                  0000b000    0000068c     pwm.obj (.text)
                  0000b68c    00000141     encoder.obj (.text)
                  0000b7cd    00000031     driverlib_coff.lib : gpio.obj (.text:_GPIO_setDirectionMode)
                  0000b7fe    00000002                        : interrupt.obj (.text:_Interrupt_illegalOperationHandler)

MODULE SUMMARY

       Module                        code   initialized data   uninitialized data
       ------                        ----   ----------------   ------------------
    .\
       pwm.obj                       1676   72                 22                
       empty_driverlib_main.obj      814    220                156               
       sci_init.obj                  410    67                 0                 
       encoder.obj                   321    68                 0                 
       cpu_timer.obj                 213    72                 0                 
       duty_update.obj               163    68                 0                 
       pid.obj                       207    0                  0                 
       park.obj                      74     0                  0                 
       inverse_park.obj              70     0                  0                 
       clark.obj                     26     5                  2                 
    +--+-----------------------------+------+------------------+--------------------+
       Total:                        3974   572                180               
                                                                                 
    .\device\
       device.obj                    1020   34                 6                 
       F2837xD_CodeStartBranch.obj   10     0                  0                 
    +--+-----------------------------+------+------------------+--------------------+
       Total:                        1030   34                 6                 
                                                                                 
    C:\ti\c2000\C2000Ware_4_03_00_00\driverlib\f2837xd\driverlib\ccs\Debug\driverlib_coff.lib
       sysctl.obj                    1171   194                0                 
       sci.obj                       368    187                0                 
       gpio.obj                      310    188                0                 
       interrupt.obj                 190    99                 0                 
       cputimer.obj                  42     98                 0                 
    +--+-----------------------------+------+------------------+--------------------+
       Total:                        2081   766                0                 
                                                                                 
    C:\ti\ccs1230\ccs\tools\compiler\ti-cgt-c2000_22.6.0.LTS\lib\rts2800_fpu32.lib
       fs_div28.asm.obj              136    0                  0                 
       s_sinf.c.obj                  102    0                  0                 
       s_cosf.c.obj                  99     0                  0                 
       boot28.asm.obj                86     0                  0                 
       exit.c.obj                    41     14                 6                 
       cpy_tbl.c.obj                 36     0                  0                 
       memcpy.c.obj                  29     0                  0                 
       _lock.c.obj                   9      10                 4                 
       args_main.c.obj               18     0                  0                 
       pre_init.c.obj                2      0                  0                 
       startup.c.obj                 1      0                  0                 
    +--+-----------------------------+------+------------------+--------------------+
       Total:                        559    24                 10                
                                                                                 
       Stack:                        0      0                  256               
    +--+-----------------------------+------+------------------+--------------------+
       Grand Total:                  7644   1396               452               


GLOBAL DATA SYMBOLS: SORTED BY DATA PAGE

address     data page           name
--------    ----------------    ----
00000400      10 (00000400)     __stack

0000ad18     2b4 (0000ad00)     _sector_vector
0000ad1a     2b4 (0000ad00)     _u2
0000ad1c     2b4 (0000ad00)     _x
0000ad1e     2b4 (0000ad00)     _y
0000ad20     2b4 (0000ad00)     _z
0000ad22     2b4 (0000ad00)     _t1
0000ad24     2b4 (0000ad00)     _t2
0000ad26     2b4 (0000ad00)     _t7
0000ad28     2b4 (0000ad00)     _result1
0000ad2a     2b4 (0000ad00)     _result2
0000ad2c     2b4 (0000ad00)     _result3
0000ad2e     2b4 (0000ad00)     _Example_Result
0000ad30     2b4 (0000ad00)     _Example_PassCount
0000ad32     2b4 (0000ad00)     _Example_Fail
0000ad34     2b4 (0000ad00)     ___TI_enable_exit_profile_output
0000ad36     2b4 (0000ad00)     ___TI_cleanup_ptr
0000ad38     2b4 (0000ad00)     ___TI_dtors_ptr
0000ad3a     2b4 (0000ad00)     __lock
0000ad3c     2b4 (0000ad00)     __unlock
0000ad3e     2b4 (0000ad00)     _onebysqrt3

0000ad40     2b5 (0000ad40)     _cpuTimer0IntCount
0000ad41     2b5 (0000ad40)     _tester
0000ad42     2b5 (0000ad40)     _seca
0000ad43     2b5 (0000ad40)     _secb
0000ad44     2b5 (0000ad40)     _secc
0000ad46     2b5 (0000ad40)     _prev_pos
0000ad48     2b5 (0000ad40)     _ialpha
0000ad4a     2b5 (0000ad40)     _ibeta
0000ad4c     2b5 (0000ad40)     _id
0000ad4e     2b5 (0000ad40)     _iq
0000ad50     2b5 (0000ad40)     _ia
0000ad52     2b5 (0000ad40)     _ib
0000ad54     2b5 (0000ad40)     _speed_motor
0000ad56     2b5 (0000ad40)     _duty_a
0000ad58     2b5 (0000ad40)     _duty_b
0000ad5a     2b5 (0000ad40)     _duty_c
0000ad5c     2b5 (0000ad40)     _iqref
0000ad5e     2b5 (0000ad40)     _vq
0000ad60     2b5 (0000ad40)     _idref
0000ad62     2b5 (0000ad40)     _vd
0000ad64     2b5 (0000ad40)     _id_measured
0000ad66     2b5 (0000ad40)     _iq_measured
0000ad68     2b5 (0000ad40)     _Ta
0000ad6a     2b5 (0000ad40)     _Tb
0000ad6c     2b5 (0000ad40)     _Tc
0000ad6e     2b5 (0000ad40)     _ialpha_inverse
0000ad70     2b5 (0000ad40)     _ibeta_inverse

0000ad80     2b6 (0000ad80)     _pid_current_q
0000ad9c     2b6 (0000ad80)     _pid_speed

0000adc0     2b7 (0000adc0)     _pid_current_d


GLOBAL SYMBOLS: SORTED ALPHABETICALLY BY Name 

page  address   name                                      
----  -------   ----                                      
abs   ffffffff  .text                                     
0     00009317  C$$EXIT                                   
0     00008dad  FS$$DIV                                   
0     0000b19c  _Board_init                               
0     00009508  _CPUTimer_setEmulationMode                
0     00008270  _Device_bootCPU2                          
0     0000823f  _Device_configureTMXAnalogTrim            
0     000080ed  _Device_enableAllPeripherals              
0     00008229  _Device_enableUnbondedGPIOPullups         
0     0000820c  _Device_enableUnbondedGPIOPullupsFor100Pin
0     000081f9  _Device_enableUnbondedGPIOPullupsFor176Pin
0     000080ab  _Device_init                              
0     000081d8  _Device_initGPIO                          
0     0000b3b0  _EPWM_init                                
1     0000ad32  _Example_Fail                             
1     0000ad30  _Example_PassCount                        
1     0000ad2e  _Example_Result                           
0     000083fb  _Example_done                             
0     000083f6  _Example_setResultFail                    
0     000083f1  _Example_setResultPass                    
0     0000923b  _GPIO_setControllerCore                   
0     0000b7cd  _GPIO_setDirectionMode                    
0     00009000  _GPIO_setPadConfig                        
0     00009272  _GPIO_setPinConfig                        
0     000092a9  _GPIO_setQualificationMode                
0     000092e0  _Interrupt_enable                         
0     000091fe  _Interrupt_initModule                     
0     000093c4  _Interrupt_initVectorTable                
0     00008bb1  _PIDController_Init                       
0     00008bcf  _PIDController_Update                     
0     00008749  _PinMux_init                              
0     0000b35a  _PinMux_init_PWM                          
0     0000b79a  _Pin_EQEP                                 
0     0000917b  _SCI_clearInterruptStatus                 
0     00008768  _SCI_init                                 
0     000091c0  _SCI_setConfig                            
0     00008fbc  _SCI_writeCharArray                       
0     0000b56f  _SYNC_init                                
0     00000186  _SysCtl_delay                             
0     00009052  _SysCtl_getClock                          
0     00008e35  _SysCtl_getDeviceParametric               
0     0000944e  _SysCtl_getLowSpeedClock                  
0     000090ed  _SysCtl_selectOscSource                   
0     00008d23  _SysCtl_selectXTAL                        
0     00008800  _SysCtl_setClock                          
1     0000ad68  _Ta                                       
1     0000ad6a  _Tb                                       
1     0000ad6c  _Tc                                       
1     00000500  __STACK_END                               
abs   00000100  __STACK_SIZE                              
1     0000ad36  ___TI_cleanup_ptr                         
1     0000ad38  ___TI_dtors_ptr                           
1     0000ad34  ___TI_enable_exit_profile_output          
abs   ffffffff  ___TI_pprof_out_hndl                      
abs   ffffffff  ___TI_prof_data_size                      
abs   ffffffff  ___TI_prof_data_start                     
abs   ffffffff  ___binit__                                
abs   ffffffff  ___c_args__                               
0     00000123  ___cinit__                                
0     000083ea  ___error__                                
abs   ffffffff  ___etext__                                
abs   ffffffff  ___pinit__                                
abs   ffffffff  ___text__                                 
0     00009540  __args_main                               
1     0000ad3a  __lock                                    
0     000095c4  __nop                                     
0     000095c0  __register_lock                           
0     000095bc  __register_unlock                         
1     00000400  __stack                                   
0     00008fff  __system_post_cinit                       
0     000095d4  __system_pre_init                         
1     0000ad3c  __unlock                                  
0     00009317  _abort                                    
0     00008f66  _c_int00                                  
0     000084c6  _calculateSpeed                           
0     00009468  _clark_alpha                              
0     0000946f  _clark_beta                               
0     00008b83  _configCPUTimer                           
0     00009340  _copy_in                                  
0     00008f03  _cos                                      
0     00008f03  _cosf                                     
0     00008a06  _cpuTimer0ISR                             
1     0000ad40  _cpuTimer0IntCount                        
0     00008a59  _cpuTimer1ISR                             
1     0000ad56  _duty_a                                   
1     0000ad58  _duty_b                                   
1     0000ad5a  _duty_c                                   
0     00008cdd  _duty_change                              
0     00009319  _exit                                     
1     0000ad50  _ia                                       
1     0000ad48  _ialpha                                   
1     0000ad6e  _ialpha_inverse                           
1     0000ad52  _ib                                       
1     0000ad4a  _ibeta                                    
1     0000ad70  _ibeta_inverse                            
1     0000ad4c  _id                                       
1     0000ad64  _id_measured                              
1     0000ad60  _idref                                    
0     00008b58  _initCPUTimers                            
0     0000b59c  _initEPWM1                                
0     0000b5ec  _initEPWM2                                
0     0000b63c  _initEPWM3                                
0     000087a8  _intToStrPositive                         
0     00009135  _inverse_park_alpha                       
0     00009158  _inverse_park_beta                        
1     0000ad4e  _iq                                       
1     0000ad66  _iq_measured                              
1     0000ad5c  _iqref                                    
0     000084f0  _main                                     
0     000093e2  _memcpy                                   
0     0000876b  _mySCI0_init                              
1     0000ad3e  _onebysqrt3                               
0     000090a3  _park_id                                  
0     000090c8  _park_iq                                  
1     0000adc0  _pid_current_d                            
1     0000ad80  _pid_current_q                            
1     0000ad9c  _pid_speed                                
1     0000ad46  _prev_pos                                 
1     0000ad28  _result1                                  
1     0000ad2a  _result2                                  
1     0000ad2c  _result3                                  
1     0000ad42  _seca                                     
1     0000ad43  _secb                                     
1     0000ad44  _secc                                     
1     0000ad18  _sector_vector                            
0     0000b76a  _setupEQEPModule                          
0     00008e9d  _sin                                      
0     00008e9d  _sinf                                     
1     0000ad54  _speed_motor                              
1     0000ad22  _t1                                       
1     0000ad24  _t2                                       
1     0000ad26  _t7                                       
0     0000b58d  _ta_pwm2                                  
0     0000b592  _tb_pwm2                                  
0     0000b597  _tc_pwm2                                  
1     0000ad41  _tester                                   
1     0000ad1a  _u2                                       
0     0000b1a5  _variable_def                             
1     0000ad62  _vd                                       
1     0000ad5e  _vq                                       
1     0000ad1c  _x                                        
1     0000ad1e  _y                                        
1     0000ad20  _z                                        
abs   ffffffff  binit                                     
0     00000123  cinit                                     
0     00000000  code_start                                
abs   ffffffff  etext                                     
abs   ffffffff  pinit                                     


GLOBAL SYMBOLS: SORTED BY Symbol Address 

page  address   name                                      
----  -------   ----                                      
0     00000000  code_start                                
0     00000123  ___cinit__                                
0     00000123  cinit                                     
0     00000186  _SysCtl_delay                             
0     000080ab  _Device_init                              
0     000080ed  _Device_enableAllPeripherals              
0     000081d8  _Device_initGPIO                          
0     000081f9  _Device_enableUnbondedGPIOPullupsFor176Pin
0     0000820c  _Device_enableUnbondedGPIOPullupsFor100Pin
0     00008229  _Device_enableUnbondedGPIOPullups         
0     0000823f  _Device_configureTMXAnalogTrim            
0     00008270  _Device_bootCPU2                          
0     000083ea  ___error__                                
0     000083f1  _Example_setResultPass                    
0     000083f6  _Example_setResultFail                    
0     000083fb  _Example_done                             
0     000084c6  _calculateSpeed                           
0     000084f0  _main                                     
0     00008749  _PinMux_init                              
0     00008768  _SCI_init                                 
0     0000876b  _mySCI0_init                              
0     000087a8  _intToStrPositive                         
0     00008800  _SysCtl_setClock                          
0     00008a06  _cpuTimer0ISR                             
0     00008a59  _cpuTimer1ISR                             
0     00008b58  _initCPUTimers                            
0     00008b83  _configCPUTimer                           
0     00008bb1  _PIDController_Init                       
0     00008bcf  _PIDController_Update                     
0     00008cdd  _duty_change                              
0     00008d23  _SysCtl_selectXTAL                        
0     00008dad  FS$$DIV                                   
0     00008e35  _SysCtl_getDeviceParametric               
0     00008e9d  _sin                                      
0     00008e9d  _sinf                                     
0     00008f03  _cos                                      
0     00008f03  _cosf                                     
0     00008f66  _c_int00                                  
0     00008fbc  _SCI_writeCharArray                       
0     00008fff  __system_post_cinit                       
0     00009000  _GPIO_setPadConfig                        
0     00009052  _SysCtl_getClock                          
0     000090a3  _park_id                                  
0     000090c8  _park_iq                                  
0     000090ed  _SysCtl_selectOscSource                   
0     00009135  _inverse_park_alpha                       
0     00009158  _inverse_park_beta                        
0     0000917b  _SCI_clearInterruptStatus                 
0     000091c0  _SCI_setConfig                            
0     000091fe  _Interrupt_initModule                     
0     0000923b  _GPIO_setControllerCore                   
0     00009272  _GPIO_setPinConfig                        
0     000092a9  _GPIO_setQualificationMode                
0     000092e0  _Interrupt_enable                         
0     00009317  C$$EXIT                                   
0     00009317  _abort                                    
0     00009319  _exit                                     
0     00009340  _copy_in                                  
0     000093c4  _Interrupt_initVectorTable                
0     000093e2  _memcpy                                   
0     0000944e  _SysCtl_getLowSpeedClock                  
0     00009468  _clark_alpha                              
0     0000946f  _clark_beta                               
0     00009508  _CPUTimer_setEmulationMode                
0     00009540  __args_main                               
0     000095bc  __register_unlock                         
0     000095c0  __register_lock                           
0     000095c4  __nop                                     
0     000095d4  __system_pre_init                         
0     0000b19c  _Board_init                               
0     0000b1a5  _variable_def                             
0     0000b35a  _PinMux_init_PWM                          
0     0000b3b0  _EPWM_init                                
0     0000b56f  _SYNC_init                                
0     0000b58d  _ta_pwm2                                  
0     0000b592  _tb_pwm2                                  
0     0000b597  _tc_pwm2                                  
0     0000b59c  _initEPWM1                                
0     0000b5ec  _initEPWM2                                
0     0000b63c  _initEPWM3                                
0     0000b76a  _setupEQEPModule                          
0     0000b79a  _Pin_EQEP                                 
0     0000b7cd  _GPIO_setDirectionMode                    
1     00000400  __stack                                   
1     00000500  __STACK_END                               
1     0000ad18  _sector_vector                            
1     0000ad1a  _u2                                       
1     0000ad1c  _x                                        
1     0000ad1e  _y                                        
1     0000ad20  _z                                        
1     0000ad22  _t1                                       
1     0000ad24  _t2                                       
1     0000ad26  _t7                                       
1     0000ad28  _result1                                  
1     0000ad2a  _result2                                  
1     0000ad2c  _result3                                  
1     0000ad2e  _Example_Result                           
1     0000ad30  _Example_PassCount                        
1     0000ad32  _Example_Fail                             
1     0000ad34  ___TI_enable_exit_profile_output          
1     0000ad36  ___TI_cleanup_ptr                         
1     0000ad38  ___TI_dtors_ptr                           
1     0000ad3a  __lock                                    
1     0000ad3c  __unlock                                  
1     0000ad3e  _onebysqrt3                               
1     0000ad40  _cpuTimer0IntCount                        
1     0000ad41  _tester                                   
1     0000ad42  _seca                                     
1     0000ad43  _secb                                     
1     0000ad44  _secc                                     
1     0000ad46  _prev_pos                                 
1     0000ad48  _ialpha                                   
1     0000ad4a  _ibeta                                    
1     0000ad4c  _id                                       
1     0000ad4e  _iq                                       
1     0000ad50  _ia                                       
1     0000ad52  _ib                                       
1     0000ad54  _speed_motor                              
1     0000ad56  _duty_a                                   
1     0000ad58  _duty_b                                   
1     0000ad5a  _duty_c                                   
1     0000ad5c  _iqref                                    
1     0000ad5e  _vq                                       
1     0000ad60  _idref                                    
1     0000ad62  _vd                                       
1     0000ad64  _id_measured                              
1     0000ad66  _iq_measured                              
1     0000ad68  _Ta                                       
1     0000ad6a  _Tb                                       
1     0000ad6c  _Tc                                       
1     0000ad6e  _ialpha_inverse                           
1     0000ad70  _ibeta_inverse                            
1     0000ad80  _pid_current_q                            
1     0000ad9c  _pid_speed                                
1     0000adc0  _pid_current_d                            
abs   00000100  __STACK_SIZE                              
abs   ffffffff  .text                                     
abs   ffffffff  ___TI_pprof_out_hndl                      
abs   ffffffff  ___TI_prof_data_size                      
abs   ffffffff  ___TI_prof_data_start                     
abs   ffffffff  ___binit__                                
abs   ffffffff  ___c_args__                               
abs   ffffffff  ___etext__                                
abs   ffffffff  ___pinit__                                
abs   ffffffff  ___text__                                 
abs   ffffffff  binit                                     
abs   ffffffff  etext                                     
abs   ffffffff  pinit                                     

[148 symbols]
