<?xml version="1.0" encoding="ISO-8859-1" ?>
<link_info>
   <banner>TMS320C2000 Linker PC v22.6.0.LTS</banner>
   <copyright>Copyright (c) 1996-2018 Texas Instruments Incorporated</copyright>
   <link_time>0x6496d6c3</link_time>
   <link_errors>0x0</link_errors>
   <output_file>final_project.out</output_file>
   <entry_point>
      <name>code_start</name>
      <address>0x0</address>
   </entry_point>
   <input_file_list>
      <input_file id="fl-2">
         <path>.\</path>
         <kind>object</kind>
         <file>clark.obj</file>
         <name>clark.obj</name>
      </input_file>
      <input_file id="fl-3">
         <path>.\</path>
         <kind>object</kind>
         <file>cpu_timer.obj</file>
         <name>cpu_timer.obj</name>
      </input_file>
      <input_file id="fl-4">
         <path>.\</path>
         <kind>object</kind>
         <file>current_sensing.obj</file>
         <name>current_sensing.obj</name>
      </input_file>
      <input_file id="fl-5">
         <path>.\</path>
         <kind>object</kind>
         <file>duty_update.obj</file>
         <name>duty_update.obj</name>
      </input_file>
      <input_file id="fl-6">
         <path>.\</path>
         <kind>object</kind>
         <file>empty_driverlib_main.obj</file>
         <name>empty_driverlib_main.obj</name>
      </input_file>
      <input_file id="fl-7">
         <path>.\</path>
         <kind>object</kind>
         <file>encoder.obj</file>
         <name>encoder.obj</name>
      </input_file>
      <input_file id="fl-8">
         <path>.\</path>
         <kind>object</kind>
         <file>inverse_park.obj</file>
         <name>inverse_park.obj</name>
      </input_file>
      <input_file id="fl-9">
         <path>.\</path>
         <kind>object</kind>
         <file>park.obj</file>
         <name>park.obj</name>
      </input_file>
      <input_file id="fl-a">
         <path>.\</path>
         <kind>object</kind>
         <file>pid.obj</file>
         <name>pid.obj</name>
      </input_file>
      <input_file id="fl-b">
         <path>.\</path>
         <kind>object</kind>
         <file>pwm.obj</file>
         <name>pwm.obj</name>
      </input_file>
      <input_file id="fl-c">
         <path>.\</path>
         <kind>object</kind>
         <file>sci_init.obj</file>
         <name>sci_init.obj</name>
      </input_file>
      <input_file id="fl-d">
         <path>.\device\</path>
         <kind>object</kind>
         <file>F2837xD_CodeStartBranch.obj</file>
         <name>F2837xD_CodeStartBranch.obj</name>
      </input_file>
      <input_file id="fl-e">
         <path>.\device\</path>
         <kind>object</kind>
         <file>device.obj</file>
         <name>device.obj</name>
      </input_file>
      <input_file id="fl-13">
         <kind>object</kind>
         <file>&lt;internal&gt;</file>
         <name>&lt;internal&gt;</name>
      </input_file>
      <input_file id="fl-17">
         <path>C:\ti\c2000\C2000Ware_4_03_00_00\driverlib\f2837xd\driverlib\ccs\Debug\</path>
         <kind>archive</kind>
         <file>driverlib_coff.lib</file>
         <name>cputimer.obj</name>
      </input_file>
      <input_file id="fl-18">
         <path>C:\ti\c2000\C2000Ware_4_03_00_00\driverlib\f2837xd\driverlib\ccs\Debug\</path>
         <kind>archive</kind>
         <file>driverlib_coff.lib</file>
         <name>gpio.obj</name>
      </input_file>
      <input_file id="fl-19">
         <path>C:\ti\c2000\C2000Ware_4_03_00_00\driverlib\f2837xd\driverlib\ccs\Debug\</path>
         <kind>archive</kind>
         <file>driverlib_coff.lib</file>
         <name>interrupt.obj</name>
      </input_file>
      <input_file id="fl-1a">
         <path>C:\ti\c2000\C2000Ware_4_03_00_00\driverlib\f2837xd\driverlib\ccs\Debug\</path>
         <kind>archive</kind>
         <file>driverlib_coff.lib</file>
         <name>sci.obj</name>
      </input_file>
      <input_file id="fl-1b">
         <path>C:\ti\c2000\C2000Ware_4_03_00_00\driverlib\f2837xd\driverlib\ccs\Debug\</path>
         <kind>archive</kind>
         <file>driverlib_coff.lib</file>
         <name>sysctl.obj</name>
      </input_file>
      <input_file id="fl-27">
         <path>C:\ti\ccs1230\ccs\tools\compiler\ti-cgt-c2000_22.6.0.LTS\lib\</path>
         <kind>archive</kind>
         <file>rts2800_fpu32.lib</file>
         <name>s_cosf.c.obj</name>
      </input_file>
      <input_file id="fl-28">
         <path>C:\ti\ccs1230\ccs\tools\compiler\ti-cgt-c2000_22.6.0.LTS\lib\</path>
         <kind>archive</kind>
         <file>rts2800_fpu32.lib</file>
         <name>s_sinf.c.obj</name>
      </input_file>
      <input_file id="fl-29">
         <path>C:\ti\ccs1230\ccs\tools\compiler\ti-cgt-c2000_22.6.0.LTS\lib\</path>
         <kind>archive</kind>
         <file>rts2800_fpu32.lib</file>
         <name>boot28.asm.obj</name>
      </input_file>
      <input_file id="fl-2a">
         <path>C:\ti\ccs1230\ccs\tools\compiler\ti-cgt-c2000_22.6.0.LTS\lib\</path>
         <kind>archive</kind>
         <file>rts2800_fpu32.lib</file>
         <name>fs_div28.asm.obj</name>
      </input_file>
      <input_file id="fl-2b">
         <path>C:\ti\ccs1230\ccs\tools\compiler\ti-cgt-c2000_22.6.0.LTS\lib\</path>
         <kind>archive</kind>
         <file>rts2800_fpu32.lib</file>
         <name>cpy_tbl.c.obj</name>
      </input_file>
      <input_file id="fl-2c">
         <path>C:\ti\ccs1230\ccs\tools\compiler\ti-cgt-c2000_22.6.0.LTS\lib\</path>
         <kind>archive</kind>
         <file>rts2800_fpu32.lib</file>
         <name>memcpy.c.obj</name>
      </input_file>
      <input_file id="fl-2d">
         <path>C:\ti\ccs1230\ccs\tools\compiler\ti-cgt-c2000_22.6.0.LTS\lib\</path>
         <kind>archive</kind>
         <file>rts2800_fpu32.lib</file>
         <name>pre_init.c.obj</name>
      </input_file>
      <input_file id="fl-2e">
         <path>C:\ti\ccs1230\ccs\tools\compiler\ti-cgt-c2000_22.6.0.LTS\lib\</path>
         <kind>archive</kind>
         <file>rts2800_fpu32.lib</file>
         <name>startup.c.obj</name>
      </input_file>
      <input_file id="fl-2f">
         <path>C:\ti\ccs1230\ccs\tools\compiler\ti-cgt-c2000_22.6.0.LTS\lib\</path>
         <kind>archive</kind>
         <file>rts2800_fpu32.lib</file>
         <name>exit.c.obj</name>
      </input_file>
      <input_file id="fl-30">
         <path>C:\ti\ccs1230\ccs\tools\compiler\ti-cgt-c2000_22.6.0.LTS\lib\</path>
         <kind>archive</kind>
         <file>rts2800_fpu32.lib</file>
         <name>_lock.c.obj</name>
      </input_file>
      <input_file id="fl-31">
         <path>C:\ti\ccs1230\ccs\tools\compiler\ti-cgt-c2000_22.6.0.LTS\lib\</path>
         <kind>archive</kind>
         <file>rts2800_fpu32.lib</file>
         <name>args_main.c.obj</name>
      </input_file>
   </input_file_list>
   <object_component_list>
      <object_component id="oc-1e">
         <name>codestart</name>
         <load_address>0x0</load_address>
         <run_address>0x0</run_address>
         <size>0x2</size>
         <input_file_ref idref="fl-d"/>
      </object_component>
      <object_component id="oc-ce">
         <name>.text</name>
         <load_address>0x8000</load_address>
         <run_address>0x8000</run_address>
         <size>0x3fc</size>
         <input_file_ref idref="fl-e"/>
      </object_component>
      <object_component id="oc-c6">
         <name>.text</name>
         <load_address>0x83fc</load_address>
         <run_address>0x83fc</run_address>
         <size>0x25d</size>
         <input_file_ref idref="fl-6"/>
      </object_component>
      <object_component id="oc-c8">
         <name>.text</name>
         <load_address>0x8659</load_address>
         <run_address>0x8659</run_address>
         <size>0x19a</size>
         <input_file_ref idref="fl-c"/>
      </object_component>
      <object_component id="oc-ea">
         <name>.text:_Interrupt_disableGlobal</name>
         <load_address>0x87f3</load_address>
         <run_address>0x87f3</run_address>
         <size>0xd</size>
         <input_file_ref idref="fl-19"/>
      </object_component>
      <object_component id="oc-cf">
         <name>.text</name>
         <load_address>0x8800</load_address>
         <run_address>0x8800</run_address>
         <size>0x141</size>
         <input_file_ref idref="fl-7"/>
      </object_component>
      <object_component id="oc-37">
         <name>.text:retain</name>
         <load_address>0x8941</load_address>
         <run_address>0x8941</run_address>
         <size>0xd6</size>
         <input_file_ref idref="fl-6"/>
      </object_component>
      <object_component id="oc-d3">
         <name>.text</name>
         <load_address>0x8a17</load_address>
         <run_address>0x8a17</run_address>
         <size>0xd5</size>
         <input_file_ref idref="fl-3"/>
      </object_component>
      <object_component id="oc-c5">
         <name>.text</name>
         <load_address>0x8aec</load_address>
         <run_address>0x8aec</run_address>
         <size>0xcf</size>
         <input_file_ref idref="fl-a"/>
      </object_component>
      <object_component id="oc-d5">
         <name>.text</name>
         <load_address>0x8bbb</load_address>
         <run_address>0x8bbb</run_address>
         <size>0xa3</size>
         <input_file_ref idref="fl-5"/>
      </object_component>
      <object_component id="oc-fd">
         <name>.text:_SysCtl_selectXTAL</name>
         <load_address>0x8c5e</load_address>
         <run_address>0x8c5e</run_address>
         <size>0x8a</size>
         <input_file_ref idref="fl-1b"/>
      </object_component>
      <object_component id="oc-9b">
         <name>.text</name>
         <load_address>0x8ce8</load_address>
         <run_address>0x8ce8</run_address>
         <size>0x88</size>
         <input_file_ref idref="fl-2a"/>
      </object_component>
      <object_component id="oc-e4">
         <name>.text:_SysCtl_getDeviceParametric</name>
         <load_address>0x8d70</load_address>
         <run_address>0x8d70</run_address>
         <size>0x68</size>
         <input_file_ref idref="fl-1b"/>
      </object_component>
      <object_component id="oc-f1">
         <name>.text</name>
         <load_address>0x8dd8</load_address>
         <run_address>0x8dd8</run_address>
         <size>0x66</size>
         <input_file_ref idref="fl-28"/>
      </object_component>
      <object_component id="oc-f0">
         <name>.text</name>
         <load_address>0x8e3e</load_address>
         <run_address>0x8e3e</run_address>
         <size>0x63</size>
         <input_file_ref idref="fl-27"/>
      </object_component>
      <object_component id="oc-94">
         <name>.text</name>
         <load_address>0x8ea1</load_address>
         <run_address>0x8ea1</run_address>
         <size>0x56</size>
         <input_file_ref idref="fl-29"/>
      </object_component>
      <object_component id="oc-dd">
         <name>.text:_GPIO_setPadConfig</name>
         <load_address>0x8ef7</load_address>
         <run_address>0x8ef7</run_address>
         <size>0x52</size>
         <input_file_ref idref="fl-18"/>
      </object_component>
      <object_component id="oc-e6">
         <name>.text:_SysCtl_getClock</name>
         <load_address>0x8f49</load_address>
         <run_address>0x8f49</run_address>
         <size>0x51</size>
         <input_file_ref idref="fl-1b"/>
      </object_component>
      <object_component id="oc-d7">
         <name>.text</name>
         <load_address>0x8f9a</load_address>
         <run_address>0x8f9a</run_address>
         <size>0x4a</size>
         <input_file_ref idref="fl-9"/>
      </object_component>
      <object_component id="oc-d6">
         <name>.text</name>
         <load_address>0x8fe4</load_address>
         <run_address>0x8fe4</run_address>
         <size>0x1c</size>
         <input_file_ref idref="fl-2"/>
      </object_component>
      <object_component id="oc-f9">
         <name>.text:_SysCtl_selectOscSource</name>
         <load_address>0x9000</load_address>
         <run_address>0x9000</run_address>
         <size>0x48</size>
         <input_file_ref idref="fl-1b"/>
      </object_component>
      <object_component id="oc-df">
         <name>.text:_SCI_clearInterruptStatus</name>
         <load_address>0x9048</load_address>
         <run_address>0x9048</run_address>
         <size>0x45</size>
         <input_file_ref idref="fl-1a"/>
      </object_component>
      <object_component id="oc-e0">
         <name>.text:_SCI_setConfig</name>
         <load_address>0x908d</load_address>
         <run_address>0x908d</run_address>
         <size>0x3e</size>
         <input_file_ref idref="fl-1a"/>
      </object_component>
      <object_component id="oc-d0">
         <name>.text:_Interrupt_initModule</name>
         <load_address>0x90cb</load_address>
         <run_address>0x90cb</run_address>
         <size>0x3d</size>
         <input_file_ref idref="fl-19"/>
      </object_component>
      <object_component id="oc-e9">
         <name>.text:_GPIO_setControllerCore</name>
         <load_address>0x9108</load_address>
         <run_address>0x9108</run_address>
         <size>0x37</size>
         <input_file_ref idref="fl-18"/>
      </object_component>
      <object_component id="oc-dc">
         <name>.text:_GPIO_setPinConfig</name>
         <load_address>0x913f</load_address>
         <run_address>0x913f</run_address>
         <size>0x37</size>
         <input_file_ref idref="fl-18"/>
      </object_component>
      <object_component id="oc-de">
         <name>.text:_GPIO_setQualificationMode</name>
         <load_address>0x9176</load_address>
         <run_address>0x9176</run_address>
         <size>0x37</size>
         <input_file_ref idref="fl-18"/>
      </object_component>
      <object_component id="oc-d4">
         <name>.text:_Interrupt_enable</name>
         <load_address>0x91ad</load_address>
         <run_address>0x91ad</run_address>
         <size>0x37</size>
         <input_file_ref idref="fl-19"/>
      </object_component>
      <object_component id="oc-e8">
         <name>.text:_GPIO_setDirectionMode</name>
         <load_address>0x91e4</load_address>
         <run_address>0x91e4</run_address>
         <size>0x31</size>
         <input_file_ref idref="fl-18"/>
      </object_component>
      <object_component id="oc-cd">
         <name>.text</name>
         <load_address>0x9215</load_address>
         <run_address>0x9215</run_address>
         <size>0x29</size>
         <input_file_ref idref="fl-2f"/>
      </object_component>
      <object_component id="oc-ca">
         <name>.text</name>
         <load_address>0x923e</load_address>
         <run_address>0x923e</run_address>
         <size>0x24</size>
         <input_file_ref idref="fl-2b"/>
      </object_component>
      <object_component id="oc-101">
         <name>.text:_CPUTimer_selectClockSource</name>
         <load_address>0x9262</load_address>
         <run_address>0x9262</run_address>
         <size>0x21</size>
         <input_file_ref idref="fl-1b"/>
      </object_component>
      <object_component id="oc-d9">
         <name>.text:_SCI_isFIFOEnabled</name>
         <load_address>0x9283</load_address>
         <run_address>0x9283</run_address>
         <size>0x20</size>
         <input_file_ref idref="fl-1a"/>
      </object_component>
      <object_component id="oc-107">
         <name>.text:_CPUTimer_getTimerOverflowStatus</name>
         <load_address>0x92a3</load_address>
         <run_address>0x92a3</run_address>
         <size>0x1f</size>
         <input_file_ref idref="fl-1b"/>
      </object_component>
      <object_component id="oc-d2">
         <name>.text:_Interrupt_initVectorTable</name>
         <load_address>0x92c2</load_address>
         <run_address>0x92c2</run_address>
         <size>0x1e</size>
         <input_file_ref idref="fl-19"/>
      </object_component>
      <object_component id="oc-e1">
         <name>.text</name>
         <load_address>0x92e0</load_address>
         <run_address>0x92e0</run_address>
         <size>0x1d</size>
         <input_file_ref idref="fl-2c"/>
      </object_component>
      <object_component id="oc-d8">
         <name>.text:_SCI_isBaseValid</name>
         <load_address>0x92fd</load_address>
         <run_address>0x92fd</run_address>
         <size>0x1b</size>
         <input_file_ref idref="fl-1a"/>
      </object_component>
      <object_component id="oc-103">
         <name>.text:_CPUTimer_startTimer</name>
         <load_address>0x9318</load_address>
         <run_address>0x9318</run_address>
         <size>0x1a</size>
         <input_file_ref idref="fl-1b"/>
      </object_component>
      <object_component id="oc-db">
         <name>.text:_SCI_isSpaceAvailableNonFIFO</name>
         <load_address>0x9332</load_address>
         <run_address>0x9332</run_address>
         <size>0x1a</size>
         <input_file_ref idref="fl-1a"/>
      </object_component>
      <object_component id="oc-e7">
         <name>.text:_SysCtl_getLowSpeedClock</name>
         <load_address>0x934c</load_address>
         <run_address>0x934c</run_address>
         <size>0x1a</size>
         <input_file_ref idref="fl-1b"/>
      </object_component>
      <object_component id="oc-f4">
         <name>.text:_SCI_disableModule</name>
         <load_address>0x9366</load_address>
         <run_address>0x9366</run_address>
         <size>0x18</size>
         <input_file_ref idref="fl-1a"/>
      </object_component>
      <object_component id="oc-f3">
         <name>.text:_SCI_performSoftwareReset</name>
         <load_address>0x937e</load_address>
         <run_address>0x937e</run_address>
         <size>0x18</size>
         <input_file_ref idref="fl-1a"/>
      </object_component>
      <object_component id="oc-fb">
         <name>.text:_CPUTimer_isBaseValid</name>
         <load_address>0x9396</load_address>
         <run_address>0x9396</run_address>
         <size>0x17</size>
         <input_file_ref idref="fl-17"/>
      </object_component>
      <object_component id="oc-106">
         <name>.text:_CPUTimer_isBaseValid</name>
         <load_address>0x93ad</load_address>
         <run_address>0x93ad</run_address>
         <size>0x17</size>
         <input_file_ref idref="fl-1b"/>
      </object_component>
      <object_component id="oc-ff">
         <name>.text:_CPUTimer_stopTimer</name>
         <load_address>0x93c4</load_address>
         <run_address>0x93c4</run_address>
         <size>0x14</size>
         <input_file_ref idref="fl-1b"/>
      </object_component>
      <object_component id="oc-da">
         <name>.text:_SCI_getTxFIFOStatus</name>
         <load_address>0x93d8</load_address>
         <run_address>0x93d8</run_address>
         <size>0x14</size>
         <input_file_ref idref="fl-1a"/>
      </object_component>
      <object_component id="oc-ee">
         <name>.text:_CPUTimer_setEmulationMode</name>
         <load_address>0x93ec</load_address>
         <run_address>0x93ec</run_address>
         <size>0x13</size>
         <input_file_ref idref="fl-17"/>
      </object_component>
      <object_component id="oc-f5">
         <name>.text:_SCI_enableModule</name>
         <load_address>0x93ff</load_address>
         <run_address>0x93ff</run_address>
         <size>0x13</size>
         <input_file_ref idref="fl-1a"/>
      </object_component>
      <object_component id="oc-102">
         <name>.text:_CPUTimer_clearOverflowFlag</name>
         <load_address>0x9412</load_address>
         <run_address>0x9412</run_address>
         <size>0x12</size>
         <input_file_ref idref="fl-1b"/>
      </object_component>
      <object_component id="oc-fe">
         <name>.text:_CPUTimer_disableInterrupt</name>
         <load_address>0x9424</load_address>
         <run_address>0x9424</run_address>
         <size>0x12</size>
         <input_file_ref idref="fl-1b"/>
      </object_component>
      <object_component id="oc-cc">
         <name>.text</name>
         <load_address>0x9436</load_address>
         <run_address>0x9436</run_address>
         <size>0x12</size>
         <input_file_ref idref="fl-31"/>
      </object_component>
      <object_component id="oc-100">
         <name>.text:_CPUTimer_setPeriod</name>
         <load_address>0x9448</load_address>
         <run_address>0x9448</run_address>
         <size>0x11</size>
         <input_file_ref idref="fl-1b"/>
      </object_component>
      <object_component id="oc-104">
         <name>.text:_SysCtl_pollCpuTimer</name>
         <load_address>0x9459</load_address>
         <run_address>0x9459</run_address>
         <size>0xf</size>
         <input_file_ref idref="fl-1b"/>
      </object_component>
      <object_component id="oc-f2">
         <name>.text:_GPIO_isPinValid</name>
         <load_address>0x9468</load_address>
         <run_address>0x9468</run_address>
         <size>0xe</size>
         <input_file_ref idref="fl-18"/>
      </object_component>
      <object_component id="oc-eb">
         <name>.text:_Interrupt_defaultHandler</name>
         <load_address>0x9476</load_address>
         <run_address>0x9476</run_address>
         <size>0xe</size>
         <input_file_ref idref="fl-19"/>
      </object_component>
      <object_component id="oc-ef">
         <name>.text:_Interrupt_enableGlobal</name>
         <load_address>0x9484</load_address>
         <run_address>0x9484</run_address>
         <size>0xd</size>
         <input_file_ref idref="fl-19"/>
      </object_component>
      <object_component id="oc-f8">
         <name>.text:_SysCtl_isMCDClockFailureDetected</name>
         <load_address>0x9491</load_address>
         <run_address>0x9491</run_address>
         <size>0xb</size>
         <input_file_ref idref="fl-1b"/>
      </object_component>
      <object_component id="oc-fa">
         <name>.text:_SysCtl_serviceWatchdog</name>
         <load_address>0x949c</load_address>
         <run_address>0x949c</run_address>
         <size>0x9</size>
         <input_file_ref idref="fl-1b"/>
      </object_component>
      <object_component id="oc-f6">
         <name>.text</name>
         <load_address>0x94a5</load_address>
         <run_address>0x94a5</run_address>
         <size>0x9</size>
         <input_file_ref idref="fl-30"/>
      </object_component>
      <object_component id="oc-5e">
         <name>.text</name>
         <load_address>0x94ae</load_address>
         <run_address>0x94ae</run_address>
         <size>0x8</size>
         <input_file_ref idref="fl-d"/>
      </object_component>
      <object_component id="oc-105">
         <name>.text:_SysCtl_resetMCD</name>
         <load_address>0x94b6</load_address>
         <run_address>0x94b6</run_address>
         <size>0x7</size>
         <input_file_ref idref="fl-1b"/>
      </object_component>
      <object_component id="oc-ec">
         <name>.text:_Interrupt_nmiHandler</name>
         <load_address>0x94bd</load_address>
         <run_address>0x94bd</run_address>
         <size>0x2</size>
         <input_file_ref idref="fl-19"/>
      </object_component>
      <object_component id="oc-c9">
         <name>.text</name>
         <load_address>0x94bf</load_address>
         <run_address>0x94bf</run_address>
         <size>0x2</size>
         <input_file_ref idref="fl-2d"/>
      </object_component>
      <object_component id="oc-cb">
         <name>.text</name>
         <load_address>0x94c1</load_address>
         <run_address>0x94c1</run_address>
         <size>0x1</size>
         <input_file_ref idref="fl-2e"/>
      </object_component>
      <object_component id="oc-d1">
         <name>.text</name>
         <load_address>0xb000</load_address>
         <run_address>0xb000</run_address>
         <size>0x5b7</size>
         <input_file_ref idref="fl-b"/>
      </object_component>
      <object_component id="oc-e5">
         <name>.text:_SysCtl_setClock</name>
         <load_address>0xb5b7</load_address>
         <run_address>0xb5b7</run_address>
         <size>0x206</size>
         <input_file_ref idref="fl-1b"/>
      </object_component>
      <object_component id="oc-c7">
         <name>.text:_SCI_writeCharArray</name>
         <load_address>0xb7bd</load_address>
         <run_address>0xb7bd</run_address>
         <size>0x41</size>
         <input_file_ref idref="fl-1a"/>
      </object_component>
      <object_component id="oc-ed">
         <name>.text:_Interrupt_illegalOperationHandler</name>
         <load_address>0xb7fe</load_address>
         <run_address>0xb7fe</run_address>
         <size>0x2</size>
         <input_file_ref idref="fl-19"/>
      </object_component>
      <object_component id="oc-35">
         <name>.cinit</name>
         <load_address>0x123</load_address>
         <run_address>0x123</run_address>
         <size>0x31</size>
         <input_file_ref idref="fl-6"/>
      </object_component>
      <object_component id="oc-64">
         <name>.cinit</name>
         <load_address>0x154</load_address>
         <run_address>0x154</run_address>
         <size>0xf</size>
         <input_file_ref idref="fl-e"/>
      </object_component>
      <object_component id="oc-b5">
         <name>.cinit</name>
         <load_address>0x163</load_address>
         <run_address>0x163</run_address>
         <size>0xe</size>
         <input_file_ref idref="fl-2f"/>
      </object_component>
      <object_component id="oc-e3">
         <name>.cinit:__lock</name>
         <load_address>0x171</load_address>
         <run_address>0x171</run_address>
         <size>0x5</size>
         <input_file_ref idref="fl-30"/>
      </object_component>
      <object_component id="oc-f7">
         <name>.cinit:__unlock</name>
         <load_address>0x176</load_address>
         <run_address>0x176</run_address>
         <size>0x5</size>
         <input_file_ref idref="fl-30"/>
      </object_component>
      <object_component id="oc-20">
         <name>.cinit</name>
         <load_address>0x17b</load_address>
         <run_address>0x17b</run_address>
         <size>0x5</size>
         <input_file_ref idref="fl-2"/>
      </object_component>
      <object_component id="oc-96">
         <name>.reset</name>
         <load_address>0x3fffc0</load_address>
         <run_address>0x3fffc0</run_address>
         <size>0x2</size>
         <input_file_ref idref="fl-29"/>
      </object_component>
      <object_component id="oc-95">
         <name>.stack</name>
         <uninitialized>true</uninitialized>
         <run_address>0x400</run_address>
         <size>0x0</size>
         <input_file_ref idref="fl-29"/>
      </object_component>
      <object_component id="oc-12d">
         <name>.stack</name>
         <uninitialized>true</uninitialized>
         <run_address>0x400</run_address>
         <size>0x0</size>
      </object_component>
      <object_component id="oc-21">
         <name>.ebss</name>
         <uninitialized>true</uninitialized>
         <run_address>0xad28</run_address>
         <size>0x2</size>
         <input_file_ref idref="fl-2"/>
      </object_component>
      <object_component id="oc-36">
         <name>.ebss</name>
         <uninitialized>true</uninitialized>
         <run_address>0xad40</run_address>
         <size>0x9c</size>
         <input_file_ref idref="fl-6"/>
      </object_component>
      <object_component id="oc-65">
         <name>.ebss</name>
         <uninitialized>true</uninitialized>
         <run_address>0xad18</run_address>
         <size>0x6</size>
         <input_file_ref idref="fl-e"/>
      </object_component>
      <object_component id="oc-b6">
         <name>.ebss</name>
         <uninitialized>true</uninitialized>
         <run_address>0xad1e</run_address>
         <size>0x6</size>
         <input_file_ref idref="fl-2f"/>
      </object_component>
      <object_component id="oc-e2">
         <name>.ebss:__lock</name>
         <uninitialized>true</uninitialized>
         <run_address>0xad24</run_address>
         <size>0x2</size>
         <input_file_ref idref="fl-30"/>
      </object_component>
      <object_component id="oc-fc">
         <name>.ebss:__unlock</name>
         <uninitialized>true</uninitialized>
         <run_address>0xad26</run_address>
         <size>0x2</size>
         <input_file_ref idref="fl-30"/>
      </object_component>
      <object_component id="oc-85">
         <name>.econst:.string</name>
         <load_address>0xa800</load_address>
         <run_address>0xa800</run_address>
         <size>0xc2</size>
         <input_file_ref idref="fl-1b"/>
      </object_component>
      <object_component id="oc-72">
         <name>.econst:.string</name>
         <load_address>0xa8c2</load_address>
         <run_address>0xa8c2</run_address>
         <size>0xbc</size>
         <input_file_ref idref="fl-18"/>
      </object_component>
      <object_component id="oc-7e">
         <name>.econst:.string</name>
         <load_address>0xa97e</load_address>
         <run_address>0xa97e</run_address>
         <size>0xbb</size>
         <input_file_ref idref="fl-1a"/>
      </object_component>
      <object_component id="oc-38">
         <name>.econst:.string</name>
         <load_address>0xaa3a</load_address>
         <run_address>0xaa3a</run_address>
         <size>0xab</size>
         <input_file_ref idref="fl-6"/>
      </object_component>
      <object_component id="oc-78">
         <name>.econst:.string</name>
         <load_address>0xaae6</load_address>
         <run_address>0xaae6</run_address>
         <size>0x63</size>
         <input_file_ref idref="fl-19"/>
      </object_component>
      <object_component id="oc-6c">
         <name>.econst:.string</name>
         <load_address>0xab4a</load_address>
         <run_address>0xab4a</run_address>
         <size>0x62</size>
         <input_file_ref idref="fl-17"/>
      </object_component>
      <object_component id="oc-27">
         <name>.econst:.string</name>
         <load_address>0xabac</load_address>
         <run_address>0xabac</run_address>
         <size>0x48</size>
         <input_file_ref idref="fl-3"/>
      </object_component>
      <object_component id="oc-2f">
         <name>.econst:.string</name>
         <load_address>0xabf4</load_address>
         <run_address>0xabf4</run_address>
         <size>0x44</size>
         <input_file_ref idref="fl-5"/>
      </object_component>
      <object_component id="oc-3e">
         <name>.econst:.string</name>
         <load_address>0xac38</load_address>
         <run_address>0xac38</run_address>
         <size>0x44</size>
         <input_file_ref idref="fl-7"/>
      </object_component>
      <object_component id="oc-53">
         <name>.econst:.string</name>
         <load_address>0xac7c</load_address>
         <run_address>0xac7c</run_address>
         <size>0x44</size>
         <input_file_ref idref="fl-b"/>
      </object_component>
      <object_component id="oc-59">
         <name>.econst:.string</name>
         <load_address>0xacc0</load_address>
         <run_address>0xacc0</run_address>
         <size>0x43</size>
         <input_file_ref idref="fl-c"/>
      </object_component>
      <object_component id="oc-66">
         <name>.econst:.string</name>
         <load_address>0xad04</load_address>
         <run_address>0xad04</run_address>
         <size>0x13</size>
         <input_file_ref idref="fl-e"/>
      </object_component>
      <object_component id="oc-84">
         <name>.TI.ramfunc</name>
         <load_address>0x182</load_address>
         <run_address>0x182</run_address>
         <size>0x4</size>
         <input_file_ref idref="fl-1b"/>
      </object_component>
      <object_component id="oc-1f">
         <name>.debug_info</name>
         <load_address>0x0</load_address>
         <run_address>0x0</run_address>
         <size>0x477</size>
         <input_file_ref idref="fl-2"/>
      </object_component>
      <object_component id="oc-26">
         <name>.debug_info</name>
         <load_address>0x477</load_address>
         <run_address>0x477</run_address>
         <size>0xf10</size>
         <input_file_ref idref="fl-3"/>
      </object_component>
      <object_component id="oc-2c">
         <name>.debug_info</name>
         <load_address>0x1387</load_address>
         <run_address>0x1387</run_address>
         <size>0x18e</size>
         <input_file_ref idref="fl-4"/>
      </object_component>
      <object_component id="oc-2e">
         <name>.debug_info</name>
         <load_address>0x1515</load_address>
         <run_address>0x1515</run_address>
         <size>0x95a</size>
         <input_file_ref idref="fl-5"/>
      </object_component>
      <object_component id="oc-34">
         <name>.debug_info</name>
         <load_address>0x1e6f</load_address>
         <run_address>0x1e6f</run_address>
         <size>0x2708</size>
         <input_file_ref idref="fl-6"/>
      </object_component>
      <object_component id="oc-3d">
         <name>.debug_info</name>
         <load_address>0x4577</load_address>
         <run_address>0x4577</run_address>
         <size>0x1696</size>
         <input_file_ref idref="fl-7"/>
      </object_component>
      <object_component id="oc-43">
         <name>.debug_info</name>
         <load_address>0x5c0d</load_address>
         <run_address>0x5c0d</run_address>
         <size>0x37f</size>
         <input_file_ref idref="fl-8"/>
      </object_component>
      <object_component id="oc-48">
         <name>.debug_info</name>
         <load_address>0x5f8c</load_address>
         <run_address>0x5f8c</run_address>
         <size>0x5cf</size>
         <input_file_ref idref="fl-9"/>
      </object_component>
      <object_component id="oc-4d">
         <name>.debug_info</name>
         <load_address>0x655b</load_address>
         <run_address>0x655b</run_address>
         <size>0x657</size>
         <input_file_ref idref="fl-a"/>
      </object_component>
      <object_component id="oc-52">
         <name>.debug_info</name>
         <load_address>0x6bb2</load_address>
         <run_address>0x6bb2</run_address>
         <size>0x36d4</size>
         <input_file_ref idref="fl-b"/>
      </object_component>
      <object_component id="oc-58">
         <name>.debug_info</name>
         <load_address>0xa286</load_address>
         <run_address>0xa286</run_address>
         <size>0x165c</size>
         <input_file_ref idref="fl-c"/>
      </object_component>
      <object_component id="oc-60">
         <name>.debug_info</name>
         <load_address>0xb8e2</load_address>
         <run_address>0xb8e2</run_address>
         <size>0x140</size>
         <input_file_ref idref="fl-d"/>
      </object_component>
      <object_component id="oc-63">
         <name>.debug_info</name>
         <load_address>0xba22</load_address>
         <run_address>0xba22</run_address>
         <size>0x32ee</size>
         <input_file_ref idref="fl-e"/>
      </object_component>
      <object_component id="oc-6b">
         <name>.debug_info</name>
         <load_address>0xed10</load_address>
         <run_address>0xed10</run_address>
         <size>0x77b</size>
         <input_file_ref idref="fl-17"/>
      </object_component>
      <object_component id="oc-71">
         <name>.debug_info</name>
         <load_address>0xf48b</load_address>
         <run_address>0xf48b</run_address>
         <size>0x10aa</size>
         <input_file_ref idref="fl-18"/>
      </object_component>
      <object_component id="oc-77">
         <name>.debug_info</name>
         <load_address>0x10535</load_address>
         <run_address>0x10535</run_address>
         <size>0xdf2</size>
         <input_file_ref idref="fl-19"/>
      </object_component>
      <object_component id="oc-7d">
         <name>.debug_info</name>
         <load_address>0x11327</load_address>
         <run_address>0x11327</run_address>
         <size>0x1509</size>
         <input_file_ref idref="fl-1a"/>
      </object_component>
      <object_component id="oc-83">
         <name>.debug_info</name>
         <load_address>0x12830</load_address>
         <run_address>0x12830</run_address>
         <size>0x246d</size>
         <input_file_ref idref="fl-1b"/>
      </object_component>
      <object_component id="oc-8a">
         <name>.debug_info</name>
         <load_address>0x14c9d</load_address>
         <run_address>0x14c9d</run_address>
         <size>0x3cf</size>
         <input_file_ref idref="fl-27"/>
      </object_component>
      <object_component id="oc-8f">
         <name>.debug_info</name>
         <load_address>0x1506c</load_address>
         <run_address>0x1506c</run_address>
         <size>0x3e1</size>
         <input_file_ref idref="fl-28"/>
      </object_component>
      <object_component id="oc-97">
         <name>.debug_info</name>
         <load_address>0x1544d</load_address>
         <run_address>0x1544d</run_address>
         <size>0x173</size>
         <input_file_ref idref="fl-29"/>
      </object_component>
      <object_component id="oc-9c">
         <name>.debug_info</name>
         <load_address>0x155c0</load_address>
         <run_address>0x155c0</run_address>
         <size>0x114</size>
         <input_file_ref idref="fl-2a"/>
      </object_component>
      <object_component id="oc-a0">
         <name>.debug_info</name>
         <load_address>0x156d4</load_address>
         <run_address>0x156d4</run_address>
         <size>0x561</size>
         <input_file_ref idref="fl-2b"/>
      </object_component>
      <object_component id="oc-a5">
         <name>.debug_info</name>
         <load_address>0x15c35</load_address>
         <run_address>0x15c35</run_address>
         <size>0x43a</size>
         <input_file_ref idref="fl-2c"/>
      </object_component>
      <object_component id="oc-aa">
         <name>.debug_info</name>
         <load_address>0x1606f</load_address>
         <run_address>0x1606f</run_address>
         <size>0x3ad</size>
         <input_file_ref idref="fl-2d"/>
      </object_component>
      <object_component id="oc-af">
         <name>.debug_info</name>
         <load_address>0x1641c</load_address>
         <run_address>0x1641c</run_address>
         <size>0x3aa</size>
         <input_file_ref idref="fl-2e"/>
      </object_component>
      <object_component id="oc-b4">
         <name>.debug_info</name>
         <load_address>0x167c6</load_address>
         <run_address>0x167c6</run_address>
         <size>0x544</size>
         <input_file_ref idref="fl-2f"/>
      </object_component>
      <object_component id="oc-bb">
         <name>.debug_info</name>
         <load_address>0x16d0a</load_address>
         <run_address>0x16d0a</run_address>
         <size>0x4cc</size>
         <input_file_ref idref="fl-30"/>
      </object_component>
      <object_component id="oc-c0">
         <name>.debug_info</name>
         <load_address>0x171d6</load_address>
         <run_address>0x171d6</run_address>
         <size>0x467</size>
         <input_file_ref idref="fl-31"/>
      </object_component>
      <object_component id="oc-132">
         <name>.debug_info</name>
         <load_address>0x1763d</load_address>
         <run_address>0x1763d</run_address>
         <size>0xaf</size>
      </object_component>
      <object_component id="oc-22">
         <name>.debug_frame</name>
         <load_address>0x0</load_address>
         <run_address>0x0</run_address>
         <size>0x60</size>
         <input_file_ref idref="fl-2"/>
      </object_component>
      <object_component id="oc-28">
         <name>.debug_frame</name>
         <load_address>0x60</load_address>
         <run_address>0x60</run_address>
         <size>0x108</size>
         <input_file_ref idref="fl-3"/>
      </object_component>
      <object_component id="oc-30">
         <name>.debug_frame</name>
         <load_address>0x168</load_address>
         <run_address>0x168</run_address>
         <size>0x7c</size>
         <input_file_ref idref="fl-5"/>
      </object_component>
      <object_component id="oc-39">
         <name>.debug_frame</name>
         <load_address>0x1e4</load_address>
         <run_address>0x1e4</run_address>
         <size>0x284</size>
         <input_file_ref idref="fl-6"/>
      </object_component>
      <object_component id="oc-3f">
         <name>.debug_frame</name>
         <load_address>0x468</load_address>
         <run_address>0x468</run_address>
         <size>0x15c</size>
         <input_file_ref idref="fl-7"/>
      </object_component>
      <object_component id="oc-44">
         <name>.debug_frame</name>
         <load_address>0x5c4</load_address>
         <run_address>0x5c4</run_address>
         <size>0x28</size>
         <input_file_ref idref="fl-8"/>
      </object_component>
      <object_component id="oc-49">
         <name>.debug_frame</name>
         <load_address>0x5ec</load_address>
         <run_address>0x5ec</run_address>
         <size>0x60</size>
         <input_file_ref idref="fl-9"/>
      </object_component>
      <object_component id="oc-4e">
         <name>.debug_frame</name>
         <load_address>0x64c</load_address>
         <run_address>0x64c</run_address>
         <size>0x60</size>
         <input_file_ref idref="fl-a"/>
      </object_component>
      <object_component id="oc-54">
         <name>.debug_frame</name>
         <load_address>0x6ac</load_address>
         <run_address>0x6ac</run_address>
         <size>0x2a8</size>
         <input_file_ref idref="fl-b"/>
      </object_component>
      <object_component id="oc-5a">
         <name>.debug_frame</name>
         <load_address>0x954</load_address>
         <run_address>0x954</run_address>
         <size>0x1ac</size>
         <input_file_ref idref="fl-c"/>
      </object_component>
      <object_component id="oc-67">
         <name>.debug_frame</name>
         <load_address>0xb00</load_address>
         <run_address>0xb00</run_address>
         <size>0x230</size>
         <input_file_ref idref="fl-e"/>
      </object_component>
      <object_component id="oc-6d">
         <name>.debug_frame</name>
         <load_address>0xd30</load_address>
         <run_address>0xd30</run_address>
         <size>0x60</size>
         <input_file_ref idref="fl-17"/>
      </object_component>
      <object_component id="oc-73">
         <name>.debug_frame</name>
         <load_address>0xd90</load_address>
         <run_address>0xd90</run_address>
         <size>0xd0</size>
         <input_file_ref idref="fl-18"/>
      </object_component>
      <object_component id="oc-79">
         <name>.debug_frame</name>
         <load_address>0xe60</load_address>
         <run_address>0xe60</run_address>
         <size>0xf0</size>
         <input_file_ref idref="fl-19"/>
      </object_component>
      <object_component id="oc-7f">
         <name>.debug_frame</name>
         <load_address>0xf50</load_address>
         <run_address>0xf50</run_address>
         <size>0x140</size>
         <input_file_ref idref="fl-1a"/>
      </object_component>
      <object_component id="oc-86">
         <name>.debug_frame</name>
         <load_address>0x1090</load_address>
         <run_address>0x1090</run_address>
         <size>0x21c</size>
         <input_file_ref idref="fl-1b"/>
      </object_component>
      <object_component id="oc-8b">
         <name>.debug_frame</name>
         <load_address>0x12ac</load_address>
         <run_address>0x12ac</run_address>
         <size>0x44</size>
         <input_file_ref idref="fl-27"/>
      </object_component>
      <object_component id="oc-90">
         <name>.debug_frame</name>
         <load_address>0x12f0</load_address>
         <run_address>0x12f0</run_address>
         <size>0x64</size>
         <input_file_ref idref="fl-28"/>
      </object_component>
      <object_component id="oc-a1">
         <name>.debug_frame</name>
         <load_address>0x1354</load_address>
         <run_address>0x1354</run_address>
         <size>0x60</size>
         <input_file_ref idref="fl-2b"/>
      </object_component>
      <object_component id="oc-a6">
         <name>.debug_frame</name>
         <load_address>0x13b4</load_address>
         <run_address>0x13b4</run_address>
         <size>0x40</size>
         <input_file_ref idref="fl-2c"/>
      </object_component>
      <object_component id="oc-ab">
         <name>.debug_frame</name>
         <load_address>0x13f4</load_address>
         <run_address>0x13f4</run_address>
         <size>0x40</size>
         <input_file_ref idref="fl-2d"/>
      </object_component>
      <object_component id="oc-b0">
         <name>.debug_frame</name>
         <load_address>0x1434</load_address>
         <run_address>0x1434</run_address>
         <size>0x40</size>
         <input_file_ref idref="fl-2e"/>
      </object_component>
      <object_component id="oc-b7">
         <name>.debug_frame</name>
         <load_address>0x1474</load_address>
         <run_address>0x1474</run_address>
         <size>0x60</size>
         <input_file_ref idref="fl-2f"/>
      </object_component>
      <object_component id="oc-bc">
         <name>.debug_frame</name>
         <load_address>0x14d4</load_address>
         <run_address>0x14d4</run_address>
         <size>0x70</size>
         <input_file_ref idref="fl-30"/>
      </object_component>
      <object_component id="oc-c1">
         <name>.debug_frame</name>
         <load_address>0x1544</load_address>
         <run_address>0x1544</run_address>
         <size>0x40</size>
         <input_file_ref idref="fl-31"/>
      </object_component>
      <object_component id="oc-23">
         <name>.debug_line</name>
         <load_address>0x0</load_address>
         <run_address>0x0</run_address>
         <size>0x5b</size>
         <input_file_ref idref="fl-2"/>
      </object_component>
      <object_component id="oc-29">
         <name>.debug_line</name>
         <load_address>0x5b</load_address>
         <run_address>0x5b</run_address>
         <size>0x163</size>
         <input_file_ref idref="fl-3"/>
      </object_component>
      <object_component id="oc-31">
         <name>.debug_line</name>
         <load_address>0x1be</load_address>
         <run_address>0x1be</run_address>
         <size>0xe3</size>
         <input_file_ref idref="fl-5"/>
      </object_component>
      <object_component id="oc-3a">
         <name>.debug_line</name>
         <load_address>0x2a1</load_address>
         <run_address>0x2a1</run_address>
         <size>0x377</size>
         <input_file_ref idref="fl-6"/>
      </object_component>
      <object_component id="oc-40">
         <name>.debug_line</name>
         <load_address>0x618</load_address>
         <run_address>0x618</run_address>
         <size>0x1a1</size>
         <input_file_ref idref="fl-7"/>
      </object_component>
      <object_component id="oc-45">
         <name>.debug_line</name>
         <load_address>0x7b9</load_address>
         <run_address>0x7b9</run_address>
         <size>0x32</size>
         <input_file_ref idref="fl-8"/>
      </object_component>
      <object_component id="oc-4a">
         <name>.debug_line</name>
         <load_address>0x7eb</load_address>
         <run_address>0x7eb</run_address>
         <size>0x66</size>
         <input_file_ref idref="fl-9"/>
      </object_component>
      <object_component id="oc-4f">
         <name>.debug_line</name>
         <load_address>0x851</load_address>
         <run_address>0x851</run_address>
         <size>0x83</size>
         <input_file_ref idref="fl-a"/>
      </object_component>
      <object_component id="oc-55">
         <name>.debug_line</name>
         <load_address>0x8d4</load_address>
         <run_address>0x8d4</run_address>
         <size>0x408</size>
         <input_file_ref idref="fl-b"/>
      </object_component>
      <object_component id="oc-5b">
         <name>.debug_line</name>
         <load_address>0xcdc</load_address>
         <run_address>0xcdc</run_address>
         <size>0x211</size>
         <input_file_ref idref="fl-c"/>
      </object_component>
      <object_component id="oc-5f">
         <name>.debug_line</name>
         <load_address>0xeed</load_address>
         <run_address>0xeed</run_address>
         <size>0x6a</size>
         <input_file_ref idref="fl-d"/>
      </object_component>
      <object_component id="oc-68">
         <name>.debug_line</name>
         <load_address>0xf57</load_address>
         <run_address>0xf57</run_address>
         <size>0x407</size>
         <input_file_ref idref="fl-e"/>
      </object_component>
      <object_component id="oc-6e">
         <name>.debug_line</name>
         <load_address>0x135e</load_address>
         <run_address>0x135e</run_address>
         <size>0x11d</size>
         <input_file_ref idref="fl-17"/>
      </object_component>
      <object_component id="oc-74">
         <name>.debug_line</name>
         <load_address>0x147b</load_address>
         <run_address>0x147b</run_address>
         <size>0x24a</size>
         <input_file_ref idref="fl-18"/>
      </object_component>
      <object_component id="oc-7a">
         <name>.debug_line</name>
         <load_address>0x16c5</load_address>
         <run_address>0x16c5</run_address>
         <size>0x208</size>
         <input_file_ref idref="fl-19"/>
      </object_component>
      <object_component id="oc-80">
         <name>.debug_line</name>
         <load_address>0x18cd</load_address>
         <run_address>0x18cd</run_address>
         <size>0x235</size>
         <input_file_ref idref="fl-1a"/>
      </object_component>
      <object_component id="oc-87">
         <name>.debug_line</name>
         <load_address>0x1b02</load_address>
         <run_address>0x1b02</run_address>
         <size>0x5db</size>
         <input_file_ref idref="fl-1b"/>
      </object_component>
      <object_component id="oc-8c">
         <name>.debug_line</name>
         <load_address>0x20dd</load_address>
         <run_address>0x20dd</run_address>
         <size>0x50</size>
         <input_file_ref idref="fl-27"/>
      </object_component>
      <object_component id="oc-91">
         <name>.debug_line</name>
         <load_address>0x212d</load_address>
         <run_address>0x212d</run_address>
         <size>0x60</size>
         <input_file_ref idref="fl-28"/>
      </object_component>
      <object_component id="oc-98">
         <name>.debug_line</name>
         <load_address>0x218d</load_address>
         <run_address>0x218d</run_address>
         <size>0x7e</size>
         <input_file_ref idref="fl-29"/>
      </object_component>
      <object_component id="oc-9d">
         <name>.debug_line</name>
         <load_address>0x220b</load_address>
         <run_address>0x220b</run_address>
         <size>0xad</size>
         <input_file_ref idref="fl-2a"/>
      </object_component>
      <object_component id="oc-a2">
         <name>.debug_line</name>
         <load_address>0x22b8</load_address>
         <run_address>0x22b8</run_address>
         <size>0x50</size>
         <input_file_ref idref="fl-2b"/>
      </object_component>
      <object_component id="oc-a7">
         <name>.debug_line</name>
         <load_address>0x2308</load_address>
         <run_address>0x2308</run_address>
         <size>0x62</size>
         <input_file_ref idref="fl-2c"/>
      </object_component>
      <object_component id="oc-ac">
         <name>.debug_line</name>
         <load_address>0x236a</load_address>
         <run_address>0x236a</run_address>
         <size>0x3e</size>
         <input_file_ref idref="fl-2d"/>
      </object_component>
      <object_component id="oc-b1">
         <name>.debug_line</name>
         <load_address>0x23a8</load_address>
         <run_address>0x23a8</run_address>
         <size>0x3a</size>
         <input_file_ref idref="fl-2e"/>
      </object_component>
      <object_component id="oc-b8">
         <name>.debug_line</name>
         <load_address>0x23e2</load_address>
         <run_address>0x23e2</run_address>
         <size>0x65</size>
         <input_file_ref idref="fl-2f"/>
      </object_component>
      <object_component id="oc-bd">
         <name>.debug_line</name>
         <load_address>0x2447</load_address>
         <run_address>0x2447</run_address>
         <size>0x5e</size>
         <input_file_ref idref="fl-30"/>
      </object_component>
      <object_component id="oc-c2">
         <name>.debug_line</name>
         <load_address>0x24a5</load_address>
         <run_address>0x24a5</run_address>
         <size>0x4f</size>
         <input_file_ref idref="fl-31"/>
      </object_component>
      <object_component id="oc-24">
         <name>.debug_abbrev</name>
         <load_address>0x0</load_address>
         <run_address>0x0</run_address>
         <size>0x9c</size>
         <input_file_ref idref="fl-2"/>
      </object_component>
      <object_component id="oc-2a">
         <name>.debug_abbrev</name>
         <load_address>0x9c</load_address>
         <run_address>0x9c</run_address>
         <size>0x179</size>
         <input_file_ref idref="fl-3"/>
      </object_component>
      <object_component id="oc-2d">
         <name>.debug_abbrev</name>
         <load_address>0x215</load_address>
         <run_address>0x215</run_address>
         <size>0x21</size>
         <input_file_ref idref="fl-4"/>
      </object_component>
      <object_component id="oc-32">
         <name>.debug_abbrev</name>
         <load_address>0x236</load_address>
         <run_address>0x236</run_address>
         <size>0x126</size>
         <input_file_ref idref="fl-5"/>
      </object_component>
      <object_component id="oc-3b">
         <name>.debug_abbrev</name>
         <load_address>0x35c</load_address>
         <run_address>0x35c</run_address>
         <size>0x26c</size>
         <input_file_ref idref="fl-6"/>
      </object_component>
      <object_component id="oc-41">
         <name>.debug_abbrev</name>
         <load_address>0x5c8</load_address>
         <run_address>0x5c8</run_address>
         <size>0x12f</size>
         <input_file_ref idref="fl-7"/>
      </object_component>
      <object_component id="oc-46">
         <name>.debug_abbrev</name>
         <load_address>0x6f7</load_address>
         <run_address>0x6f7</run_address>
         <size>0xb3</size>
         <input_file_ref idref="fl-8"/>
      </object_component>
      <object_component id="oc-4b">
         <name>.debug_abbrev</name>
         <load_address>0x7aa</load_address>
         <run_address>0x7aa</run_address>
         <size>0xb3</size>
         <input_file_ref idref="fl-9"/>
      </object_component>
      <object_component id="oc-50">
         <name>.debug_abbrev</name>
         <load_address>0x85d</load_address>
         <run_address>0x85d</run_address>
         <size>0xd5</size>
         <input_file_ref idref="fl-a"/>
      </object_component>
      <object_component id="oc-56">
         <name>.debug_abbrev</name>
         <load_address>0x932</load_address>
         <run_address>0x932</run_address>
         <size>0x176</size>
         <input_file_ref idref="fl-b"/>
      </object_component>
      <object_component id="oc-5c">
         <name>.debug_abbrev</name>
         <load_address>0xaa8</load_address>
         <run_address>0xaa8</run_address>
         <size>0x131</size>
         <input_file_ref idref="fl-c"/>
      </object_component>
      <object_component id="oc-61">
         <name>.debug_abbrev</name>
         <load_address>0xbd9</load_address>
         <run_address>0xbd9</run_address>
         <size>0x21</size>
         <input_file_ref idref="fl-d"/>
      </object_component>
      <object_component id="oc-69">
         <name>.debug_abbrev</name>
         <load_address>0xbfa</load_address>
         <run_address>0xbfa</run_address>
         <size>0x1b5</size>
         <input_file_ref idref="fl-e"/>
      </object_component>
      <object_component id="oc-6f">
         <name>.debug_abbrev</name>
         <load_address>0xdaf</load_address>
         <run_address>0xdaf</run_address>
         <size>0x10a</size>
         <input_file_ref idref="fl-17"/>
      </object_component>
      <object_component id="oc-75">
         <name>.debug_abbrev</name>
         <load_address>0xeb9</load_address>
         <run_address>0xeb9</run_address>
         <size>0x1cf</size>
         <input_file_ref idref="fl-18"/>
      </object_component>
      <object_component id="oc-7b">
         <name>.debug_abbrev</name>
         <load_address>0x1088</load_address>
         <run_address>0x1088</run_address>
         <size>0x1ac</size>
         <input_file_ref idref="fl-19"/>
      </object_component>
      <object_component id="oc-81">
         <name>.debug_abbrev</name>
         <load_address>0x1234</load_address>
         <run_address>0x1234</run_address>
         <size>0x19d</size>
         <input_file_ref idref="fl-1a"/>
      </object_component>
      <object_component id="oc-88">
         <name>.debug_abbrev</name>
         <load_address>0x13d1</load_address>
         <run_address>0x13d1</run_address>
         <size>0x1e9</size>
         <input_file_ref idref="fl-1b"/>
      </object_component>
      <object_component id="oc-8d">
         <name>.debug_abbrev</name>
         <load_address>0x15ba</load_address>
         <run_address>0x15ba</run_address>
         <size>0x84</size>
         <input_file_ref idref="fl-27"/>
      </object_component>
      <object_component id="oc-92">
         <name>.debug_abbrev</name>
         <load_address>0x163e</load_address>
         <run_address>0x163e</run_address>
         <size>0x84</size>
         <input_file_ref idref="fl-28"/>
      </object_component>
      <object_component id="oc-99">
         <name>.debug_abbrev</name>
         <load_address>0x16c2</load_address>
         <run_address>0x16c2</run_address>
         <size>0x46</size>
         <input_file_ref idref="fl-29"/>
      </object_component>
      <object_component id="oc-9e">
         <name>.debug_abbrev</name>
         <load_address>0x1708</load_address>
         <run_address>0x1708</run_address>
         <size>0x38</size>
         <input_file_ref idref="fl-2a"/>
      </object_component>
      <object_component id="oc-a3">
         <name>.debug_abbrev</name>
         <load_address>0x1740</load_address>
         <run_address>0x1740</run_address>
         <size>0xe3</size>
         <input_file_ref idref="fl-2b"/>
      </object_component>
      <object_component id="oc-a8">
         <name>.debug_abbrev</name>
         <load_address>0x1823</load_address>
         <run_address>0x1823</run_address>
         <size>0xa8</size>
         <input_file_ref idref="fl-2c"/>
      </object_component>
      <object_component id="oc-ad">
         <name>.debug_abbrev</name>
         <load_address>0x18cb</load_address>
         <run_address>0x18cb</run_address>
         <size>0x68</size>
         <input_file_ref idref="fl-2d"/>
      </object_component>
      <object_component id="oc-b2">
         <name>.debug_abbrev</name>
         <load_address>0x1933</load_address>
         <run_address>0x1933</run_address>
         <size>0x66</size>
         <input_file_ref idref="fl-2e"/>
      </object_component>
      <object_component id="oc-b9">
         <name>.debug_abbrev</name>
         <load_address>0x1999</load_address>
         <run_address>0x1999</run_address>
         <size>0x130</size>
         <input_file_ref idref="fl-2f"/>
      </object_component>
      <object_component id="oc-be">
         <name>.debug_abbrev</name>
         <load_address>0x1ac9</load_address>
         <run_address>0x1ac9</run_address>
         <size>0xb2</size>
         <input_file_ref idref="fl-30"/>
      </object_component>
      <object_component id="oc-c3">
         <name>.debug_abbrev</name>
         <load_address>0x1b7b</load_address>
         <run_address>0x1b7b</run_address>
         <size>0xee</size>
         <input_file_ref idref="fl-31"/>
      </object_component>
      <object_component id="oc-133">
         <name>.debug_abbrev</name>
         <load_address>0x1c69</load_address>
         <run_address>0x1c69</run_address>
         <size>0xf</size>
      </object_component>
      <object_component id="oc-25">
         <name>.debug_aranges</name>
         <load_address>0x0</load_address>
         <run_address>0x0</run_address>
         <size>0x28</size>
         <input_file_ref idref="fl-2"/>
      </object_component>
      <object_component id="oc-2b">
         <name>.debug_aranges</name>
         <load_address>0x28</load_address>
         <run_address>0x28</run_address>
         <size>0x58</size>
         <input_file_ref idref="fl-3"/>
      </object_component>
      <object_component id="oc-33">
         <name>.debug_aranges</name>
         <load_address>0x80</load_address>
         <run_address>0x80</run_address>
         <size>0x30</size>
         <input_file_ref idref="fl-5"/>
      </object_component>
      <object_component id="oc-3c">
         <name>.debug_aranges</name>
         <load_address>0xb0</load_address>
         <run_address>0xb0</run_address>
         <size>0x88</size>
         <input_file_ref idref="fl-6"/>
      </object_component>
      <object_component id="oc-42">
         <name>.debug_aranges</name>
         <load_address>0x138</load_address>
         <run_address>0x138</run_address>
         <size>0x70</size>
         <input_file_ref idref="fl-7"/>
      </object_component>
      <object_component id="oc-47">
         <name>.debug_aranges</name>
         <load_address>0x1a8</load_address>
         <run_address>0x1a8</run_address>
         <size>0x18</size>
         <input_file_ref idref="fl-8"/>
      </object_component>
      <object_component id="oc-4c">
         <name>.debug_aranges</name>
         <load_address>0x1c0</load_address>
         <run_address>0x1c0</run_address>
         <size>0x28</size>
         <input_file_ref idref="fl-9"/>
      </object_component>
      <object_component id="oc-51">
         <name>.debug_aranges</name>
         <load_address>0x1e8</load_address>
         <run_address>0x1e8</run_address>
         <size>0x28</size>
         <input_file_ref idref="fl-a"/>
      </object_component>
      <object_component id="oc-57">
         <name>.debug_aranges</name>
         <load_address>0x210</load_address>
         <run_address>0x210</run_address>
         <size>0xd0</size>
         <input_file_ref idref="fl-b"/>
      </object_component>
      <object_component id="oc-5d">
         <name>.debug_aranges</name>
         <load_address>0x2e0</load_address>
         <run_address>0x2e0</run_address>
         <size>0x88</size>
         <input_file_ref idref="fl-c"/>
      </object_component>
      <object_component id="oc-62">
         <name>.debug_aranges</name>
         <load_address>0x368</load_address>
         <run_address>0x368</run_address>
         <size>0x28</size>
         <input_file_ref idref="fl-d"/>
      </object_component>
      <object_component id="oc-6a">
         <name>.debug_aranges</name>
         <load_address>0x390</load_address>
         <run_address>0x390</run_address>
         <size>0xb8</size>
         <input_file_ref idref="fl-e"/>
      </object_component>
      <object_component id="oc-70">
         <name>.debug_aranges</name>
         <load_address>0x448</load_address>
         <run_address>0x448</run_address>
         <size>0x28</size>
         <input_file_ref idref="fl-17"/>
      </object_component>
      <object_component id="oc-76">
         <name>.debug_aranges</name>
         <load_address>0x470</load_address>
         <run_address>0x470</run_address>
         <size>0x48</size>
         <input_file_ref idref="fl-18"/>
      </object_component>
      <object_component id="oc-7c">
         <name>.debug_aranges</name>
         <load_address>0x4b8</load_address>
         <run_address>0x4b8</run_address>
         <size>0x58</size>
         <input_file_ref idref="fl-19"/>
      </object_component>
      <object_component id="oc-82">
         <name>.debug_aranges</name>
         <load_address>0x510</load_address>
         <run_address>0x510</run_address>
         <size>0x68</size>
         <input_file_ref idref="fl-1a"/>
      </object_component>
      <object_component id="oc-89">
         <name>.debug_aranges</name>
         <load_address>0x578</load_address>
         <run_address>0x578</run_address>
         <size>0xa8</size>
         <input_file_ref idref="fl-1b"/>
      </object_component>
      <object_component id="oc-8e">
         <name>.debug_aranges</name>
         <load_address>0x620</load_address>
         <run_address>0x620</run_address>
         <size>0x20</size>
         <input_file_ref idref="fl-27"/>
      </object_component>
      <object_component id="oc-93">
         <name>.debug_aranges</name>
         <load_address>0x640</load_address>
         <run_address>0x640</run_address>
         <size>0x20</size>
         <input_file_ref idref="fl-28"/>
      </object_component>
      <object_component id="oc-9a">
         <name>.debug_aranges</name>
         <load_address>0x660</load_address>
         <run_address>0x660</run_address>
         <size>0x20</size>
         <input_file_ref idref="fl-29"/>
      </object_component>
      <object_component id="oc-9f">
         <name>.debug_aranges</name>
         <load_address>0x680</load_address>
         <run_address>0x680</run_address>
         <size>0x20</size>
         <input_file_ref idref="fl-2a"/>
      </object_component>
      <object_component id="oc-a4">
         <name>.debug_aranges</name>
         <load_address>0x6a0</load_address>
         <run_address>0x6a0</run_address>
         <size>0x20</size>
         <input_file_ref idref="fl-2b"/>
      </object_component>
      <object_component id="oc-a9">
         <name>.debug_aranges</name>
         <load_address>0x6c0</load_address>
         <run_address>0x6c0</run_address>
         <size>0x20</size>
         <input_file_ref idref="fl-2c"/>
      </object_component>
      <object_component id="oc-ae">
         <name>.debug_aranges</name>
         <load_address>0x6e0</load_address>
         <run_address>0x6e0</run_address>
         <size>0x20</size>
         <input_file_ref idref="fl-2d"/>
      </object_component>
      <object_component id="oc-b3">
         <name>.debug_aranges</name>
         <load_address>0x700</load_address>
         <run_address>0x700</run_address>
         <size>0x20</size>
         <input_file_ref idref="fl-2e"/>
      </object_component>
      <object_component id="oc-ba">
         <name>.debug_aranges</name>
         <load_address>0x720</load_address>
         <run_address>0x720</run_address>
         <size>0x28</size>
         <input_file_ref idref="fl-2f"/>
      </object_component>
      <object_component id="oc-bf">
         <name>.debug_aranges</name>
         <load_address>0x748</load_address>
         <run_address>0x748</run_address>
         <size>0x30</size>
         <input_file_ref idref="fl-30"/>
      </object_component>
      <object_component id="oc-c4">
         <name>.debug_aranges</name>
         <load_address>0x778</load_address>
         <run_address>0x778</run_address>
         <size>0x20</size>
         <input_file_ref idref="fl-31"/>
      </object_component>
   </object_component_list>
   <logical_group_list>
      <logical_group id="lg-2" display="no" color="cyan">
         <name>codestart</name>
         <load_address>0x0</load_address>
         <run_address>0x0</run_address>
         <size>0x2</size>
         <contents>
            <object_component_ref idref="oc-1e"/>
         </contents>
      </logical_group>
      <logical_group id="lg-12e" display="no" color="cyan">
         <name>.text.1</name>
         <load_address>0x8000</load_address>
         <run_address>0x8000</run_address>
         <size>0x800</size>
         <contents>
            <object_component_ref idref="oc-ce"/>
            <object_component_ref idref="oc-c6"/>
            <object_component_ref idref="oc-c8"/>
            <object_component_ref idref="oc-ea"/>
         </contents>
      </logical_group>
      <logical_group id="lg-12f" display="no" color="cyan">
         <name>.text.2</name>
         <load_address>0x8800</load_address>
         <run_address>0x8800</run_address>
         <size>0x800</size>
         <contents>
            <object_component_ref idref="oc-cf"/>
            <object_component_ref idref="oc-37"/>
            <object_component_ref idref="oc-d3"/>
            <object_component_ref idref="oc-c5"/>
            <object_component_ref idref="oc-d5"/>
            <object_component_ref idref="oc-fd"/>
            <object_component_ref idref="oc-9b"/>
            <object_component_ref idref="oc-e4"/>
            <object_component_ref idref="oc-f1"/>
            <object_component_ref idref="oc-f0"/>
            <object_component_ref idref="oc-94"/>
            <object_component_ref idref="oc-dd"/>
            <object_component_ref idref="oc-e6"/>
            <object_component_ref idref="oc-d7"/>
            <object_component_ref idref="oc-d6"/>
         </contents>
      </logical_group>
      <logical_group id="lg-130" display="no" color="cyan">
         <name>.text.3</name>
         <load_address>0x9000</load_address>
         <run_address>0x9000</run_address>
         <size>0x4c2</size>
         <contents>
            <object_component_ref idref="oc-f9"/>
            <object_component_ref idref="oc-df"/>
            <object_component_ref idref="oc-e0"/>
            <object_component_ref idref="oc-d0"/>
            <object_component_ref idref="oc-e9"/>
            <object_component_ref idref="oc-dc"/>
            <object_component_ref idref="oc-de"/>
            <object_component_ref idref="oc-d4"/>
            <object_component_ref idref="oc-e8"/>
            <object_component_ref idref="oc-cd"/>
            <object_component_ref idref="oc-ca"/>
            <object_component_ref idref="oc-101"/>
            <object_component_ref idref="oc-d9"/>
            <object_component_ref idref="oc-107"/>
            <object_component_ref idref="oc-d2"/>
            <object_component_ref idref="oc-e1"/>
            <object_component_ref idref="oc-d8"/>
            <object_component_ref idref="oc-103"/>
            <object_component_ref idref="oc-db"/>
            <object_component_ref idref="oc-e7"/>
            <object_component_ref idref="oc-f4"/>
            <object_component_ref idref="oc-f3"/>
            <object_component_ref idref="oc-fb"/>
            <object_component_ref idref="oc-106"/>
            <object_component_ref idref="oc-ff"/>
            <object_component_ref idref="oc-da"/>
            <object_component_ref idref="oc-ee"/>
            <object_component_ref idref="oc-f5"/>
            <object_component_ref idref="oc-102"/>
            <object_component_ref idref="oc-fe"/>
            <object_component_ref idref="oc-cc"/>
            <object_component_ref idref="oc-100"/>
            <object_component_ref idref="oc-104"/>
            <object_component_ref idref="oc-f2"/>
            <object_component_ref idref="oc-eb"/>
            <object_component_ref idref="oc-ef"/>
            <object_component_ref idref="oc-f8"/>
            <object_component_ref idref="oc-fa"/>
            <object_component_ref idref="oc-f6"/>
            <object_component_ref idref="oc-5e"/>
            <object_component_ref idref="oc-105"/>
            <object_component_ref idref="oc-ec"/>
            <object_component_ref idref="oc-c9"/>
            <object_component_ref idref="oc-cb"/>
         </contents>
      </logical_group>
      <logical_group id="lg-131" display="no" color="cyan">
         <name>.text.4</name>
         <load_address>0xb000</load_address>
         <run_address>0xb000</run_address>
         <size>0x800</size>
         <contents>
            <object_component_ref idref="oc-d1"/>
            <object_component_ref idref="oc-e5"/>
            <object_component_ref idref="oc-c7"/>
            <object_component_ref idref="oc-ed"/>
         </contents>
      </logical_group>
      <split_section id="lg-3" display="no" color="cyan">
         <name>.text</name>
         <contents>
            <logical_group_ref idref="lg-12e"/>
            <logical_group_ref idref="lg-12f"/>
            <logical_group_ref idref="lg-130"/>
            <logical_group_ref idref="lg-131"/>
         </contents>
      </split_section>
      <logical_group id="lg-4" display="no" color="cyan">
         <name>.cinit</name>
         <load_address>0x123</load_address>
         <run_address>0x123</run_address>
         <size>0x5f</size>
         <contents>
            <object_component_ref idref="oc-35"/>
            <object_component_ref idref="oc-64"/>
            <object_component_ref idref="oc-b5"/>
            <object_component_ref idref="oc-e3"/>
            <object_component_ref idref="oc-f7"/>
            <object_component_ref idref="oc-20"/>
         </contents>
      </logical_group>
      <logical_group id="lg-5" display="no" color="cyan">
         <name>.switch</name>
         <run_address>0x0</run_address>
         <size>0x0</size>
         <contents>
         </contents>
      </logical_group>
      <logical_group id="lg-6" display="no" color="cyan">
         <name>.reset</name>
         <load_address>0x3fffc0</load_address>
         <run_address>0x3fffc0</run_address>
         <size>0x2</size>
         <contents>
            <object_component_ref idref="oc-96"/>
         </contents>
      </logical_group>
      <logical_group id="lg-7" display="no" color="cyan">
         <name>.stack</name>
         <run_address>0x400</run_address>
         <size>0x100</size>
         <contents>
            <object_component_ref idref="oc-95"/>
            <object_component_ref idref="oc-12d"/>
         </contents>
      </logical_group>
      <logical_group id="lg-8" display="no" color="cyan">
         <name>.pinit</name>
         <run_address>0x0</run_address>
         <size>0x0</size>
         <contents>
         </contents>
      </logical_group>
      <logical_group id="lg-9" display="no" color="cyan">
         <name>.ebss</name>
         <run_address>0xad18</run_address>
         <size>0xc4</size>
         <contents>
            <object_component_ref idref="oc-21"/>
            <object_component_ref idref="oc-36"/>
            <object_component_ref idref="oc-65"/>
            <object_component_ref idref="oc-b6"/>
            <object_component_ref idref="oc-e2"/>
            <object_component_ref idref="oc-fc"/>
         </contents>
      </logical_group>
      <logical_group id="lg-a" display="no" color="cyan">
         <name>.econst</name>
         <load_address>0xa800</load_address>
         <run_address>0xa800</run_address>
         <size>0x517</size>
         <contents>
            <object_component_ref idref="oc-85"/>
            <object_component_ref idref="oc-72"/>
            <object_component_ref idref="oc-7e"/>
            <object_component_ref idref="oc-38"/>
            <object_component_ref idref="oc-78"/>
            <object_component_ref idref="oc-6c"/>
            <object_component_ref idref="oc-27"/>
            <object_component_ref idref="oc-2f"/>
            <object_component_ref idref="oc-3e"/>
            <object_component_ref idref="oc-53"/>
            <object_component_ref idref="oc-59"/>
            <object_component_ref idref="oc-66"/>
         </contents>
      </logical_group>
      <logical_group id="lg-b" display="no" color="cyan">
         <name>.esysmem</name>
         <run_address>0x0</run_address>
         <size>0x0</size>
         <contents>
         </contents>
      </logical_group>
      <logical_group id="lg-c" display="no" color="cyan">
         <name>Filter_RegsFile</name>
         <run_address>0x0</run_address>
         <size>0x0</size>
         <contents>
         </contents>
      </logical_group>
      <logical_group id="lg-d" display="no" color="cyan">
         <name>ramgs0</name>
         <run_address>0x0</run_address>
         <size>0x0</size>
         <contents>
         </contents>
      </logical_group>
      <logical_group id="lg-e" display="no" color="cyan">
         <name>ramgs1</name>
         <run_address>0x0</run_address>
         <size>0x0</size>
         <contents>
         </contents>
      </logical_group>
      <logical_group id="lg-f" display="no" color="cyan">
         <name>.TI.ramfunc</name>
         <load_address>0x182</load_address>
         <run_address>0x182</run_address>
         <size>0x4</size>
         <contents>
            <object_component_ref idref="oc-84"/>
         </contents>
      </logical_group>
      <logical_group id="lg-11" display="no" color="cyan">
         <name>PUTBUFFER</name>
         <run_address>0x0</run_address>
         <size>0x0</size>
         <contents>
         </contents>
      </logical_group>
      <logical_group id="lg-12" display="no" color="cyan">
         <name>PUTWRITEIDX</name>
         <run_address>0x0</run_address>
         <size>0x0</size>
         <contents>
         </contents>
      </logical_group>
      <logical_group id="lg-13" display="no" color="cyan">
         <name>GETREADIDX</name>
         <run_address>0x0</run_address>
         <size>0x0</size>
         <contents>
         </contents>
      </logical_group>
      <logical_group id="lg-10" display="no" color="cyan">
         <name>GROUP_1</name>
         <run_address>0x0</run_address>
         <size>0x0</size>
         <contents>
            <logical_group_ref idref="lg-11"/>
            <logical_group_ref idref="lg-12"/>
            <logical_group_ref idref="lg-13"/>
         </contents>
      </logical_group>
      <logical_group id="lg-15" display="no" color="cyan">
         <name>GETBUFFER</name>
         <run_address>0x3f800</run_address>
         <size>0x0</size>
         <contents>
         </contents>
      </logical_group>
      <logical_group id="lg-16" display="no" color="cyan">
         <name>GETWRITEIDX</name>
         <run_address>0x3f800</run_address>
         <size>0x0</size>
         <contents>
         </contents>
      </logical_group>
      <logical_group id="lg-17" display="no" color="cyan">
         <name>PUTREADIDX</name>
         <run_address>0x3f800</run_address>
         <size>0x0</size>
         <contents>
         </contents>
      </logical_group>
      <logical_group id="lg-14" display="no" color="cyan">
         <name>GROUP_2</name>
         <run_address>0x3f800</run_address>
         <size>0x0</size>
         <contents>
            <logical_group_ref idref="lg-15"/>
            <logical_group_ref idref="lg-16"/>
            <logical_group_ref idref="lg-17"/>
         </contents>
      </logical_group>
      <logical_group id="lg-18" display="no" color="cyan">
         <name>Filter1_RegsFile</name>
         <load_address>0xd000</load_address>
         <run_address>0xd000</run_address>
         <size>0x0</size>
         <contents>
         </contents>
      </logical_group>
      <logical_group id="lg-19" display="no" color="cyan">
         <name>Filter2_RegsFile</name>
         <load_address>0xe000</load_address>
         <run_address>0xe000</run_address>
         <size>0x0</size>
         <contents>
         </contents>
      </logical_group>
      <logical_group id="lg-1a" display="no" color="cyan">
         <name>Filter3_RegsFile</name>
         <load_address>0xf000</load_address>
         <run_address>0xf000</run_address>
         <size>0x0</size>
         <contents>
         </contents>
      </logical_group>
      <logical_group id="lg-1b" display="no" color="cyan">
         <name>Filter4_RegsFile</name>
         <load_address>0x10000</load_address>
         <run_address>0x10000</run_address>
         <size>0x0</size>
         <contents>
         </contents>
      </logical_group>
      <logical_group id="lg-1c" display="no" color="cyan">
         <name>Difference_RegsFile</name>
         <load_address>0x11000</load_address>
         <run_address>0x11000</run_address>
         <size>0x0</size>
         <contents>
         </contents>
      </logical_group>
      <logical_group id="lg-121" display="never" color="cyan">
         <name>.debug_info</name>
         <load_address>0x0</load_address>
[...]
   <symbol_table>
      <symbol id="sm-0">
         <name>cinit</name>
         <value>0x123</value>
      </symbol>
      <symbol id="sm-1">
         <name>___cinit__</name>
         <value>0x123</value>
      </symbol>
      <symbol id="sm-2">
         <name>pinit</name>
         <value>0xffffffff</value>
      </symbol>
      <symbol id="sm-3">
         <name>___pinit__</name>
         <value>0xffffffff</value>
      </symbol>
      <symbol id="sm-4">
         <name>binit</name>
         <value>0xffffffff</value>
      </symbol>
      <symbol id="sm-5">
         <name>___binit__</name>
         <value>0xffffffff</value>
      </symbol>
      <symbol id="sm-6">
         <name>__STACK_SIZE</name>
         <value>0x100</value>
      </symbol>
      <symbol id="sm-7">
         <name>__STACK_END</name>
         <value>0x500</value>
      </symbol>
      <symbol id="sm-8">
         <name>___c_args__</name>
         <value>0xffffffff</value>
      </symbol>
      <symbol id="sm-9">
         <name>.text</name>
         <value>0xffffffff</value>
      </symbol>
      <symbol id="sm-a">
         <name>___text__</name>
         <value>0xffffffff</value>
      </symbol>
      <symbol id="sm-b">
         <name>etext</name>
         <value>0xffffffff</value>
      </symbol>
      <symbol id="sm-c">
         <name>___etext__</name>
         <value>0xffffffff</value>
      </symbol>
      <symbol id="sm-d">
         <name>___TI_pprof_out_hndl</name>
         <value>0xffffffff</value>
      </symbol>
      <symbol id="sm-e">
         <name>___TI_prof_data_start</name>
         <value>0xffffffff</value>
      </symbol>
      <symbol id="sm-f">
         <name>___TI_prof_data_size</name>
         <value>0xffffffff</value>
      </symbol>
      <symbol id="sm-61">
         <name>_onebysqrt3</name>
         <value>0xad28</value>
         <object_component_ref idref="oc-21"/>
      </symbol>
      <symbol id="sm-62">
         <name>_clark_alpha</name>
         <value>0x8fe4</value>
         <object_component_ref idref="oc-d6"/>
      </symbol>
      <symbol id="sm-64">
         <name>_clark_beta</name>
         <value>0x8feb</value>
         <object_component_ref idref="oc-d6"/>
      </symbol>
      <symbol id="sm-81">
         <name>_configCPUTimer</name>
         <value>0x8abe</value>
         <object_component_ref idref="oc-d3"/>
      </symbol>
      <symbol id="sm-83">
         <name>_initCPUTimers</name>
         <value>0x8a93</value>
         <object_component_ref idref="oc-d3"/>
      </symbol>
      <symbol id="sm-9e">
         <name>_duty_change</name>
         <value>0x8c18</value>
         <object_component_ref idref="oc-d5"/>
      </symbol>
      <symbol id="sm-d1">
         <name>_secb</name>
         <value>0xad43</value>
         <object_component_ref idref="oc-36"/>
      </symbol>
      <symbol id="sm-d2">
         <name>_secc</name>
         <value>0xad44</value>
         <object_component_ref idref="oc-36"/>
      </symbol>
      <symbol id="sm-d3">
         <name>_seca</name>
         <value>0xad42</value>
         <object_component_ref idref="oc-36"/>
      </symbol>
      <symbol id="sm-d4">
         <name>_pid_speed</name>
         <value>0xad9c</value>
         <object_component_ref idref="oc-36"/>
      </symbol>
      <symbol id="sm-d5">
         <name>_main</name>
         <value>0x84f0</value>
         <object_component_ref idref="oc-c6"/>
      </symbol>
      <symbol id="sm-d7">
         <name>_Tc</name>
         <value>0xad6c</value>
         <object_component_ref idref="oc-36"/>
      </symbol>
      <symbol id="sm-d8">
         <name>_Tb</name>
         <value>0xad6a</value>
         <object_component_ref idref="oc-36"/>
      </symbol>
      <symbol id="sm-d9">
         <name>_Ta</name>
         <value>0xad68</value>
         <object_component_ref idref="oc-36"/>
      </symbol>
      <symbol id="sm-da">
         <name>_ibeta</name>
         <value>0xad4a</value>
         <object_component_ref idref="oc-36"/>
      </symbol>
      <symbol id="sm-db">
         <name>_prev_pos</name>
         <value>0xad46</value>
         <object_component_ref idref="oc-36"/>
      </symbol>
      <symbol id="sm-dc">
         <name>_pid_current_d</name>
         <value>0xadc0</value>
         <object_component_ref idref="oc-36"/>
      </symbol>
      <symbol id="sm-dd">
         <name>_pid_current_q</name>
         <value>0xad80</value>
         <object_component_ref idref="oc-36"/>
      </symbol>
      <symbol id="sm-de">
         <name>_duty_a</name>
         <value>0xad56</value>
         <object_component_ref idref="oc-36"/>
      </symbol>
      <symbol id="sm-df">
         <name>_duty_b</name>
         <value>0xad58</value>
         <object_component_ref idref="oc-36"/>
      </symbol>
      <symbol id="sm-e0">
         <name>_duty_c</name>
         <value>0xad5a</value>
         <object_component_ref idref="oc-36"/>
      </symbol>
      <symbol id="sm-e1">
         <name>_iq_measured</name>
         <value>0xad66</value>
         <object_component_ref idref="oc-36"/>
      </symbol>
      <symbol id="sm-e2">
         <name>_vq</name>
         <value>0xad5e</value>
         <object_component_ref idref="oc-36"/>
      </symbol>
      <symbol id="sm-e3">
         <name>_vd</name>
         <value>0xad62</value>
         <object_component_ref idref="oc-36"/>
      </symbol>
      <symbol id="sm-e4">
         <name>_cpuTimer0IntCount</name>
         <value>0xad40</value>
         <object_component_ref idref="oc-36"/>
      </symbol>
      <symbol id="sm-e5">
         <name>_iqref</name>
         <value>0xad5c</value>
         <object_component_ref idref="oc-36"/>
      </symbol>
      <symbol id="sm-e6">
         <name>_speed_motor</name>
         <value>0xad54</value>
         <object_component_ref idref="oc-36"/>
      </symbol>
      <symbol id="sm-e7">
         <name>_id_measured</name>
         <value>0xad64</value>
         <object_component_ref idref="oc-36"/>
      </symbol>
      <symbol id="sm-e8">
         <name>_ialpha</name>
         <value>0xad48</value>
         <object_component_ref idref="oc-36"/>
      </symbol>
      <symbol id="sm-e9">
         <name>_cpuTimer0ISR</name>
         <value>0x8941</value>
         <object_component_ref idref="oc-37"/>
      </symbol>
      <symbol id="sm-eb">
         <name>_iq</name>
         <value>0xad4e</value>
         <object_component_ref idref="oc-36"/>
      </symbol>
      <symbol id="sm-ec">
         <name>_id</name>
         <value>0xad4c</value>
         <object_component_ref idref="oc-36"/>
      </symbol>
      <symbol id="sm-ed">
         <name>_ib</name>
         <value>0xad52</value>
         <object_component_ref idref="oc-36"/>
      </symbol>
      <symbol id="sm-ee">
         <name>_ia</name>
         <value>0xad50</value>
         <object_component_ref idref="oc-36"/>
      </symbol>
      <symbol id="sm-ef">
         <name>_tester</name>
         <value>0xad41</value>
         <object_component_ref idref="oc-36"/>
      </symbol>
      <symbol id="sm-f0">
         <name>_idref</name>
         <value>0xad60</value>
         <object_component_ref idref="oc-36"/>
      </symbol>
      <symbol id="sm-f1">
         <name>_cpuTimer1ISR</name>
         <value>0x8994</value>
         <object_component_ref idref="oc-37"/>
      </symbol>
      <symbol id="sm-f3">
         <name>_calculateSpeed</name>
         <value>0x84c6</value>
         <object_component_ref idref="oc-c6"/>
      </symbol>
      <symbol id="sm-116">
         <name>_Pin_EQEP</name>
         <value>0x890e</value>
         <object_component_ref idref="oc-cf"/>
      </symbol>
      <symbol id="sm-118">
         <name>_setupEQEPModule</name>
         <value>0x88de</value>
         <object_component_ref idref="oc-cf"/>
      </symbol>
      <symbol id="sm-12e">
         <name>_park_iq</name>
         <value>0x8fbf</value>
         <object_component_ref idref="oc-d7"/>
      </symbol>
      <symbol id="sm-130">
         <name>_park_id</name>
         <value>0x8f9a</value>
         <object_component_ref idref="oc-d7"/>
      </symbol>
      <symbol id="sm-141">
         <name>_PIDController_Init</name>
         <value>0x8aec</value>
         <object_component_ref idref="oc-c5"/>
      </symbol>
      <symbol id="sm-143">
         <name>_PIDController_Update</name>
         <value>0x8b0a</value>
         <object_component_ref idref="oc-c5"/>
      </symbol>
      <symbol id="sm-18c">
         <name>_ta_pwm</name>
         <value>0xb3d8</value>
         <object_component_ref idref="oc-d1"/>
      </symbol>
      <symbol id="sm-18e">
         <name>_tb_pwm</name>
         <value>0xb427</value>
         <object_component_ref idref="oc-d1"/>
      </symbol>
      <symbol id="sm-190">
         <name>_tc_pwm</name>
         <value>0xb475</value>
         <object_component_ref idref="oc-d1"/>
      </symbol>
      <symbol id="sm-192">
         <name>_Board_init</name>
         <value>0xb19c</value>
         <object_component_ref idref="oc-d1"/>
      </symbol>
      <symbol id="sm-194">
         <name>_PinMux_init_PWM</name>
         <value>0xb1a5</value>
         <object_component_ref idref="oc-d1"/>
      </symbol>
      <symbol id="sm-196">
         <name>_SYNC_init</name>
         <value>0xb3ba</value>
         <object_component_ref idref="oc-d1"/>
      </symbol>
      <symbol id="sm-198">
         <name>_EPWM_init</name>
         <value>0xb1fb</value>
         <object_component_ref idref="oc-d1"/>
      </symbol>
      <symbol id="sm-19a">
         <name>_initEPWM1</name>
         <value>0xb4c7</value>
         <object_component_ref idref="oc-d1"/>
      </symbol>
      <symbol id="sm-19c">
         <name>_initEPWM2</name>
         <value>0xb517</value>
         <object_component_ref idref="oc-d1"/>
      </symbol>
      <symbol id="sm-19e">
         <name>_initEPWM3</name>
         <value>0xb567</value>
         <object_component_ref idref="oc-d1"/>
      </symbol>
      <symbol id="sm-1c6">
         <name>_intToStrPositive</name>
         <value>0x87ad</value>
         <object_component_ref idref="oc-c8"/>
      </symbol>
      <symbol id="sm-1c8">
         <name>_PinMux_init</name>
         <value>0x874e</value>
         <object_component_ref idref="oc-c8"/>
      </symbol>
      <symbol id="sm-1ca">
         <name>_SCI_init</name>
         <value>0x876d</value>
         <object_component_ref idref="oc-c8"/>
      </symbol>
      <symbol id="sm-1cc">
         <name>_mySCI0_init</name>
         <value>0x8770</value>
         <object_component_ref idref="oc-c8"/>
      </symbol>
      <symbol id="sm-1dd">
         <name>code_start</name>
         <value>0x0</value>
         <object_component_ref idref="oc-1e"/>
      </symbol>
      <symbol id="sm-20e">
         <name>_Example_done</name>
         <value>0x83fb</value>
         <object_component_ref idref="oc-ce"/>
      </symbol>
      <symbol id="sm-210">
         <name>_Example_Fail</name>
         <value>0xad1c</value>
         <object_component_ref idref="oc-65"/>
      </symbol>
      <symbol id="sm-211">
         <name>_Device_bootCPU2</name>
         <value>0x8270</value>
         <object_component_ref idref="oc-ce"/>
      </symbol>
      <symbol id="sm-213">
         <name>_Device_initGPIO</name>
         <value>0x81d8</value>
         <object_component_ref idref="oc-ce"/>
      </symbol>
      <symbol id="sm-215">
         <name>_Example_setResultPass</name>
         <value>0x83f1</value>
         <object_component_ref idref="oc-ce"/>
      </symbol>
      <symbol id="sm-217">
         <name>___error__</name>
         <value>0x83ea</value>
         <object_component_ref idref="oc-ce"/>
      </symbol>
      <symbol id="sm-219">
         <name>_Example_Result</name>
         <value>0xad18</value>
         <object_component_ref idref="oc-65"/>
      </symbol>
      <symbol id="sm-21a">
         <name>_Example_setResultFail</name>
         <value>0x83f6</value>
         <object_component_ref idref="oc-ce"/>
      </symbol>
      <symbol id="sm-21c">
         <name>_Device_enableUnbondedGPIOPullupsFor176Pin</name>
         <value>0x81f9</value>
         <object_component_ref idref="oc-ce"/>
      </symbol>
      <symbol id="sm-21e">
         <name>_Device_enableUnbondedGPIOPullups</name>
         <value>0x8229</value>
         <object_component_ref idref="oc-ce"/>
      </symbol>
      <symbol id="sm-220">
         <name>_Device_init</name>
         <value>0x80ab</value>
         <object_component_ref idref="oc-ce"/>
      </symbol>
      <symbol id="sm-222">
         <name>_Example_PassCount</name>
         <value>0xad1a</value>
         <object_component_ref idref="oc-65"/>
      </symbol>
      <symbol id="sm-223">
         <name>_Device_enableUnbondedGPIOPullupsFor100Pin</name>
         <value>0x820c</value>
         <object_component_ref idref="oc-ce"/>
      </symbol>
      <symbol id="sm-225">
         <name>_Device_enableAllPeripherals</name>
         <value>0x80ed</value>
         <object_component_ref idref="oc-ce"/>
      </symbol>
      <symbol id="sm-227">
         <name>_Device_configureTMXAnalogTrim</name>
         <value>0x823f</value>
         <object_component_ref idref="oc-ce"/>
      </symbol>
      <symbol id="sm-23d">
         <name>_CPUTimer_setEmulationMode</name>
         <value>0x93ec</value>
         <object_component_ref idref="oc-ee"/>
      </symbol>
      <symbol id="sm-267">
         <name>_GPIO_setControllerCore</name>
         <value>0x9108</value>
         <object_component_ref idref="oc-e9"/>
      </symbol>
      <symbol id="sm-269">
         <name>_GPIO_setPinConfig</name>
         <value>0x913f</value>
         <object_component_ref idref="oc-dc"/>
      </symbol>
      <symbol id="sm-26b">
         <name>_GPIO_setDirectionMode</name>
         <value>0x91e4</value>
         <object_component_ref idref="oc-e8"/>
      </symbol>
      <symbol id="sm-26d">
         <name>_GPIO_setQualificationMode</name>
         <value>0x9176</value>
         <object_component_ref idref="oc-de"/>
      </symbol>
      <symbol id="sm-26f">
         <name>_GPIO_setPadConfig</name>
         <value>0x8ef7</value>
         <object_component_ref idref="oc-dd"/>
      </symbol>
      <symbol id="sm-2a1">
         <name>_Interrupt_enable</name>
         <value>0x91ad</value>
         <object_component_ref idref="oc-d4"/>
      </symbol>
      <symbol id="sm-2a3">
         <name>_Interrupt_initVectorTable</name>
         <value>0x92c2</value>
         <object_component_ref idref="oc-d2"/>
      </symbol>
      <symbol id="sm-2a5">
         <name>_Interrupt_initModule</name>
         <value>0x90cb</value>
         <object_component_ref idref="oc-d0"/>
      </symbol>
      <symbol id="sm-2ea">
         <name>_SCI_clearInterruptStatus</name>
         <value>0x9048</value>
         <object_component_ref idref="oc-df"/>
      </symbol>
      <symbol id="sm-2ec">
         <name>_SCI_setConfig</name>
         <value>0x908d</value>
         <object_component_ref idref="oc-e0"/>
      </symbol>
      <symbol id="sm-2ee">
         <name>_SCI_writeCharArray</name>
         <value>0xb7bd</value>
         <object_component_ref idref="oc-c7"/>
      </symbol>
      <symbol id="sm-374">
         <name>_SysCtl_selectXTAL</name>
         <value>0x8c5e</value>
         <object_component_ref idref="oc-fd"/>
      </symbol>
      <symbol id="sm-376">
         <name>_SysCtl_delay</name>
         <value>0x182</value>
         <object_component_ref idref="oc-84"/>
      </symbol>
      <symbol id="sm-377">
         <name>_SysCtl_selectOscSource</name>
         <value>0x9000</value>
         <object_component_ref idref="oc-f9"/>
      </symbol>
      <symbol id="sm-379">
         <name>_SysCtl_setClock</name>
         <value>0xb5b7</value>
         <object_component_ref idref="oc-e5"/>
      </symbol>
      <symbol id="sm-37b">
         <name>_SysCtl_getLowSpeedClock</name>
         <value>0x934c</value>
         <object_component_ref idref="oc-e7"/>
      </symbol>
      <symbol id="sm-37d">
         <name>_SysCtl_getClock</name>
         <value>0x8f49</value>
         <object_component_ref idref="oc-e6"/>
      </symbol>
      <symbol id="sm-37f">
         <name>_SysCtl_getDeviceParametric</name>
         <value>0x8d70</value>
         <object_component_ref idref="oc-e4"/>
      </symbol>
      <symbol id="sm-38e">
         <name>_cos</name>
         <value>0x8e3e</value>
         <object_component_ref idref="oc-f0"/>
      </symbol>
      <symbol id="sm-38f">
         <name>_cosf</name>
         <value>0x8e3e</value>
         <object_component_ref idref="oc-f0"/>
      </symbol>
      <symbol id="sm-39d">
         <name>_sin</name>
         <value>0x8dd8</value>
         <object_component_ref idref="oc-f1"/>
      </symbol>
      <symbol id="sm-39e">
         <name>_sinf</name>
         <value>0x8dd8</value>
         <object_component_ref idref="oc-f1"/>
      </symbol>
      <symbol id="sm-3ba">
         <name>_c_int00</name>
         <value>0x8ea1</value>
         <object_component_ref idref="oc-94"/>
      </symbol>
      <symbol id="sm-3bb">
         <name>__stack</name>
         <value>0x400</value>
         <object_component_ref idref="oc-95"/>
      </symbol>
      <symbol id="sm-3cc">
         <name>FS$$DIV</name>
         <value>0x8ce8</value>
         <object_component_ref idref="oc-9b"/>
      </symbol>
      <symbol id="sm-3db">
         <name>_copy_in</name>
         <value>0x923e</value>
         <object_component_ref idref="oc-ca"/>
      </symbol>
      <symbol id="sm-3ed">
         <name>_memcpy</name>
         <value>0x92e0</value>
         <object_component_ref idref="oc-e1"/>
      </symbol>
      <symbol id="sm-3fa">
         <name>__system_pre_init</name>
         <value>0x94bf</value>
         <object_component_ref idref="oc-c9"/>
      </symbol>
      <symbol id="sm-408">
         <name>__system_post_cinit</name>
         <value>0x94c1</value>
         <object_component_ref idref="oc-cb"/>
      </symbol>
      <symbol id="sm-41d">
         <name>C$$EXIT</name>
         <value>0x9215</value>
         <object_component_ref idref="oc-cd"/>
      </symbol>
      <symbol id="sm-41e">
         <name>_exit</name>
         <value>0x9217</value>
         <object_component_ref idref="oc-cd"/>
      </symbol>
      <symbol id="sm-420">
         <name>___TI_cleanup_ptr</name>
         <value>0xad20</value>
         <object_component_ref idref="oc-b6"/>
      </symbol>
      <symbol id="sm-421">
         <name>___TI_enable_exit_profile_output</name>
         <value>0xad1e</value>
         <object_component_ref idref="oc-b6"/>
      </symbol>
      <symbol id="sm-422">
         <name>_abort</name>
         <value>0x9215</value>
         <object_component_ref idref="oc-cd"/>
      </symbol>
      <symbol id="sm-424">
         <name>___TI_dtors_ptr</name>
         <value>0xad22</value>
         <object_component_ref idref="oc-b6"/>
      </symbol>
      <symbol id="sm-438">
         <name>__unlock</name>
         <value>0xad26</value>
         <object_component_ref idref="oc-fc"/>
      </symbol>
      <symbol id="sm-439">
         <name>__lock</name>
         <value>0xad24</value>
         <object_component_ref idref="oc-e2"/>
      </symbol>
      <symbol id="sm-43a">
         <name>__register_lock</name>
         <value>0x94a9</value>
         <object_component_ref idref="oc-f6"/>
      </symbol>
      <symbol id="sm-43c">
         <name>__nop</name>
         <value>0x94ad</value>
         <object_component_ref idref="oc-f6"/>
      </symbol>
      <symbol id="sm-43e">
         <name>__register_unlock</name>
         <value>0x94a5</value>
         <object_component_ref idref="oc-f6"/>
      </symbol>
      <symbol id="sm-44e">
         <name>__args_main</name>
         <value>0x9436</value>
         <object_component_ref idref="oc-cc"/>
      </symbol>
   </symbol_table>
   <title>Link successful</title>
</link_info>
