******************************************************************************
             TMS320C2000 Linker PC v22.6.0                     
******************************************************************************
>> Linked Sat Jun 24 17:12:59 2023

OUTPUT FILE NAME:   <final_project.out>
ENTRY POINT SYMBOL: "code_start"  address: 00000000


MEMORY CONFIGURATION

         name            origin    length      used     unused   attr    fill
----------------------  --------  ---------  --------  --------  ----  --------
PAGE 0:
  BEGIN                 00000000   00000002  00000002  00000000  RWIX
  RAMM0                 00000123   000002dd  00000063  0000027a  RWIX
  RAMLS0                00008000   00000800  00000800  00000000  RWIX
  RAMLS1                00008800   00000800  00000800  00000000  RWIX
  RAMLS2                00009000   00000800  000004c2  0000033e  RWIX
  RAMLS3                00009800   00000800  00000000  00000800  RWIX
  RAMLS4                0000a000   00000800  00000000  00000800  RWIX
  RAMD0                 0000b000   00000800  00000800  00000000  RWIX
  FLASHA                00080002   00001ffe  00000000  00001ffe  RWIX
  FLASHB                00082000   00002000  00000000  00002000  RWIX
  FLASHC                00084000   00002000  00000000  00002000  RWIX
  FLASHD                00086000   00002000  00000000  00002000  RWIX
  FLASHE                00088000   00008000  00000000  00008000  RWIX
  FLASHF                00090000   00008000  00000000  00008000  RWIX
  FLASHG                00098000   00008000  00000000  00008000  RWIX
  FLASHH                000a0000   00008000  00000000  00008000  RWIX
  FLASHI                000a8000   00008000  00000000  00008000  RWIX
  FLASHJ                000b0000   00008000  00000000  00008000  RWIX
  FLASHK                000b8000   00002000  00000000  00002000  RWIX
  FLASHL                000ba000   00002000  00000000  00002000  RWIX
  FLASHM                000bc000   00002000  00000000  00002000  RWIX
  FLASHN                000be000   00001ff0  00000000  00001ff0  RWIX
  RESET                 003fffc0   00000002  00000000  00000002  RWIX

PAGE 1:
  BOOT_RSVD             00000002   00000121  00000000  00000121  RWIX
  RAMM1                 00000400   000003f8  00000100  000002f8  RWIX
  RAMLS5                0000a800   00000800  000005db  00000225  RWIX
  RAMD1                 0000b800   00000800  00000000  00000800  RWIX
  RAMGS0                0000c000   00001000  00000000  00001000  RWIX
  RAMGS1                0000d000   00001000  00000000  00001000  RWIX
  RAMGS2                0000e000   00001000  00000000  00001000  RWIX
  RAMGS3                0000f000   00001000  00000000  00001000  RWIX
  RAMGS4                00010000   00001000  00000000  00001000  RWIX
  RAMGS5                00011000   00001000  00000000  00001000  RWIX
  RAMGS6                00012000   00001000  00000000  00001000  RWIX
  RAMGS7                00013000   00001000  00000000  00001000  RWIX
  RAMGS8                00014000   00001000  00000000  00001000  RWIX
  RAMGS9                00015000   00001000  00000000  00001000  RWIX
  RAMGS10               00016000   00001000  00000000  00001000  RWIX
  RAMGS11               00017000   00001000  00000000  00001000  RWIX
  RAMGS12               00018000   00001000  00000000  00001000  RWIX
  RAMGS13               00019000   00001000  00000000  00001000  RWIX
  RAMGS14               0001a000   00001000  00000000  00001000  RWIX
  RAMGS15               0001b000   00000ff8  00000000  00000ff8  RWIX
  CPU2TOCPU1RAM         0003f800   00000400  00000000  00000400  RWIX
  CPU1TOCPU2RAM         0003fc00   00000400  00000000  00000400  RWIX
  CANA_MSG_RAM          00049000   00000800  00000000  00000800  RWIX
  CANB_MSG_RAM          0004b000   00000800  00000000  00000800  RWIX


SECTION ALLOCATION MAP

 output                                  attributes/
section   page    origin      length       input sections
--------  ----  ----------  ----------   ----------------
codestart 
*          0    00000000    00000002     
                  00000000    00000002     F2837xD_CodeStartBranch.obj (codestart)

.cinit     0    00000123    0000005f     
                  00000123    00000031     empty_driverlib_main.obj (.cinit)
                  00000154    0000000f     device.obj (.cinit)
                  00000163    0000000e     rts2800_fpu32.lib : exit.c.obj (.cinit)
                  00000171    00000005                       : _lock.c.obj (.cinit:__lock)
                  00000176    00000005                       : _lock.c.obj (.cinit:__unlock)
                  0000017b    00000005     clark.obj (.cinit)
                  00000180    00000002     --HOLE-- [fill = 0]

.reset     0    003fffc0    00000002     DSECT
                  003fffc0    00000002     rts2800_fpu32.lib : boot28.asm.obj (.reset)

.stack     1    00000400    00000100     UNINITIALIZED
                  00000400    00000100     --HOLE--

.pinit     0    00000123    00000000     UNINITIALIZED

.econst    1    0000a800    00000517     
                  0000a800    000000c2     driverlib_coff.lib : sysctl.obj (.econst:.string)
                  0000a8c2    000000bc                        : gpio.obj (.econst:.string)
                  0000a97e    000000bb                        : sci.obj (.econst:.string)
                  0000aa39    00000001     --HOLE-- [fill = 0]
                  0000aa3a    000000ab     empty_driverlib_main.obj (.econst:.string)
                  0000aae5    00000001     --HOLE-- [fill = 0]
                  0000aae6    00000063     driverlib_coff.lib : interrupt.obj (.econst:.string)
                  0000ab49    00000001     --HOLE-- [fill = 0]
                  0000ab4a    00000062                        : cputimer.obj (.econst:.string)
                  0000abac    00000048     cpu_timer.obj (.econst:.string)
                  0000abf4    00000044     duty_update.obj (.econst:.string)
                  0000ac38    00000044     encoder.obj (.econst:.string)
                  0000ac7c    00000044     pwm.obj (.econst:.string)
                  0000acc0    00000043     sci_init.obj (.econst:.string)
                  0000ad03    00000001     --HOLE-- [fill = 0]
                  0000ad04    00000013     device.obj (.econst:.string)

.ebss      1    0000ad18    000000c4     UNINITIALIZED
                  0000ad18    00000006     device.obj (.ebss)
                  0000ad1e    00000006     rts2800_fpu32.lib : exit.c.obj (.ebss)
                  0000ad24    00000002                       : _lock.c.obj (.ebss:__lock)
                  0000ad26    00000002                       : _lock.c.obj (.ebss:__unlock)
                  0000ad28    00000002     clark.obj (.ebss)
                  0000ad2a    00000016     --HOLE--
                  0000ad40    0000009c     empty_driverlib_main.obj (.ebss)

.TI.ramfunc 
*          0    00000182    00000004     
                  00000182    00000004     driverlib_coff.lib : sysctl.obj (.TI.ramfunc)

GETBUFFER 
*          0    0003f800    00000000     DSECT

GETWRITEIDX 
*          0    0003f800    00000000     DSECT

PUTREADIDX 
*          0    0003f800    00000000     DSECT

.text.1    0    00008000    00000800     
                  00008000    000003fc     device.obj (.text)
                  000083fc    0000025d     empty_driverlib_main.obj (.text)
                  00008659    0000019a     sci_init.obj (.text)
                  000087f3    0000000d     driverlib_coff.lib : interrupt.obj (.text:_Interrupt_disableGlobal)

.text.2    0    00008800    00000800     
                  00008800    00000141     encoder.obj (.text)
                  00008941    000000d6     empty_driverlib_main.obj (.text:retain)
                  00008a17    000000d5     cpu_timer.obj (.text)
                  00008aec    000000cf     pid.obj (.text)
                  00008bbb    000000a3     duty_update.obj (.text)
                  00008c5e    0000008a     driverlib_coff.lib : sysctl.obj (.text:_SysCtl_selectXTAL)
                  00008ce8    00000088     rts2800_fpu32.lib : fs_div28.asm.obj (.text)
                  00008d70    00000068     driverlib_coff.lib : sysctl.obj (.text:_SysCtl_getDeviceParametric)
                  00008dd8    00000066     rts2800_fpu32.lib : s_sinf.c.obj (.text)
                  00008e3e    00000063                       : s_cosf.c.obj (.text)
                  00008ea1    00000056                       : boot28.asm.obj (.text)
                  00008ef7    00000052     driverlib_coff.lib : gpio.obj (.text:_GPIO_setPadConfig)
                  00008f49    00000051                        : sysctl.obj (.text:_SysCtl_getClock)
                  00008f9a    0000004a     park.obj (.text)
                  00008fe4    0000001c     clark.obj (.text)

.text.3    0    00009000    000004c2     
                  00009000    00000048     driverlib_coff.lib : sysctl.obj (.text:_SysCtl_selectOscSource)
                  00009048    00000045                        : sci.obj (.text:_SCI_clearInterruptStatus)
                  0000908d    0000003e                        : sci.obj (.text:_SCI_setConfig)
                  000090cb    0000003d                        : interrupt.obj (.text:_Interrupt_initModule)
                  00009108    00000037                        : gpio.obj (.text:_GPIO_setControllerCore)
                  0000913f    00000037                        : gpio.obj (.text:_GPIO_setPinConfig)
                  00009176    00000037                        : gpio.obj (.text:_GPIO_setQualificationMode)
                  000091ad    00000037                        : interrupt.obj (.text:_Interrupt_enable)
                  000091e4    00000031                        : gpio.obj (.text:_GPIO_setDirectionMode)
                  00009215    00000029     rts2800_fpu32.lib : exit.c.obj (.text)
                  0000923e    00000024                       : cpy_tbl.c.obj (.text)
                  00009262    00000021     driverlib_coff.lib : sysctl.obj (.text:_CPUTimer_selectClockSource)
                  00009283    00000020                        : sci.obj (.text:_SCI_isFIFOEnabled)
                  000092a3    0000001f                        : sysctl.obj (.text:_CPUTimer_getTimerOverflowStatus)
                  000092c2    0000001e                        : interrupt.obj (.text:_Interrupt_initVectorTable)
                  000092e0    0000001d     rts2800_fpu32.lib : memcpy.c.obj (.text)
                  000092fd    0000001b     driverlib_coff.lib : sci.obj (.text:_SCI_isBaseValid)
                  00009318    0000001a                        : sysctl.obj (.text:_CPUTimer_startTimer)
                  00009332    0000001a                        : sci.obj (.text:_SCI_isSpaceAvailableNonFIFO)
                  0000934c    0000001a                        : sysctl.obj (.text:_SysCtl_getLowSpeedClock)
                  00009366    00000018                        : sci.obj (.text:_SCI_disableModule)
                  0000937e    00000018                        : sci.obj (.text:_SCI_performSoftwareReset)
                  00009396    00000017                        : cputimer.obj (.text:_CPUTimer_isBaseValid)
                  000093ad    00000017                        : sysctl.obj (.text:_CPUTimer_isBaseValid)
                  000093c4    00000014                        : sysctl.obj (.text:_CPUTimer_stopTimer)
                  000093d8    00000014                        : sci.obj (.text:_SCI_getTxFIFOStatus)
                  000093ec    00000013                        : cputimer.obj (.text:_CPUTimer_setEmulationMode)
                  000093ff    00000013                        : sci.obj (.text:_SCI_enableModule)
                  00009412    00000012                        : sysctl.obj (.text:_CPUTimer_clearOverflowFlag)
                  00009424    00000012                        : sysctl.obj (.text:_CPUTimer_disableInterrupt)
                  00009436    00000012     rts2800_fpu32.lib : args_main.c.obj (.text)
                  00009448    00000011     driverlib_coff.lib : sysctl.obj (.text:_CPUTimer_setPeriod)
                  00009459    0000000f                        : sysctl.obj (.text:_SysCtl_pollCpuTimer)
                  00009468    0000000e                        : gpio.obj (.text:_GPIO_isPinValid)
                  00009476    0000000e                        : interrupt.obj (.text:_Interrupt_defaultHandler)
                  00009484    0000000d                        : interrupt.obj (.text:_Interrupt_enableGlobal)
                  00009491    0000000b                        : sysctl.obj (.text:_SysCtl_isMCDClockFailureDetected)
                  0000949c    00000009                        : sysctl.obj (.text:_SysCtl_serviceWatchdog)
                  000094a5    00000009     rts2800_fpu32.lib : _lock.c.obj (.text)
                  000094ae    00000008     F2837xD_CodeStartBranch.obj (.text)
                  000094b6    00000007     driverlib_coff.lib : sysctl.obj (.text:_SysCtl_resetMCD)
                  000094bd    00000002                        : interrupt.obj (.text:_Interrupt_nmiHandler)
                  000094bf    00000002     rts2800_fpu32.lib : pre_init.c.obj (.text)
                  000094c1    00000001                       : startup.c.obj (.text)

.text.4    0    0000b000    00000800     
                  0000b000    000005b7     pwm.obj (.text)
                  0000b5b7    00000206     driverlib_coff.lib : sysctl.obj (.text:_SysCtl_setClock)
                  0000b7bd    00000041                        : sci.obj (.text:_SCI_writeCharArray)
                  0000b7fe    00000002                        : interrupt.obj (.text:_Interrupt_illegalOperationHandler)

MODULE SUMMARY

       Module                        code   initialized data   uninitialized data
       ------                        ----   ----------------   ------------------
    .\
       pwm.obj                       1463   68                 0                 
       empty_driverlib_main.obj      819    220                156               
       sci_init.obj                  410    67                 0                 
       encoder.obj                   321    68                 0                 
       cpu_timer.obj                 213    72                 0                 
       duty_update.obj               163    68                 0                 
       pid.obj                       207    0                  0                 
       park.obj                      74     0                  0                 
       clark.obj                     28     5                  2                 
    +--+-----------------------------+------+------------------+--------------------+
       Total:                        3698   568                158               
                                                                                 
    .\device\
       device.obj                    1020   34                 6                 
       F2837xD_CodeStartBranch.obj   10     0                  0                 
    +--+-----------------------------+------+------------------+--------------------+
       Total:                        1030   34                 6                 
                                                                                 
    C:\ti\c2000\C2000Ware_4_03_00_00\driverlib\f2837xd\driverlib\ccs\Debug\driverlib_coff.lib
       sysctl.obj                    1171   194                0                 
       sci.obj                       368    187                0                 
       gpio.obj                      310    188                0                 
       interrupt.obj                 190    99                 0                 
       cputimer.obj                  42     98                 0                 
    +--+-----------------------------+------+------------------+--------------------+
       Total:                        2081   766                0                 
                                                                                 
    C:\ti\ccs1230\ccs\tools\compiler\ti-cgt-c2000_22.6.0.LTS\lib\rts2800_fpu32.lib
       fs_div28.asm.obj              136    0                  0                 
       s_sinf.c.obj                  102    0                  0                 
       s_cosf.c.obj                  99     0                  0                 
       boot28.asm.obj                86     0                  0                 
       exit.c.obj                    41     14                 6                 
       cpy_tbl.c.obj                 36     0                  0                 
       memcpy.c.obj                  29     0                  0                 
       _lock.c.obj                   9      10                 4                 
       args_main.c.obj               18     0                  0                 
       pre_init.c.obj                2      0                  0                 
       startup.c.obj                 1      0                  0                 
    +--+-----------------------------+------+------------------+--------------------+
       Total:                        559    24                 10                
                                                                                 
       Stack:                        0      0                  256               
    +--+-----------------------------+------+------------------+--------------------+
       Grand Total:                  7368   1392               430               


GLOBAL DATA SYMBOLS: SORTED BY DATA PAGE

address     data page           name
--------    ----------------    ----
00000400      10 (00000400)     __stack

0000ad18     2b4 (0000ad00)     _Example_Result
0000ad1a     2b4 (0000ad00)     _Example_PassCount
0000ad1c     2b4 (0000ad00)     _Example_Fail
0000ad1e     2b4 (0000ad00)     ___TI_enable_exit_profile_output
0000ad20     2b4 (0000ad00)     ___TI_cleanup_ptr
0000ad22     2b4 (0000ad00)     ___TI_dtors_ptr
0000ad24     2b4 (0000ad00)     __lock
0000ad26     2b4 (0000ad00)     __unlock
0000ad28     2b4 (0000ad00)     _onebysqrt3

0000ad40     2b5 (0000ad40)     _cpuTimer0IntCount
0000ad41     2b5 (0000ad40)     _tester
0000ad42     2b5 (0000ad40)     _seca
0000ad43     2b5 (0000ad40)     _secb
0000ad44     2b5 (0000ad40)     _secc
0000ad46     2b5 (0000ad40)     _prev_pos
0000ad48     2b5 (0000ad40)     _ialpha
0000ad4a     2b5 (0000ad40)     _ibeta
0000ad4c     2b5 (0000ad40)     _id
0000ad4e     2b5 (0000ad40)     _iq
0000ad50     2b5 (0000ad40)     _ia
0000ad52     2b5 (0000ad40)     _ib
0000ad54     2b5 (0000ad40)     _speed_motor
0000ad56     2b5 (0000ad40)     _duty_a
0000ad58     2b5 (0000ad40)     _duty_b
0000ad5a     2b5 (0000ad40)     _duty_c
0000ad5c     2b5 (0000ad40)     _iqref
0000ad5e     2b5 (0000ad40)     _vq
0000ad60     2b5 (0000ad40)     _idref
0000ad62     2b5 (0000ad40)     _vd
0000ad64     2b5 (0000ad40)     _id_measured
0000ad66     2b5 (0000ad40)     _iq_measured
0000ad68     2b5 (0000ad40)     _Ta
0000ad6a     2b5 (0000ad40)     _Tb
0000ad6c     2b5 (0000ad40)     _Tc

0000ad80     2b6 (0000ad80)     _pid_current_q
0000ad9c     2b6 (0000ad80)     _pid_speed

0000adc0     2b7 (0000adc0)     _pid_current_d


GLOBAL SYMBOLS: SORTED ALPHABETICALLY BY Name 

page  address   name                                      
----  -------   ----                                      
abs   ffffffff  .text                                     
0     00009215  C$$EXIT                                   
0     00008ce8  FS$$DIV                                   
0     0000b19c  _Board_init                               
0     000093ec  _CPUTimer_setEmulationMode                
0     00008270  _Device_bootCPU2                          
0     0000823f  _Device_configureTMXAnalogTrim            
0     000080ed  _Device_enableAllPeripherals              
0     00008229  _Device_enableUnbondedGPIOPullups         
0     0000820c  _Device_enableUnbondedGPIOPullupsFor100Pin
0     000081f9  _Device_enableUnbondedGPIOPullupsFor176Pin
0     000080ab  _Device_init                              
0     000081d8  _Device_initGPIO                          
0     0000b1fb  _EPWM_init                                
1     0000ad1c  _Example_Fail                             
1     0000ad1a  _Example_PassCount                        
1     0000ad18  _Example_Result                           
0     000083fb  _Example_done                             
0     000083f6  _Example_setResultFail                    
0     000083f1  _Example_setResultPass                    
0     00009108  _GPIO_setControllerCore                   
0     000091e4  _GPIO_setDirectionMode                    
0     00008ef7  _GPIO_setPadConfig                        
0     0000913f  _GPIO_setPinConfig                        
0     00009176  _GPIO_setQualificationMode                
0     000091ad  _Interrupt_enable                         
0     000090cb  _Interrupt_initModule                     
0     000092c2  _Interrupt_initVectorTable                
0     00008aec  _PIDController_Init                       
0     00008b0a  _PIDController_Update                     
0     0000874e  _PinMux_init                              
0     0000b1a5  _PinMux_init_PWM                          
0     0000890e  _Pin_EQEP                                 
0     00009048  _SCI_clearInterruptStatus                 
0     0000876d  _SCI_init                                 
0     0000908d  _SCI_setConfig                            
0     0000b7bd  _SCI_writeCharArray                       
0     0000b3ba  _SYNC_init                                
0     00000182  _SysCtl_delay                             
0     00008f49  _SysCtl_getClock                          
0     00008d70  _SysCtl_getDeviceParametric               
0     0000934c  _SysCtl_getLowSpeedClock                  
0     00009000  _SysCtl_selectOscSource                   
0     00008c5e  _SysCtl_selectXTAL                        
0     0000b5b7  _SysCtl_setClock                          
1     0000ad68  _Ta                                       
1     0000ad6a  _Tb                                       
1     0000ad6c  _Tc                                       
1     00000500  __STACK_END                               
abs   00000100  __STACK_SIZE                              
1     0000ad20  ___TI_cleanup_ptr                         
1     0000ad22  ___TI_dtors_ptr                           
1     0000ad1e  ___TI_enable_exit_profile_output          
abs   ffffffff  ___TI_pprof_out_hndl                      
abs   ffffffff  ___TI_prof_data_size                      
abs   ffffffff  ___TI_prof_data_start                     
abs   ffffffff  ___binit__                                
abs   ffffffff  ___c_args__                               
0     00000123  ___cinit__                                
0     000083ea  ___error__                                
abs   ffffffff  ___etext__                                
abs   ffffffff  ___pinit__                                
abs   ffffffff  ___text__                                 
0     00009436  __args_main                               
1     0000ad24  __lock                                    
0     000094ad  __nop                                     
0     000094a9  __register_lock                           
0     000094a5  __register_unlock                         
1     00000400  __stack                                   
0     000094c1  __system_post_cinit                       
0     000094bf  __system_pre_init                         
1     0000ad26  __unlock                                  
0     00009215  _abort                                    
0     00008ea1  _c_int00                                  
0     000084c6  _calculateSpeed                           
0     00008fe4  _clark_alpha                              
0     00008feb  _clark_beta                               
0     00008abe  _configCPUTimer                           
0     0000923e  _copy_in                                  
0     00008e3e  _cos                                      
0     00008e3e  _cosf                                     
0     00008941  _cpuTimer0ISR                             
1     0000ad40  _cpuTimer0IntCount                        
0     00008994  _cpuTimer1ISR                             
1     0000ad56  _duty_a                                   
1     0000ad58  _duty_b                                   
1     0000ad5a  _duty_c                                   
0     00008c18  _duty_change                              
0     00009217  _exit                                     
1     0000ad50  _ia                                       
1     0000ad48  _ialpha                                   
1     0000ad52  _ib                                       
1     0000ad4a  _ibeta                                    
1     0000ad4c  _id                                       
1     0000ad64  _id_measured                              
1     0000ad60  _idref                                    
0     00008a93  _initCPUTimers                            
0     0000b4c7  _initEPWM1                                
0     0000b517  _initEPWM2                                
0     0000b567  _initEPWM3                                
0     000087ad  _intToStrPositive                         
1     0000ad4e  _iq                                       
1     0000ad66  _iq_measured                              
1     0000ad5c  _iqref                                    
0     000084f0  _main                                     
0     000092e0  _memcpy                                   
0     00008770  _mySCI0_init                              
1     0000ad28  _onebysqrt3                               
0     00008f9a  _park_id                                  
0     00008fbf  _park_iq                                  
1     0000adc0  _pid_current_d                            
1     0000ad80  _pid_current_q                            
1     0000ad9c  _pid_speed                                
1     0000ad46  _prev_pos                                 
1     0000ad42  _seca                                     
1     0000ad43  _secb                                     
1     0000ad44  _secc                                     
0     000088de  _setupEQEPModule                          
0     00008dd8  _sin                                      
0     00008dd8  _sinf                                     
1     0000ad54  _speed_motor                              
0     0000b3d8  _ta_pwm                                   
0     0000b427  _tb_pwm                                   
0     0000b475  _tc_pwm                                   
1     0000ad41  _tester                                   
1     0000ad62  _vd                                       
1     0000ad5e  _vq                                       
abs   ffffffff  binit                                     
0     00000123  cinit                                     
0     00000000  code_start                                
abs   ffffffff  etext                                     
abs   ffffffff  pinit                                     


GLOBAL SYMBOLS: SORTED BY Symbol Address 

page  address   name                                      
----  -------   ----                                      
0     00000000  code_start                                
0     00000123  ___cinit__                                
0     00000123  cinit                                     
0     00000182  _SysCtl_delay                             
0     000080ab  _Device_init                              
0     000080ed  _Device_enableAllPeripherals              
0     000081d8  _Device_initGPIO                          
0     000081f9  _Device_enableUnbondedGPIOPullupsFor176Pin
0     0000820c  _Device_enableUnbondedGPIOPullupsFor100Pin
0     00008229  _Device_enableUnbondedGPIOPullups         
0     0000823f  _Device_configureTMXAnalogTrim            
0     00008270  _Device_bootCPU2                          
0     000083ea  ___error__                                
0     000083f1  _Example_setResultPass                    
0     000083f6  _Example_setResultFail                    
0     000083fb  _Example_done                             
0     000084c6  _calculateSpeed                           
0     000084f0  _main                                     
0     0000874e  _PinMux_init                              
0     0000876d  _SCI_init                                 
0     00008770  _mySCI0_init                              
0     000087ad  _intToStrPositive                         
0     000088de  _setupEQEPModule                          
0     0000890e  _Pin_EQEP                                 
0     00008941  _cpuTimer0ISR                             
0     00008994  _cpuTimer1ISR                             
0     00008a93  _initCPUTimers                            
0     00008abe  _configCPUTimer                           
0     00008aec  _PIDController_Init                       
0     00008b0a  _PIDController_Update                     
0     00008c18  _duty_change                              
0     00008c5e  _SysCtl_selectXTAL                        
0     00008ce8  FS$$DIV                                   
0     00008d70  _SysCtl_getDeviceParametric               
0     00008dd8  _sin                                      
0     00008dd8  _sinf                                     
0     00008e3e  _cos                                      
0     00008e3e  _cosf                                     
0     00008ea1  _c_int00                                  
0     00008ef7  _GPIO_setPadConfig                        
0     00008f49  _SysCtl_getClock                          
0     00008f9a  _park_id                                  
0     00008fbf  _park_iq                                  
0     00008fe4  _clark_alpha                              
0     00008feb  _clark_beta                               
0     00009000  _SysCtl_selectOscSource                   
0     00009048  _SCI_clearInterruptStatus                 
0     0000908d  _SCI_setConfig                            
0     000090cb  _Interrupt_initModule                     
0     00009108  _GPIO_setControllerCore                   
0     0000913f  _GPIO_setPinConfig                        
0     00009176  _GPIO_setQualificationMode                
0     000091ad  _Interrupt_enable                         
0     000091e4  _GPIO_setDirectionMode                    
0     00009215  C$$EXIT                                   
0     00009215  _abort                                    
0     00009217  _exit                                     
0     0000923e  _copy_in                                  
0     000092c2  _Interrupt_initVectorTable                
0     000092e0  _memcpy                                   
0     0000934c  _SysCtl_getLowSpeedClock                  
0     000093ec  _CPUTimer_setEmulationMode                
0     00009436  __args_main                               
0     000094a5  __register_unlock                         
0     000094a9  __register_lock                           
0     000094ad  __nop                                     
0     000094bf  __system_pre_init                         
0     000094c1  __system_post_cinit                       
0     0000b19c  _Board_init                               
0     0000b1a5  _PinMux_init_PWM                          
0     0000b1fb  _EPWM_init                                
0     0000b3ba  _SYNC_init                                
0     0000b3d8  _ta_pwm                                   
0     0000b427  _tb_pwm                                   
0     0000b475  _tc_pwm                                   
0     0000b4c7  _initEPWM1                                
0     0000b517  _initEPWM2                                
0     0000b567  _initEPWM3                                
0     0000b5b7  _SysCtl_setClock                          
0     0000b7bd  _SCI_writeCharArray                       
1     00000400  __stack                                   
1     00000500  __STACK_END                               
1     0000ad18  _Example_Result                           
1     0000ad1a  _Example_PassCount                        
1     0000ad1c  _Example_Fail                             
1     0000ad1e  ___TI_enable_exit_profile_output          
1     0000ad20  ___TI_cleanup_ptr                         
1     0000ad22  ___TI_dtors_ptr                           
1     0000ad24  __lock                                    
1     0000ad26  __unlock                                  
1     0000ad28  _onebysqrt3                               
1     0000ad40  _cpuTimer0IntCount                        
1     0000ad41  _tester                                   
1     0000ad42  _seca                                     
1     0000ad43  _secb                                     
1     0000ad44  _secc                                     
1     0000ad46  _prev_pos                                 
1     0000ad48  _ialpha                                   
1     0000ad4a  _ibeta                                    
1     0000ad4c  _id                                       
1     0000ad4e  _iq                                       
1     0000ad50  _ia                                       
1     0000ad52  _ib                                       
1     0000ad54  _speed_motor                              
1     0000ad56  _duty_a                                   
1     0000ad58  _duty_b                                   
1     0000ad5a  _duty_c                                   
1     0000ad5c  _iqref                                    
1     0000ad5e  _vq                                       
1     0000ad60  _idref                                    
1     0000ad62  _vd                                       
1     0000ad64  _id_measured                              
1     0000ad66  _iq_measured                              
1     0000ad68  _Ta                                       
1     0000ad6a  _Tb                                       
1     0000ad6c  _Tc                                       
1     0000ad80  _pid_current_q                            
1     0000ad9c  _pid_speed                                
1     0000adc0  _pid_current_d                            
abs   00000100  __STACK_SIZE                              
abs   ffffffff  .text                                     
abs   ffffffff  ___TI_pprof_out_hndl                      
abs   ffffffff  ___TI_prof_data_size                      
abs   ffffffff  ___TI_prof_data_start                     
abs   ffffffff  ___binit__                                
abs   ffffffff  ___c_args__                               
abs   ffffffff  ___etext__                                
abs   ffffffff  ___pinit__                                
abs   ffffffff  ___text__                                 
abs   ffffffff  binit                                     
abs   ffffffff  etext                                     
abs   ffffffff  pinit                                     

[132 symbols]
